260404 035315.963|CONFIG|qtp537548559-19|log|Now logging to /home/shahd/eclipse-workspace/wti1/logs directory.
260404 035315.963|INFO|qtp537548559-19|log|
260404 035315.964|INFO|qtp537548559-19|log|Version 9.10.0 () Java ver 11.0.30 build 7065 Linux 6.8.0-106-generic (amd64) 
260404 035315.964|INFO|qtp537548559-19|log|Login: judge1 (aka judge1)
260404 035315.964|INFO|qtp537548559-19|log|Working directory is /home/shahd/eclipse-workspace/wti1
260404 035315.965|INFO|qtp537548559-19|log|Process id is 23536@shahoda
260404 035315.965|INFO|qtp537548559-19|log|Contacting server at localhost:50002 as JUDGE1 @ site 0
260404 035315.965|INFO|qtp537548559-19|log|sendLoginRequest start - sending from JUDGE1 @ site 0
260404 035315.965|INFO|qtp537548559-19|log|Sending packet to server Packet[LOGIN_REQUEST] #4 JUDGE1 @ site 0 -> SERVER0 @ site 0
260404 035315.966|INFO|qtp537548559-19|log|Sent    packet to server Packet[LOGIN_REQUEST] #4 JUDGE1 @ site 0 -> SERVER0 @ site 0
260404 035315.966|INFO|Thread-21|log|send(Serializable)
260404 035315.967|INFO|qtp537548559-19|log|sendLoginRequest end - packet sent.
260404 035316.009|INFO|Thread-20|log|receiveUnencrypted(TransportWrapper, ConnectionHandlerID=Socket[addr=localhost/127.0.0.1,port=50002,localport=58604]--8237984516152365501)
260404 035316.013|INFO|Thread-20|log|receiveUnencrypted Made a secret key for Socket[addr=localhost/127.0.0.1,port=50002,localport=58604]--8237984516152365501 key is com.sun.crypto.provider.DESKey@fffe7ca0
260404 035316.013|INFO|Thread-20|log|Generating Unencrypted Public Key Packet
260404 035316.014|INFO|Thread-20|log|checking key:= SunJCE Diffie-Hellman Public Key:
y:
    441d97ce 170050d8 fd7bcfec 5dc57a8e f7f93c40 07e1134e f2e70463 c7f2c8e6
    ed943363 8dc104e2 ffe1852a ac4326b0 db0164d2 f407aa0b 913644a1 c4bc1fdb
    b60d2991 3281a469 8db1dd0a 041f342c 84c780f7 b8d44bc4 f80c3156 ca7caf65
    ac4514ea 3e5bcdf0 0a18f227 d43524e9 38e8fb33 2f1fae22 c86cfec6 b4905763
p:
    f488fd58 4e49dbcd 20b49de4 9107366b 336c380d 451d0f7c 88b31c7c 5b2d8ef6
    f3c923c0 43f0a55b 188d8ebb 558cb85d 38d334fd 7c175743 a31d186c de33212c
    b52aff3c e1b12940 18118d7c 84a70a72 d686c403 19c80729 7aca950c d9969fab
    d00a509b 0246d308 3d66a45d 419f9c7c bd894b22 1926baab a25ec355 e92f78c7
g:
    02
l:
    512
260404 035316.014|INFO|Thread-20|log|packet:= edu.csus.ecs.pc2.core.transport.TransportWrapper@fb69988
260404 035316.068|INFO|Thread-20|log|public void receive(SealedObject TransportPacket, ConnectionHandlerID connectionHandlerID)
260404 035316.073|INFO|Thread-20|log|public void receive(SealedObject TransportPacket, ConnectionHandlerID connectionHandlerID)
260404 035316.073|INFO|Thread-22|log| receiveObject(S) start got Packet[LOGIN] #148 SERVER0 @ site 1 -> SERVER0 @ site 0
260404 035316.077|INFO|Thread-22|log|Packet LOGIN (Seq #148, o#148 ) recieveObject
260404 035316.077|INFO|Thread-22|log|  From: SERVER0 @ site 1, oSERVER0 @ site 1 (shahoda @ 127.0.1.1) (Contest Id: Default--6159007321590187439)
260404 035316.077|INFO|Thread-22|log|    To: SERVER0 @ site 0
260404 035316.078|INFO|Thread-22|log|   key: CONNECTION_HANDLE_ID is: edu.csus.ecs.pc2.core.transport.ConnectionHandlerID Socket[addr=/127.0.0.1,port=58604,localport=50002]-4325164160849189219
260404 035316.078|INFO|Thread-22|log|   key: CLIENT_ID is: edu.csus.ecs.pc2.core.model.ClientId JUDGE1 @ site 1
260404 035316.078|INFO|Thread-22|log|   key: CLIENT_SETTINGS is: edu.csus.ecs.pc2.core.model.ClientSettings edu.csus.ecs.pc2.core.model.ClientSettings@2bd27c2b
260404 035316.078|INFO|Thread-22|log|handlePacket start Packet[LOGIN] #148 SERVER0 @ site 1 -> SERVER0 @ site 0
260404 035316.079|INFO|Thread-22|log|Packet LOGIN (Seq #148, o#148 ) handlePacket
260404 035316.079|INFO|Thread-22|log|  From: SERVER0 @ site 1, oSERVER0 @ site 1 (shahoda @ 127.0.1.1) (Contest Id: Default--6159007321590187439)
260404 035316.079|INFO|Thread-22|log|    To: SERVER0 @ site 0
260404 035316.079|INFO|Thread-22|log|   key: CONNECTION_HANDLE_ID is: edu.csus.ecs.pc2.core.transport.ConnectionHandlerID Socket[addr=/127.0.0.1,port=58604,localport=50002]-4325164160849189219
260404 035316.080|INFO|Thread-22|log|   key: CLIENT_ID is: edu.csus.ecs.pc2.core.model.ClientId JUDGE1 @ site 1
260404 035316.081|INFO|Thread-22|log|   key: CLIENT_SETTINGS is: edu.csus.ecs.pc2.core.model.ClientSettings edu.csus.ecs.pc2.core.model.ClientSettings@2bd27c2b
260404 035316.081|INFO|Thread-22|log|Note: got a LOGIN packet before this site was logged in Packet[LOGIN] #148 SERVER0 @ site 1 -> SERVER0 @ site 0
260404 035316.081|INFO|Thread-22|log|handlePacket end Packet[LOGIN] #148 SERVER0 @ site 1 -> SERVER0 @ site 0
260404 035316.081|INFO|Thread-22|log| receiveObject(S) end   got Packet[LOGIN] #148 SERVER0 @ site 1 -> SERVER0 @ site 0
260404 035316.096|INFO|Thread-23|log| receiveObject(S) start got Packet[LOGIN_SUCCESS] #147 SERVER0 @ site 1 -> JUDGE1 @ site 1
260404 035316.097|INFO|Thread-23|log|Packet LOGIN_SUCCESS (Seq #147, o#147 ) recieveObject
260404 035316.097|INFO|Thread-23|log|  From: SERVER0 @ site 1, oSERVER0 @ site 1 (shahoda @ 127.0.1.1) (Contest Id: Default--6159007321590187439)
260404 035316.097|INFO|Thread-23|log|    To: JUDGE1 @ site 1
260404 035316.097|INFO|Thread-23|log|   key: PROFILE_LIST is: [Ledu.csus.ecs.pc2.core.model.Profile; [Ledu.csus.ecs.pc2.core.model.Profile;@2d03ba80
260404 035316.098|INFO|Thread-23|log|   key: GENERAL_PROBLEM is: edu.csus.ecs.pc2.core.model.Problem General
260404 035316.098|INFO|Thread-23|log|   key: CLIENT_SETTINGS_LIST is: [Ledu.csus.ecs.pc2.core.model.ClientSettings; [Ledu.csus.ecs.pc2.core.model.ClientSettings;@23c45150
260404 035316.098|INFO|Thread-23|log|   key: CONTEST_TIME is: edu.csus.ecs.pc2.core.model.ContestTime edu.csus.ecs.pc2.core.model.ContestTime@27fbd1f0
260404 035316.098|INFO|Thread-23|log|   key: CLARIFICATION_LIST is: [Ledu.csus.ecs.pc2.core.model.Clarification; [Ledu.csus.ecs.pc2.core.model.Clarification;@62f95b6b
260404 035316.098|INFO|Thread-23|log|   key: CATEGORY_LIST is: [Ledu.csus.ecs.pc2.core.model.Category; [Ledu.csus.ecs.pc2.core.model.Category;@529e3a0e
260404 035316.099|INFO|Thread-23|log|   key: LANGUAGE_LIST is: [Ledu.csus.ecs.pc2.core.model.Language; [Ledu.csus.ecs.pc2.core.model.Language;@53d1bfdc
260404 035316.099|INFO|Thread-23|log|   key: REMOTE_LOGGED_IN_USERS is: [Ledu.csus.ecs.pc2.core.model.ClientId; [Ledu.csus.ecs.pc2.core.model.ClientId;@2a5c8007
260404 035316.099|INFO|Thread-23|log|   key: CONTEST_TIME_LIST is: [Ledu.csus.ecs.pc2.core.model.ContestTime; [Ledu.csus.ecs.pc2.core.model.ContestTime;@2d6a424
260404 035316.099|INFO|Thread-23|log|   key: CONNECTION_HANDLE_ID_LIST is: [Ledu.csus.ecs.pc2.core.transport.ConnectionHandlerID; [Ledu.csus.ecs.pc2.core.transport.ConnectionHandlerID;@21bbb03a
260404 035316.100|INFO|Thread-23|log|   key: PROFILE is: edu.csus.ecs.pc2.core.model.Profile Default--6159007321590187439
260404 035316.100|INFO|Thread-23|log|   key: CLIENT_ID is: edu.csus.ecs.pc2.core.model.ClientId JUDGE1 @ site 1
260404 035316.100|INFO|Thread-23|log|   key: SITE_NUMBER is: java.lang.Integer 1
260404 035316.100|INFO|Thread-23|log|   key: CONTEST_INFORMATION is: edu.csus.ecs.pc2.core.model.ContestInformation edu.csus.ecs.pc2.core.model.ContestInformation@7fcad48e
260404 035316.101|INFO|Thread-23|log|   key: SITE_LIST is: [Ledu.csus.ecs.pc2.core.model.Site; [Ledu.csus.ecs.pc2.core.model.Site;@31582fc8
260404 035316.101|INFO|Thread-23|log|   key: PROBLEM_DATA_FILES is: [Ledu.csus.ecs.pc2.core.model.ProblemDataFiles; [Ledu.csus.ecs.pc2.core.model.ProblemDataFiles;@6985a43
260404 035316.101|INFO|Thread-23|log|   key: JUDGEMENT_LIST is: [Ledu.csus.ecs.pc2.core.model.Judgement; [Ledu.csus.ecs.pc2.core.model.Judgement;@7ade00ca
260404 035316.101|INFO|Thread-23|log|   key: PROBLEM_LIST is: [Ledu.csus.ecs.pc2.core.model.Problem; [Ledu.csus.ecs.pc2.core.model.Problem;@5319c5bb
260404 035316.101|INFO|Thread-23|log|   key: GROUP_LIST is: [Ledu.csus.ecs.pc2.core.model.Group; [Ledu.csus.ecs.pc2.core.model.Group;@23cf967f
260404 035316.102|INFO|Thread-23|log|   key: LOCAL_LOGGED_IN_USERS is: [Ledu.csus.ecs.pc2.core.model.ClientId; [Ledu.csus.ecs.pc2.core.model.ClientId;@67419a07
260404 035316.102|INFO|Thread-23|log|   key: SERVER_CLOCK_OFFSET is: java.util.GregorianCalendar java.util.GregorianCalendar[time=1775267596063,areFieldsSet=true,areAllFieldsSet=false,lenient=true,zone=sun.util.calendar.ZoneInfo[id="GMT",offset=0,dstSavings=0,useDaylight=false,transitions=0,lastRule=null],firstDayOfWeek=1,minimalDaysInFirstWeek=1,ERA=1,YEAR=2026,MONTH=3,WEEK_OF_YEAR=14,WEEK_OF_MONTH=1,DAY_OF_MONTH=4,DAY_OF_YEAR=94,DAY_OF_WEEK=7,DAY_OF_WEEK_IN_MONTH=1,AM_PM=0,HOUR=1,HOUR_OF_DAY=1,MINUTE=53,SECOND=16,MILLISECOND=63,ZONE_OFFSET=0,DST_OFFSET=0]
260404 035316.102|INFO|Thread-23|log|   key: CONTEST_IDENTIFIER is: java.lang.String Default--6159007321590187439
260404 035316.102|INFO|Thread-23|log|   key: BALLOON_SETTINGS_LIST is: [Ledu.csus.ecs.pc2.core.model.BalloonSettings; [Ledu.csus.ecs.pc2.core.model.BalloonSettings;@6d130e75
260404 035316.103|INFO|Thread-23|log|   key: RUN_LIST is: [Ledu.csus.ecs.pc2.core.model.Run; [Ledu.csus.ecs.pc2.core.model.Run;@703a2a71
260404 035316.103|INFO|Thread-23|log|   key: ACCOUNT_ARRAY is: [Ledu.csus.ecs.pc2.core.model.Account; [Ledu.csus.ecs.pc2.core.model.Account;@2f193667
260404 035316.103|INFO|Thread-23|log|handlePacket start Packet[LOGIN_SUCCESS] #147 SERVER0 @ site 1 -> JUDGE1 @ site 1
260404 035316.103|INFO|Thread-23|log|Packet LOGIN_SUCCESS (Seq #147, o#147 ) handlePacket
260404 035316.104|INFO|Thread-23|log|  From: SERVER0 @ site 1, oSERVER0 @ site 1 (shahoda @ 127.0.1.1) (Contest Id: Default--6159007321590187439)
260404 035316.104|INFO|Thread-23|log|    To: JUDGE1 @ site 1
260404 035316.104|INFO|Thread-23|log|   key: PROFILE_LIST is: [Ledu.csus.ecs.pc2.core.model.Profile; [Ledu.csus.ecs.pc2.core.model.Profile;@2d03ba80
260404 035316.104|INFO|Thread-23|log|   key: GENERAL_PROBLEM is: edu.csus.ecs.pc2.core.model.Problem General
260404 035316.105|INFO|Thread-23|log|   key: CLIENT_SETTINGS_LIST is: [Ledu.csus.ecs.pc2.core.model.ClientSettings; [Ledu.csus.ecs.pc2.core.model.ClientSettings;@23c45150
260404 035316.105|INFO|Thread-23|log|   key: CONTEST_TIME is: edu.csus.ecs.pc2.core.model.ContestTime edu.csus.ecs.pc2.core.model.ContestTime@27fbd1f0
260404 035316.105|INFO|Thread-23|log|   key: CLARIFICATION_LIST is: [Ledu.csus.ecs.pc2.core.model.Clarification; [Ledu.csus.ecs.pc2.core.model.Clarification;@62f95b6b
260404 035316.105|INFO|Thread-23|log|   key: CATEGORY_LIST is: [Ledu.csus.ecs.pc2.core.model.Category; [Ledu.csus.ecs.pc2.core.model.Category;@529e3a0e
260404 035316.105|INFO|Thread-23|log|   key: LANGUAGE_LIST is: [Ledu.csus.ecs.pc2.core.model.Language; [Ledu.csus.ecs.pc2.core.model.Language;@53d1bfdc
260404 035316.105|INFO|Thread-23|log|   key: REMOTE_LOGGED_IN_USERS is: [Ledu.csus.ecs.pc2.core.model.ClientId; [Ledu.csus.ecs.pc2.core.model.ClientId;@2a5c8007
260404 035316.106|INFO|Thread-23|log|   key: CONTEST_TIME_LIST is: [Ledu.csus.ecs.pc2.core.model.ContestTime; [Ledu.csus.ecs.pc2.core.model.ContestTime;@2d6a424
260404 035316.106|INFO|Thread-23|log|   key: CONNECTION_HANDLE_ID_LIST is: [Ledu.csus.ecs.pc2.core.transport.ConnectionHandlerID; [Ledu.csus.ecs.pc2.core.transport.ConnectionHandlerID;@21bbb03a
260404 035316.106|INFO|Thread-23|log|   key: PROFILE is: edu.csus.ecs.pc2.core.model.Profile Default--6159007321590187439
260404 035316.106|INFO|Thread-23|log|   key: CLIENT_ID is: edu.csus.ecs.pc2.core.model.ClientId JUDGE1 @ site 1
260404 035316.106|INFO|Thread-23|log|   key: SITE_NUMBER is: java.lang.Integer 1
260404 035316.107|INFO|Thread-23|log|   key: CONTEST_INFORMATION is: edu.csus.ecs.pc2.core.model.ContestInformation edu.csus.ecs.pc2.core.model.ContestInformation@7fcad48e
260404 035316.107|INFO|Thread-23|log|   key: SITE_LIST is: [Ledu.csus.ecs.pc2.core.model.Site; [Ledu.csus.ecs.pc2.core.model.Site;@31582fc8
260404 035316.107|INFO|Thread-23|log|   key: PROBLEM_DATA_FILES is: [Ledu.csus.ecs.pc2.core.model.ProblemDataFiles; [Ledu.csus.ecs.pc2.core.model.ProblemDataFiles;@6985a43
260404 035316.107|INFO|Thread-23|log|   key: JUDGEMENT_LIST is: [Ledu.csus.ecs.pc2.core.model.Judgement; [Ledu.csus.ecs.pc2.core.model.Judgement;@7ade00ca
260404 035316.107|INFO|Thread-23|log|   key: PROBLEM_LIST is: [Ledu.csus.ecs.pc2.core.model.Problem; [Ledu.csus.ecs.pc2.core.model.Problem;@5319c5bb
260404 035316.108|INFO|Thread-23|log|   key: GROUP_LIST is: [Ledu.csus.ecs.pc2.core.model.Group; [Ledu.csus.ecs.pc2.core.model.Group;@23cf967f
260404 035316.108|INFO|Thread-23|log|   key: LOCAL_LOGGED_IN_USERS is: [Ledu.csus.ecs.pc2.core.model.ClientId; [Ledu.csus.ecs.pc2.core.model.ClientId;@67419a07
260404 035316.108|INFO|Thread-23|log|   key: SERVER_CLOCK_OFFSET is: java.util.GregorianCalendar java.util.GregorianCalendar[time=1775267596063,areFieldsSet=true,areAllFieldsSet=false,lenient=true,zone=sun.util.calendar.ZoneInfo[id="GMT",offset=0,dstSavings=0,useDaylight=false,transitions=0,lastRule=null],firstDayOfWeek=1,minimalDaysInFirstWeek=1,ERA=1,YEAR=2026,MONTH=3,WEEK_OF_YEAR=14,WEEK_OF_MONTH=1,DAY_OF_MONTH=4,DAY_OF_YEAR=94,DAY_OF_WEEK=7,DAY_OF_WEEK_IN_MONTH=1,AM_PM=0,HOUR=1,HOUR_OF_DAY=1,MINUTE=53,SECOND=16,MILLISECOND=63,ZONE_OFFSET=0,DST_OFFSET=0]
260404 035316.108|INFO|Thread-23|log|   key: CONTEST_IDENTIFIER is: java.lang.String Default--6159007321590187439
260404 035316.109|INFO|Thread-23|log|   key: BALLOON_SETTINGS_LIST is: [Ledu.csus.ecs.pc2.core.model.BalloonSettings; [Ledu.csus.ecs.pc2.core.model.BalloonSettings;@6d130e75
260404 035316.109|INFO|Thread-23|log|   key: RUN_LIST is: [Ledu.csus.ecs.pc2.core.model.Run; [Ledu.csus.ecs.pc2.core.model.Run;@703a2a71
260404 035316.109|INFO|Thread-23|log|   key: ACCOUNT_ARRAY is: [Ledu.csus.ecs.pc2.core.model.Account; [Ledu.csus.ecs.pc2.core.model.Account;@2f193667
260404 035316.473|INFO|Thread-24|log|send(Serializable)
260404 035316.521|INFO|Thread-20|log|connectionDropped(ConnectionHandlerID myConnectionID) 
260404 035641.058|CONFIG|qtp537548559-15|log|Now logging to /home/shahd/eclipse-workspace/wti1/logs directory.
260404 035641.060|INFO|qtp537548559-15|log|
260404 035641.061|INFO|qtp537548559-15|log|Version 9.10.0 () Java ver 11.0.30 build 7065 Linux 6.8.0-106-generic (amd64) 
260404 035641.062|INFO|qtp537548559-15|log|Login: judge1 (aka judge1)
260404 035641.062|INFO|qtp537548559-15|log|Working directory is /home/shahd/eclipse-workspace/wti1
260404 035641.062|INFO|qtp537548559-15|log|Process id is 24135@shahoda
260404 035641.063|INFO|qtp537548559-15|log|Contacting server at localhost:50002 as JUDGE1 @ site 0
260404 035641.063|INFO|qtp537548559-15|log|sendLoginRequest start - sending from JUDGE1 @ site 0
260404 035641.064|INFO|qtp537548559-15|log|Sending packet to server Packet[LOGIN_REQUEST] #3 JUDGE1 @ site 0 -> SERVER0 @ site 0
260404 035641.064|INFO|qtp537548559-15|log|Sent    packet to server Packet[LOGIN_REQUEST] #3 JUDGE1 @ site 0 -> SERVER0 @ site 0
260404 035641.064|INFO|Thread-17|log|send(Serializable)
260404 035641.065|INFO|qtp537548559-15|log|sendLoginRequest end - packet sent.
260404 035641.101|INFO|Thread-16|log|receiveUnencrypted(TransportWrapper, ConnectionHandlerID=Socket[addr=localhost/127.0.0.1,port=50002,localport=53162]--9122527746271561025)
260404 035641.107|INFO|Thread-16|log|receiveUnencrypted Made a secret key for Socket[addr=localhost/127.0.0.1,port=50002,localport=53162]--9122527746271561025 key is com.sun.crypto.provider.DESKey@fffe7915
260404 035641.108|INFO|Thread-16|log|Generating Unencrypted Public Key Packet
260404 035641.109|INFO|Thread-16|log|checking key:= SunJCE Diffie-Hellman Public Key:
y:
    c3b1c07f 863a3ae8 838ddb68 5084c622 84ee396d b44b2dd2 32348661 0a4e927c
    95be74c6 0380c8ed b93c5c1e a750de9c e55003a4 4c954935 919109a3 29f1d1b6
    252c9a20 9c5a5cb2 1c15147f e6907aaf ae4cf44a 5c6617a6 f0dcb0d6 c2e9fa78
    612948a9 64016a31 079f30c6 4360f7d5 8b4dceee c8313ae4 626fc23d 7da7e9ea
p:
    f488fd58 4e49dbcd 20b49de4 9107366b 336c380d 451d0f7c 88b31c7c 5b2d8ef6
    f3c923c0 43f0a55b 188d8ebb 558cb85d 38d334fd 7c175743 a31d186c de33212c
    b52aff3c e1b12940 18118d7c 84a70a72 d686c403 19c80729 7aca950c d9969fab
    d00a509b 0246d308 3d66a45d 419f9c7c bd894b22 1926baab a25ec355 e92f78c7
g:
    02
l:
    512
260404 035641.109|INFO|Thread-16|log|packet:= edu.csus.ecs.pc2.core.transport.TransportWrapper@699688c2
260404 035641.164|INFO|Thread-16|log|public void receive(SealedObject TransportPacket, ConnectionHandlerID connectionHandlerID)
260404 035641.169|INFO|Thread-16|log|public void receive(SealedObject TransportPacket, ConnectionHandlerID connectionHandlerID)
260404 035641.169|INFO|Thread-18|log| receiveObject(S) start got Packet[LOGIN] #165 SERVER0 @ site 1 -> SERVER0 @ site 0
260404 035641.170|INFO|Thread-18|log|Packet LOGIN (Seq #165, o#165 ) recieveObject
260404 035641.170|INFO|Thread-18|log|  From: SERVER0 @ site 1, oSERVER0 @ site 1 (shahoda @ 127.0.1.1) (Contest Id: Default--6159007321590187439)
260404 035641.171|INFO|Thread-18|log|    To: SERVER0 @ site 0
260404 035641.171|INFO|Thread-18|log|   key: CONNECTION_HANDLE_ID is: edu.csus.ecs.pc2.core.transport.ConnectionHandlerID Socket[addr=/127.0.0.1,port=53162,localport=50002]-2841826821972867600
260404 035641.171|INFO|Thread-18|log|   key: CLIENT_ID is: edu.csus.ecs.pc2.core.model.ClientId JUDGE1 @ site 1
260404 035641.171|INFO|Thread-18|log|   key: CLIENT_SETTINGS is: edu.csus.ecs.pc2.core.model.ClientSettings edu.csus.ecs.pc2.core.model.ClientSettings@49a3765f
260404 035641.172|INFO|Thread-18|log|handlePacket start Packet[LOGIN] #165 SERVER0 @ site 1 -> SERVER0 @ site 0
260404 035641.172|INFO|Thread-18|log|Packet LOGIN (Seq #165, o#165 ) handlePacket
260404 035641.172|INFO|Thread-18|log|  From: SERVER0 @ site 1, oSERVER0 @ site 1 (shahoda @ 127.0.1.1) (Contest Id: Default--6159007321590187439)
260404 035641.173|INFO|Thread-18|log|    To: SERVER0 @ site 0
260404 035641.173|INFO|Thread-18|log|   key: CONNECTION_HANDLE_ID is: edu.csus.ecs.pc2.core.transport.ConnectionHandlerID Socket[addr=/127.0.0.1,port=53162,localport=50002]-2841826821972867600
260404 035641.173|INFO|Thread-18|log|   key: CLIENT_ID is: edu.csus.ecs.pc2.core.model.ClientId JUDGE1 @ site 1
260404 035641.173|INFO|Thread-18|log|   key: CLIENT_SETTINGS is: edu.csus.ecs.pc2.core.model.ClientSettings edu.csus.ecs.pc2.core.model.ClientSettings@49a3765f
260404 035641.173|INFO|Thread-18|log|Note: got a LOGIN packet before this site was logged in Packet[LOGIN] #165 SERVER0 @ site 1 -> SERVER0 @ site 0
260404 035641.174|INFO|Thread-18|log|handlePacket end Packet[LOGIN] #165 SERVER0 @ site 1 -> SERVER0 @ site 0
260404 035641.174|INFO|Thread-18|log| receiveObject(S) end   got Packet[LOGIN] #165 SERVER0 @ site 1 -> SERVER0 @ site 0
260404 035641.194|INFO|Thread-19|log| receiveObject(S) start got Packet[LOGIN_SUCCESS] #164 SERVER0 @ site 1 -> JUDGE1 @ site 1
260404 035641.194|INFO|Thread-19|log|Packet LOGIN_SUCCESS (Seq #164, o#164 ) recieveObject
260404 035641.195|INFO|Thread-19|log|  From: SERVER0 @ site 1, oSERVER0 @ site 1 (shahoda @ 127.0.1.1) (Contest Id: Default--6159007321590187439)
260404 035641.195|INFO|Thread-19|log|    To: JUDGE1 @ site 1
260404 035641.195|INFO|Thread-19|log|   key: PROFILE_LIST is: [Ledu.csus.ecs.pc2.core.model.Profile; [Ledu.csus.ecs.pc2.core.model.Profile;@12643227
260404 035641.195|INFO|Thread-19|log|   key: GENERAL_PROBLEM is: edu.csus.ecs.pc2.core.model.Problem General
260404 035641.196|INFO|Thread-19|log|   key: CLIENT_SETTINGS_LIST is: [Ledu.csus.ecs.pc2.core.model.ClientSettings; [Ledu.csus.ecs.pc2.core.model.ClientSettings;@1ca3ce1b
260404 035641.196|INFO|Thread-19|log|   key: CONTEST_TIME is: edu.csus.ecs.pc2.core.model.ContestTime edu.csus.ecs.pc2.core.model.ContestTime@189c5957
260404 035641.196|INFO|Thread-19|log|   key: CLARIFICATION_LIST is: [Ledu.csus.ecs.pc2.core.model.Clarification; [Ledu.csus.ecs.pc2.core.model.Clarification;@5d9ec420
260404 035641.197|INFO|Thread-19|log|   key: CATEGORY_LIST is: [Ledu.csus.ecs.pc2.core.model.Category; [Ledu.csus.ecs.pc2.core.model.Category;@6e5820be
260404 035641.197|INFO|Thread-19|log|   key: LANGUAGE_LIST is: [Ledu.csus.ecs.pc2.core.model.Language; [Ledu.csus.ecs.pc2.core.model.Language;@6c09f878
260404 035641.197|INFO|Thread-19|log|   key: REMOTE_LOGGED_IN_USERS is: [Ledu.csus.ecs.pc2.core.model.ClientId; [Ledu.csus.ecs.pc2.core.model.ClientId;@1625424f
260404 035641.197|INFO|Thread-19|log|   key: CONTEST_TIME_LIST is: [Ledu.csus.ecs.pc2.core.model.ContestTime; [Ledu.csus.ecs.pc2.core.model.ContestTime;@3db13b6f
260404 035641.198|INFO|Thread-19|log|   key: CONNECTION_HANDLE_ID_LIST is: [Ledu.csus.ecs.pc2.core.transport.ConnectionHandlerID; [Ledu.csus.ecs.pc2.core.transport.ConnectionHandlerID;@12c3b1b7
260404 035641.198|INFO|Thread-19|log|   key: PROFILE is: edu.csus.ecs.pc2.core.model.Profile Default--6159007321590187439
260404 035641.198|INFO|Thread-19|log|   key: CLIENT_ID is: edu.csus.ecs.pc2.core.model.ClientId JUDGE1 @ site 1
260404 035641.199|INFO|Thread-19|log|   key: SITE_NUMBER is: java.lang.Integer 1
260404 035641.199|INFO|Thread-19|log|   key: CONTEST_INFORMATION is: edu.csus.ecs.pc2.core.model.ContestInformation edu.csus.ecs.pc2.core.model.ContestInformation@312a41af
260404 035641.199|INFO|Thread-19|log|   key: SITE_LIST is: [Ledu.csus.ecs.pc2.core.model.Site; [Ledu.csus.ecs.pc2.core.model.Site;@d214aff
260404 035641.199|INFO|Thread-19|log|   key: PROBLEM_DATA_FILES is: [Ledu.csus.ecs.pc2.core.model.ProblemDataFiles; [Ledu.csus.ecs.pc2.core.model.ProblemDataFiles;@39ff6277
260404 035641.200|INFO|Thread-19|log|   key: JUDGEMENT_LIST is: [Ledu.csus.ecs.pc2.core.model.Judgement; [Ledu.csus.ecs.pc2.core.model.Judgement;@36be32f6
260404 035641.200|INFO|Thread-19|log|   key: PROBLEM_LIST is: [Ledu.csus.ecs.pc2.core.model.Problem; [Ledu.csus.ecs.pc2.core.model.Problem;@55fa3ab7
260404 035641.200|INFO|Thread-19|log|   key: GROUP_LIST is: [Ledu.csus.ecs.pc2.core.model.Group; [Ledu.csus.ecs.pc2.core.model.Group;@528be445
260404 035641.201|INFO|Thread-19|log|   key: LOCAL_LOGGED_IN_USERS is: [Ledu.csus.ecs.pc2.core.model.ClientId; [Ledu.csus.ecs.pc2.core.model.ClientId;@1025c8b9
260404 035641.201|INFO|Thread-19|log|   key: SERVER_CLOCK_OFFSET is: java.util.GregorianCalendar java.util.GregorianCalendar[time=1775267801159,areFieldsSet=true,areAllFieldsSet=false,lenient=true,zone=sun.util.calendar.ZoneInfo[id="GMT",offset=0,dstSavings=0,useDaylight=false,transitions=0,lastRule=null],firstDayOfWeek=1,minimalDaysInFirstWeek=1,ERA=1,YEAR=2026,MONTH=3,WEEK_OF_YEAR=14,WEEK_OF_MONTH=1,DAY_OF_MONTH=4,DAY_OF_YEAR=94,DAY_OF_WEEK=7,DAY_OF_WEEK_IN_MONTH=1,AM_PM=0,HOUR=1,HOUR_OF_DAY=1,MINUTE=56,SECOND=41,MILLISECOND=159,ZONE_OFFSET=0,DST_OFFSET=0]
260404 035641.201|INFO|Thread-19|log|   key: CONTEST_IDENTIFIER is: java.lang.String Default--6159007321590187439
260404 035641.204|INFO|Thread-19|log|   key: BALLOON_SETTINGS_LIST is: [Ledu.csus.ecs.pc2.core.model.BalloonSettings; [Ledu.csus.ecs.pc2.core.model.BalloonSettings;@574b71c9
260404 035641.205|INFO|Thread-19|log|   key: RUN_LIST is: [Ledu.csus.ecs.pc2.core.model.Run; [Ledu.csus.ecs.pc2.core.model.Run;@5360c615
260404 035641.206|INFO|Thread-19|log|   key: ACCOUNT_ARRAY is: [Ledu.csus.ecs.pc2.core.model.Account; [Ledu.csus.ecs.pc2.core.model.Account;@5e44b9f0
260404 035641.206|INFO|Thread-19|log|handlePacket start Packet[LOGIN_SUCCESS] #164 SERVER0 @ site 1 -> JUDGE1 @ site 1
260404 035641.206|INFO|Thread-19|log|Packet LOGIN_SUCCESS (Seq #164, o#164 ) handlePacket
260404 035641.207|INFO|Thread-19|log|  From: SERVER0 @ site 1, oSERVER0 @ site 1 (shahoda @ 127.0.1.1) (Contest Id: Default--6159007321590187439)
260404 035641.207|INFO|Thread-19|log|    To: JUDGE1 @ site 1
260404 035641.207|INFO|Thread-19|log|   key: PROFILE_LIST is: [Ledu.csus.ecs.pc2.core.model.Profile; [Ledu.csus.ecs.pc2.core.model.Profile;@12643227
260404 035641.207|INFO|Thread-19|log|   key: GENERAL_PROBLEM is: edu.csus.ecs.pc2.core.model.Problem General
260404 035641.207|INFO|Thread-19|log|   key: CLIENT_SETTINGS_LIST is: [Ledu.csus.ecs.pc2.core.model.ClientSettings; [Ledu.csus.ecs.pc2.core.model.ClientSettings;@1ca3ce1b
260404 035641.208|INFO|Thread-19|log|   key: CONTEST_TIME is: edu.csus.ecs.pc2.core.model.ContestTime edu.csus.ecs.pc2.core.model.ContestTime@189c5957
260404 035641.208|INFO|Thread-19|log|   key: CLARIFICATION_LIST is: [Ledu.csus.ecs.pc2.core.model.Clarification; [Ledu.csus.ecs.pc2.core.model.Clarification;@5d9ec420
260404 035641.208|INFO|Thread-19|log|   key: CATEGORY_LIST is: [Ledu.csus.ecs.pc2.core.model.Category; [Ledu.csus.ecs.pc2.core.model.Category;@6e5820be
260404 035641.208|INFO|Thread-19|log|   key: LANGUAGE_LIST is: [Ledu.csus.ecs.pc2.core.model.Language; [Ledu.csus.ecs.pc2.core.model.Language;@6c09f878
260404 035641.209|INFO|Thread-19|log|   key: REMOTE_LOGGED_IN_USERS is: [Ledu.csus.ecs.pc2.core.model.ClientId; [Ledu.csus.ecs.pc2.core.model.ClientId;@1625424f
260404 035641.209|INFO|Thread-19|log|   key: CONTEST_TIME_LIST is: [Ledu.csus.ecs.pc2.core.model.ContestTime; [Ledu.csus.ecs.pc2.core.model.ContestTime;@3db13b6f
260404 035641.209|INFO|Thread-19|log|   key: CONNECTION_HANDLE_ID_LIST is: [Ledu.csus.ecs.pc2.core.transport.ConnectionHandlerID; [Ledu.csus.ecs.pc2.core.transport.ConnectionHandlerID;@12c3b1b7
260404 035641.210|INFO|Thread-19|log|   key: PROFILE is: edu.csus.ecs.pc2.core.model.Profile Default--6159007321590187439
260404 035641.210|INFO|Thread-19|log|   key: CLIENT_ID is: edu.csus.ecs.pc2.core.model.ClientId JUDGE1 @ site 1
260404 035641.211|INFO|Thread-19|log|   key: SITE_NUMBER is: java.lang.Integer 1
260404 035641.211|INFO|Thread-19|log|   key: CONTEST_INFORMATION is: edu.csus.ecs.pc2.core.model.ContestInformation edu.csus.ecs.pc2.core.model.ContestInformation@312a41af
260404 035641.211|INFO|Thread-19|log|   key: SITE_LIST is: [Ledu.csus.ecs.pc2.core.model.Site; [Ledu.csus.ecs.pc2.core.model.Site;@d214aff
260404 035641.211|INFO|Thread-19|log|   key: PROBLEM_DATA_FILES is: [Ledu.csus.ecs.pc2.core.model.ProblemDataFiles; [Ledu.csus.ecs.pc2.core.model.ProblemDataFiles;@39ff6277
260404 035641.212|INFO|Thread-19|log|   key: JUDGEMENT_LIST is: [Ledu.csus.ecs.pc2.core.model.Judgement; [Ledu.csus.ecs.pc2.core.model.Judgement;@36be32f6
260404 035641.212|INFO|Thread-19|log|   key: PROBLEM_LIST is: [Ledu.csus.ecs.pc2.core.model.Problem; [Ledu.csus.ecs.pc2.core.model.Problem;@55fa3ab7
260404 035641.212|INFO|Thread-19|log|   key: GROUP_LIST is: [Ledu.csus.ecs.pc2.core.model.Group; [Ledu.csus.ecs.pc2.core.model.Group;@528be445
260404 035641.212|INFO|Thread-19|log|   key: LOCAL_LOGGED_IN_USERS is: [Ledu.csus.ecs.pc2.core.model.ClientId; [Ledu.csus.ecs.pc2.core.model.ClientId;@1025c8b9
260404 035641.213|INFO|Thread-19|log|   key: SERVER_CLOCK_OFFSET is: java.util.GregorianCalendar java.util.GregorianCalendar[time=1775267801159,areFieldsSet=true,areAllFieldsSet=false,lenient=true,zone=sun.util.calendar.ZoneInfo[id="GMT",offset=0,dstSavings=0,useDaylight=false,transitions=0,lastRule=null],firstDayOfWeek=1,minimalDaysInFirstWeek=1,ERA=1,YEAR=2026,MONTH=3,WEEK_OF_YEAR=14,WEEK_OF_MONTH=1,DAY_OF_MONTH=4,DAY_OF_YEAR=94,DAY_OF_WEEK=7,DAY_OF_WEEK_IN_MONTH=1,AM_PM=0,HOUR=1,HOUR_OF_DAY=1,MINUTE=56,SECOND=41,MILLISECOND=159,ZONE_OFFSET=0,DST_OFFSET=0]
260404 035641.213|INFO|Thread-19|log|   key: CONTEST_IDENTIFIER is: java.lang.String Default--6159007321590187439
260404 035641.213|INFO|Thread-19|log|   key: BALLOON_SETTINGS_LIST is: [Ledu.csus.ecs.pc2.core.model.BalloonSettings; [Ledu.csus.ecs.pc2.core.model.BalloonSettings;@574b71c9
260404 035641.213|INFO|Thread-19|log|   key: RUN_LIST is: [Ledu.csus.ecs.pc2.core.model.Run; [Ledu.csus.ecs.pc2.core.model.Run;@5360c615
260404 035641.214|INFO|Thread-19|log|   key: ACCOUNT_ARRAY is: [Ledu.csus.ecs.pc2.core.model.Account; [Ledu.csus.ecs.pc2.core.model.Account;@5e44b9f0
260404 035641.575|INFO|Thread-20|log|send(Serializable)
260404 035641.625|INFO|Thread-16|log|connectionDropped(ConnectionHandlerID myConnectionID) 
