260410 200824.316|CONFIG|qtp1607460018-26|log|Now logging to C:\Users\Lenovo\git\2shahds_WCF_2026\logs directory.
260410 200824.317|INFO|qtp1607460018-26|log|
260410 200824.317|INFO|qtp1607460018-26|log|Version 9.10.0 () Java ver 1.8.0_51 build 7065 Windows 8.1 6.3 (amd64) 
260410 200824.318|INFO|qtp1607460018-26|log|Working directory is C:\Users\Lenovo\git\2shahds_WCF_2026
260410 200824.319|INFO|qtp1607460018-26|log|Process id is 18532@lilsaados
260410 200824.319|INFO|qtp1607460018-26|log|Starting ConnectionManager...
260410 200824.324|INFO|qtp1607460018-26|log|Started ConnectionManager
260410 200824.361|SEVERE|qtp1607460018-26|log|Cannot start PC^2, pc2v9.ini file not found in C:\Users\Lenovo\git\2shahds_WCF_2026
260410 200824.362|INFO|qtp1607460018-26|log|Contacting server at localhost:50002
260410 200824.362|INFO|qtp1607460018-26|log|Connecting to localhost:50002
260410 200824.371|INFO|Thread-24|log|receiveUnencrypted(TransportWrapper, ConnectionHandlerID=Socket[addr=localhost/127.0.0.1,port=50002,localport=60960]-3238866601967251735)
260410 200843.966|INFO|Thread-24|log|EOFException in receive for Socket[addr=localhost/127.0.0.1,port=50002,localport=60960]-3238866601967251735
|java.io.EOFException: null
|    at java.io.ObjectInputStream$BlockDataInputStream.peekByte (Unknown Source)
|    at java.io.ObjectInputStream.readObject0 (Unknown Source)
|    at java.io.ObjectInputStream.readObject (Unknown Source)
|    at edu.csus.ecs.pc2.core.transport.ConnectionHandlerThread.receive (ConnectionHandlerThread.java:152)
|    at edu.csus.ecs.pc2.core.transport.ConnectionHandlerClientThread.run (ConnectionHandlerClientThread.java:66)
260410 200843.966|FINER|Thread-24|run|THROW
|edu.csus.ecs.pc2.core.transport.TransportException: null
|    at edu.csus.ecs.pc2.core.transport.ConnectionHandlerThread.receive (ConnectionHandlerThread.java:159)
|    at edu.csus.ecs.pc2.core.transport.ConnectionHandlerClientThread.run (ConnectionHandlerClientThread.java:66)
260410 200843.968|FINER|Thread-24|run - e.getmessage is null()|THROW
|edu.csus.ecs.pc2.core.transport.TransportException: null
|    at edu.csus.ecs.pc2.core.transport.ConnectionHandlerThread.receive (ConnectionHandlerThread.java:159)
|    at edu.csus.ecs.pc2.core.transport.ConnectionHandlerClientThread.run (ConnectionHandlerClientThread.java:66)
