260410 151618.982|CONFIG|qtp1607460018-17|log|Now logging to C:\Users\Lenovo\git\2shahds_WCF_2026\logs directory.
260410 151618.983|INFO|qtp1607460018-17|log|
260410 151618.983|INFO|qtp1607460018-17|log|Version 9.10.0 () Java ver 1.8.0_51 build 7065 Windows 8.1 6.3 (amd64) 
260410 151618.985|INFO|qtp1607460018-17|log|Working directory is C:\Users\Lenovo\git\2shahds_WCF_2026
260410 151618.986|INFO|qtp1607460018-17|log|Process id is 10816@lilsaados
260410 151618.987|INFO|qtp1607460018-17|log|Starting ConnectionManager...
260410 151618.990|INFO|qtp1607460018-17|log|Started ConnectionManager
260410 151619.026|SEVERE|qtp1607460018-17|log|Cannot start PC^2, pc2v9.ini file not found in C:\Users\Lenovo\git\2shahds_WCF_2026
260410 151619.027|INFO|qtp1607460018-17|log|Contacting server at localhost:50002
260410 151619.027|INFO|qtp1607460018-17|log|Connecting to localhost:50002
260410 151619.039|INFO|Thread-21|log|receiveUnencrypted(TransportWrapper, ConnectionHandlerID=Socket[addr=localhost/127.0.0.1,port=50002,localport=52166]-753510045538303033)
260410 151619.050|INFO|Thread-21|log|receiveUnencrypted Made a secret key for Socket[addr=localhost/127.0.0.1,port=50002,localport=52166]-753510045538303033 key is com.sun.crypto.provider.DESKey@fffe7a05
260410 151619.050|INFO|Thread-21|log|Generating Unencrypted Public Key Packet
260410 151619.051|INFO|Thread-21|log|checking key:= SunJCE Diffie-Hellman Public Key:
y:
    6ba4b52c 6f96be2c 9ea6ad51 4c8ca088 f64aac06 60701a7c b4345f5d 65ad3d08
    fd5f3855 7f2618e1 57f26612 37adcb67 01d54ab4 ca074f22 c10c55de eebda861
    299cc4ab 60d84fd7 e1e9bde0 2d304d16 1bb9a648 7cc5a242 eee750bc 7d57e6ea
    06e1fb0a ad4792b7 ffb80ef7 9b2a5f58 db5bf3e9 34b981dd 921ddd86 b02d210b
p:
    f488fd58 4e49dbcd 20b49de4 9107366b 336c380d 451d0f7c 88b31c7c 5b2d8ef6
    f3c923c0 43f0a55b 188d8ebb 558cb85d 38d334fd 7c175743 a31d186c de33212c
    b52aff3c e1b12940 18118d7c 84a70a72 d686c403 19c80729 7aca950c d9969fab
    d00a509b 0246d308 3d66a45d 419f9c7c bd894b22 1926baab a25ec355 e92f78c7
g:
    02
l:
    512
