260327 053442.576|CONFIG|qtp537548559-12|log|Now logging to /home/shahd/eclipse-workspace/wti1/logs directory.
260327 053442.577|INFO|qtp537548559-12|log|
260327 053442.579|INFO|qtp537548559-12|log|Version 9.10.0 () Java ver 11.0.30 build 7065 Linux 6.8.0-106-generic (amd64) 
260327 053442.580|INFO|qtp537548559-12|log|Working directory is /home/shahd/eclipse-workspace/wti1
260327 053442.592|INFO|qtp537548559-12|log|Process id is 18194@shahoda
260327 053442.594|INFO|qtp537548559-12|log|Starting ConnectionManager...
260327 053442.677|INFO|qtp537548559-12|log|Started ConnectionManager
260327 053442.678|SEVERE|qtp537548559-12|log|Cannot start PC^2, pc2v9.ini file not found in /home/shahd/eclipse-workspace/wti1
260327 053442.679|INFO|qtp537548559-12|log|Contacting server at localhost:50002
260327 053442.680|INFO|qtp537548559-12|log|Connecting to localhost:50002
260327 053452.692|INFO|Thread-11|log|EOFException in receive for Socket[addr=localhost/127.0.0.1,port=50002,localport=43114]-8065383423331805299
|java.io.EOFException: null
|    at java.io.ObjectInputStream$BlockDataInputStream.peekByte (ObjectInputStream.java:3210)
|    at java.io.ObjectInputStream.readObject0 (ObjectInputStream.java:1638)
|    at java.io.ObjectInputStream.readObject (ObjectInputStream.java:489)
|    at java.io.ObjectInputStream.readObject (ObjectInputStream.java:447)
|    at edu.csus.ecs.pc2.core.transport.ConnectionHandlerThread.receive (ConnectionHandlerThread.java:152)
|    at edu.csus.ecs.pc2.core.transport.ConnectionHandlerClientThread.run (ConnectionHandlerClientThread.java:66)
260327 053452.699|FINER|Thread-11|run|THROW
|edu.csus.ecs.pc2.core.transport.TransportException: null
|    at edu.csus.ecs.pc2.core.transport.ConnectionHandlerThread.receive (ConnectionHandlerThread.java:159)
|    at edu.csus.ecs.pc2.core.transport.ConnectionHandlerClientThread.run (ConnectionHandlerClientThread.java:66)
260327 053452.700|FINER|Thread-11|run - e.getmessage is null()|THROW
|edu.csus.ecs.pc2.core.transport.TransportException: null
|    at edu.csus.ecs.pc2.core.transport.ConnectionHandlerThread.receive (ConnectionHandlerThread.java:159)
|    at edu.csus.ecs.pc2.core.transport.ConnectionHandlerClientThread.run (ConnectionHandlerClientThread.java:66)
