260319 152655.504|CONFIG|qtp1890627974-63|log|Now logging to C:\Users\Shahd\git\2shahds_WCF_2026\logs directory.
260319 152655.504|INFO|qtp1890627974-63|log|
260319 152655.505|INFO|qtp1890627974-63|log|Version 9.10.0 () Java ver 21.0.8 build 7065 Windows 11 10.0 (amd64) 
260319 152655.515|INFO|qtp1890627974-63|log|Working directory is C:\Users\Shahd\git\2shahds_WCF_2026
260319 152655.516|INFO|qtp1890627974-63|log|Process id is 40728@DESKTOP-5EPLK95
260319 152655.517|INFO|qtp1890627974-63|log|Starting ConnectionManager...
260319 152655.520|INFO|qtp1890627974-63|log|Started ConnectionManager
260319 152655.522|SEVERE|qtp1890627974-63|log|Cannot start PC^2, pc2v9.ini file not found in C:\Users\Shahd\git\2shahds_WCF_2026
260319 152655.523|INFO|qtp1890627974-63|log|Contacting server at localhost:50002
260319 152655.523|INFO|qtp1890627974-63|log|Connecting to localhost:50002
260319 152655.529|INFO|Thread-36|log|receiveUnencrypted(TransportWrapper, ConnectionHandlerID=Socket[addr=localhost/127.0.0.1,port=50002,localport=61185]-7090040448935675950)
260319 152655.532|INFO|Thread-36|log|receiveUnencrypted Made a secret key for Socket[addr=localhost/127.0.0.1,port=50002,localport=61185]-7090040448935675950 key is com.sun.crypto.provider.DESKey@18121
260319 152655.532|INFO|Thread-36|log|Generating Unencrypted Public Key Packet
260319 152655.533|INFO|Thread-36|log|checking key:= SunJCE Diffie-Hellman Public Key:
y:
    441deb2c 16ed5ed0 4ae73cca cb0ba3d7 82371e2f a3ba29b3 85177348 ffa8784a
    d3a130ba 073ae55b 3b442fbb a21a32d7 a2af5dbb 96d61795 d153bea9 2ff4a2ef
    84af3190 1dba627e f2120210 a0f43413 be6715c2 10c66d00 ff571ea2 f0727d58
    9da66937 bfa89b15 325e9b5f 489878b8 195fecf2 fef847e5 f5676359 85bdce0b
p:
    f488fd58 4e49dbcd 20b49de4 9107366b 336c380d 451d0f7c 88b31c7c 5b2d8ef6
    f3c923c0 43f0a55b 188d8ebb 558cb85d 38d334fd 7c175743 a31d186c de33212c
    b52aff3c e1b12940 18118d7c 84a70a72 d686c403 19c80729 7aca950c d9969fab
    d00a509b 0246d308 3d66a45d 419f9c7c bd894b22 1926baab a25ec355 e92f78c7
g:
    02
l:
    512
