260415 235206.563|CONFIG|qtp1395089624-31|log|Now logging to C:\Users\Shahd\Documents\WCF_Gitlab\wwfapi\logs directory.
260415 235206.563|INFO|qtp1395089624-31|log|
260415 235206.566|INFO|qtp1395089624-31|log|Version 9.11build () Java ver 21.0.8 build 7339~develop Windows 11 10.0 (amd64) 
260415 235206.566|INFO|qtp1395089624-31|log|Working directory is C:\Users\Shahd\Documents\WCF_Gitlab\wwfapi
260415 235206.572|INFO|qtp1395089624-31|log|Process id is 15632@DESKTOP-5EPLK95
260415 235206.572|INFO|qtp1395089624-31|log|Starting ConnectionManager...
260415 235206.584|INFO|qtp1395089624-31|log|Started ConnectionManager
260415 235206.585|INFO|qtp1395089624-31|log|INIFile File location: file:/C:/Users/Shahd/Documents/WCF_Gitlab/wwfapi/pc2v9.ini
260415 235206.585|INFO|qtp1395089624-31|log|setClientServerAndPort webworkflow.aast.edu parsed as webworkflow.aast.edu port 50002
260415 235206.585|INFO|qtp1395089624-31|log|Contacting server at webworkflow.aast.edu:50002
260415 235206.586|INFO|qtp1395089624-31|log|Connecting to webworkflow.aast.edu:50002
260415 235206.884|INFO|Thread-17|log|receiveUnencrypted(TransportWrapper, ConnectionHandlerID=Socket[addr=webworkflow.aast.edu/128.251.8.78,port=50002,localport=58694]--1485089512804644274)
260415 235206.891|INFO|Thread-17|log|receiveUnencrypted Made a secret key for Socket[addr=webworkflow.aast.edu/128.251.8.78,port=50002,localport=58694]--1485089512804644274 key is com.sun.crypto.provider.DESKey@18639
260415 235206.891|INFO|Thread-17|log|Generating Unencrypted Public Key Packet
260415 235206.891|INFO|Thread-17|log|checking key:= SunJCE Diffie-Hellman Public Key:
y:
    4497e45c ffbf1a07 085b52a9 680042df 0fe94180 ffc79b0f c0896fab 0379ac09
    8190e2e7 cdf3e9fa afd6e926 9cff5453 de82263a 7510b18e 9027ece7 ecea5152
    aea95382 2858b793 c6ec0a99 04a5d8ce 3d4ef3a8 c511f18d 11c80671 8a5bd2e6
    c3da7dd7 7387de68 1b648362 f7f385b7 40497c97 e9793002 2066669e b0fe84d8
p:
    f488fd58 4e49dbcd 20b49de4 9107366b 336c380d 451d0f7c 88b31c7c 5b2d8ef6
    f3c923c0 43f0a55b 188d8ebb 558cb85d 38d334fd 7c175743 a31d186c de33212c
    b52aff3c e1b12940 18118d7c 84a70a72 d686c403 19c80729 7aca950c d9969fab
    d00a509b 0246d308 3d66a45d 419f9c7c bd894b22 1926baab a25ec355 e92f78c7
g:
    02
l:
    512
260415 235206.891|INFO|Thread-17|log|packet:= edu.csus.ecs.pc2.core.transport.TransportWrapper@230e44a6
