260403 164138.493|CONFIG|qtp537548559-12|log|Now logging to /home/shahd/eclipse-workspace/wti1/logs directory.
260403 164138.495|INFO|qtp537548559-12|log|
260403 164138.498|INFO|qtp537548559-12|log|Version 9.10.0 () Java ver 11.0.30 build 7065 Linux 6.8.0-106-generic (amd64) 
260403 164138.498|INFO|qtp537548559-12|log|Working directory is /home/shahd/eclipse-workspace/wti1
260403 164138.509|INFO|qtp537548559-12|log|Process id is 8440@shahoda
260403 164138.510|INFO|qtp537548559-12|log|Starting ConnectionManager...
260403 164138.645|INFO|qtp537548559-12|log|Started ConnectionManager
260403 164138.645|SEVERE|qtp537548559-12|log|Cannot start PC^2, pc2v9.ini file not found in /home/shahd/eclipse-workspace/wti1
260403 164138.646|INFO|qtp537548559-12|log|Contacting server at localhost:50002
260403 164138.648|INFO|qtp537548559-12|log|Connecting to localhost:50002
260403 165902.842|INFO|Thread-10|log|EOFException in receive for Socket[addr=localhost/127.0.0.1,port=50002,localport=60016]--753744729856324083
|java.io.EOFException: null
|    at java.io.ObjectInputStream$BlockDataInputStream.peekByte (ObjectInputStream.java:3210)
|    at java.io.ObjectInputStream.readObject0 (ObjectInputStream.java:1638)
|    at java.io.ObjectInputStream.readObject (ObjectInputStream.java:489)
|    at java.io.ObjectInputStream.readObject (ObjectInputStream.java:447)
|    at edu.csus.ecs.pc2.core.transport.ConnectionHandlerThread.receive (ConnectionHandlerThread.java:152)
|    at edu.csus.ecs.pc2.core.transport.ConnectionHandlerClientThread.run (ConnectionHandlerClientThread.java:66)
260403 165902.847|FINER|Thread-10|run|THROW
|edu.csus.ecs.pc2.core.transport.TransportException: null
|    at edu.csus.ecs.pc2.core.transport.ConnectionHandlerThread.receive (ConnectionHandlerThread.java:159)
|    at edu.csus.ecs.pc2.core.transport.ConnectionHandlerClientThread.run (ConnectionHandlerClientThread.java:66)
260403 165902.847|FINER|Thread-10|run - e.getmessage is null()|THROW
|edu.csus.ecs.pc2.core.transport.TransportException: null
|    at edu.csus.ecs.pc2.core.transport.ConnectionHandlerThread.receive (ConnectionHandlerThread.java:159)
|    at edu.csus.ecs.pc2.core.transport.ConnectionHandlerClientThread.run (ConnectionHandlerClientThread.java:66)
