260319 002650.231|CONFIG|qtp997608398-16|log|Now logging to C:\Users\Lenovo\git\WCF_New_Update\WCF_2026\2shahds_WCF_2026\logs directory.
260319 002650.233|INFO|qtp997608398-16|log|
260319 002650.234|INFO|qtp997608398-16|log|Version 9.10.0 () Java ver 1.8.0_51 build 7065 Windows 8.1 6.3 (amd64) 
260319 002650.235|INFO|qtp997608398-16|log|Working directory is C:\Users\Lenovo\git\WCF_New_Update\WCF_2026\2shahds_WCF_2026
260319 002650.245|INFO|qtp997608398-16|log|Process id is 3468@lilsaados
260319 002650.246|INFO|qtp997608398-16|log|Starting ConnectionManager...
260319 002650.882|INFO|qtp997608398-16|log|Started ConnectionManager
260319 002650.882|SEVERE|qtp997608398-16|log|Cannot start PC^2, pc2v9.ini file not found in C:\Users\Lenovo\git\WCF_New_Update\WCF_2026\2shahds_WCF_2026
260319 002650.882|INFO|qtp997608398-16|log|Contacting server at localhost:50002
260319 002650.883|INFO|qtp997608398-16|log|Connecting to localhost:50002
260319 002656.571|INFO|Thread-14|log|EOFException in receive for Socket[addr=localhost/127.0.0.1,port=50002,localport=64785]-6123053217896061668
|java.io.EOFException: null
|    at java.io.ObjectInputStream$BlockDataInputStream.peekByte (Unknown Source)
|    at java.io.ObjectInputStream.readObject0 (Unknown Source)
|    at java.io.ObjectInputStream.readObject (Unknown Source)
|    at edu.csus.ecs.pc2.core.transport.ConnectionHandlerThread.receive (ConnectionHandlerThread.java:152)
|    at edu.csus.ecs.pc2.core.transport.ConnectionHandlerClientThread.run (ConnectionHandlerClientThread.java:66)
260319 002656.574|FINER|Thread-14|run|THROW
|edu.csus.ecs.pc2.core.transport.TransportException: null
|    at edu.csus.ecs.pc2.core.transport.ConnectionHandlerThread.receive (ConnectionHandlerThread.java:159)
|    at edu.csus.ecs.pc2.core.transport.ConnectionHandlerClientThread.run (ConnectionHandlerClientThread.java:66)
260319 002656.574|FINER|Thread-14|run - e.getmessage is null()|THROW
|edu.csus.ecs.pc2.core.transport.TransportException: null
|    at edu.csus.ecs.pc2.core.transport.ConnectionHandlerThread.receive (ConnectionHandlerThread.java:159)
|    at edu.csus.ecs.pc2.core.transport.ConnectionHandlerClientThread.run (ConnectionHandlerClientThread.java:66)
