260417 133554.334|CONFIG|qtp1603195447-56|log|Now logging to C:\Users\Shahd\git\2shahds_WCF_2026\logs directory.
260417 133554.334|INFO|qtp1603195447-56|log|
260417 133554.335|INFO|qtp1603195447-56|log|Version 9.10.0 () Java ver 21.0.8 build 7065 Windows 11 10.0 (amd64) 
260417 133554.336|INFO|qtp1603195447-56|log|Working directory is C:\Users\Shahd\git\2shahds_WCF_2026
260417 133554.338|INFO|qtp1603195447-56|log|Process id is 43960@DESKTOP-5EPLK95
260417 133554.338|INFO|qtp1603195447-56|log|Starting ConnectionManager...
260417 133554.342|INFO|qtp1603195447-56|log|Started ConnectionManager
260417 133554.349|SEVERE|qtp1603195447-56|log|Cannot start PC^2, pc2v9.ini file not found in C:\Users\Shahd\git\2shahds_WCF_2026
260417 133554.349|INFO|qtp1603195447-56|log|Contacting server at localhost:50002
260417 133554.349|INFO|qtp1603195447-56|log|Connecting to localhost:50002
260417 133554.358|INFO|Thread-38|log|receiveUnencrypted(TransportWrapper, ConnectionHandlerID=Socket[addr=localhost/127.0.0.1,port=50002,localport=55865]-3454267272499051215)
260417 133554.361|INFO|Thread-38|log|receiveUnencrypted Made a secret key for Socket[addr=localhost/127.0.0.1,port=50002,localport=55865]-3454267272499051215 key is com.sun.crypto.provider.DESKey@186d6
260417 133554.361|INFO|Thread-38|log|Generating Unencrypted Public Key Packet
260417 133554.362|INFO|Thread-38|log|checking key:= SunJCE Diffie-Hellman Public Key:
y:
    3a9789ca 0b1fb045 188aeba7 99180a17 2ced3602 90fcd7bf a7e061b1 0a8a3fd9
    b24c2be5 f9650da2 b56f453f 3753d518 d6facedf 78990302 0adb1829 2899ab74
    913cede7 10f1c959 eb985fe2 37eea173 17ea79ae 0cff7228 e3d6f3ef 56311c8e
    5ccca3ed bdad8df3 ae883811 e2961b59 50e00684 5a08c906 75cb447a 09b68fad
p:
    f488fd58 4e49dbcd 20b49de4 9107366b 336c380d 451d0f7c 88b31c7c 5b2d8ef6
    f3c923c0 43f0a55b 188d8ebb 558cb85d 38d334fd 7c175743 a31d186c de33212c
    b52aff3c e1b12940 18118d7c 84a70a72 d686c403 19c80729 7aca950c d9969fab
    d00a509b 0246d308 3d66a45d 419f9c7c bd894b22 1926baab a25ec355 e92f78c7
g:
    02
l:
    512
260417 133554.362|INFO|Thread-38|log|packet:= edu.csus.ecs.pc2.core.transport.TransportWrapper@178efc56
260417 134509.492|INFO|Thread-38|log|EOFException in receive for Socket[addr=localhost/127.0.0.1,port=50002,localport=55865]-3454267272499051215
|java.io.EOFException: null
|    at java.io.ObjectInputStream$BlockDataInputStream.peekByte (ObjectInputStream.java:3232)
|    at java.io.ObjectInputStream.readObject0 (ObjectInputStream.java:1713)
|    at java.io.ObjectInputStream.readObject (ObjectInputStream.java:540)
|    at java.io.ObjectInputStream.readObject (ObjectInputStream.java:498)
|    at edu.csus.ecs.pc2.core.transport.ConnectionHandlerThread.receive (ConnectionHandlerThread.java:152)
|    at edu.csus.ecs.pc2.core.transport.ConnectionHandlerClientThread.run (ConnectionHandlerClientThread.java:66)
260417 134509.492|FINER|Thread-38|run|THROW
|edu.csus.ecs.pc2.core.transport.TransportException: null
|    at edu.csus.ecs.pc2.core.transport.ConnectionHandlerThread.receive (ConnectionHandlerThread.java:159)
|    at edu.csus.ecs.pc2.core.transport.ConnectionHandlerClientThread.run (ConnectionHandlerClientThread.java:66)
260417 134509.492|FINER|Thread-38|run - e.getmessage is null()|THROW
|edu.csus.ecs.pc2.core.transport.TransportException: null
|    at edu.csus.ecs.pc2.core.transport.ConnectionHandlerThread.receive (ConnectionHandlerThread.java:159)
|    at edu.csus.ecs.pc2.core.transport.ConnectionHandlerClientThread.run (ConnectionHandlerClientThread.java:66)
