260327 050248.240|CONFIG|qtp1763847188-22|log|Now logging to /home/shahd/eclipse-workspace/wti1/logs directory.
260327 050248.242|INFO|qtp1763847188-22|log|
260327 050248.245|INFO|qtp1763847188-22|log|Version 9.10.0 () Java ver 11.0.30 build 7065 Linux 6.8.0-106-generic (amd64) 
260327 050248.246|INFO|qtp1763847188-22|log|Working directory is /home/shahd/eclipse-workspace/wti1
260327 050248.257|INFO|qtp1763847188-22|log|Process id is 13567@shahoda
260327 050248.259|INFO|qtp1763847188-22|log|Starting ConnectionManager...
260327 050248.376|INFO|qtp1763847188-22|log|Started ConnectionManager
260327 050248.377|SEVERE|qtp1763847188-22|log|Cannot start PC^2, pc2v9.ini file not found in /home/shahd/eclipse-workspace/wti1
260327 050248.377|INFO|qtp1763847188-22|log|Contacting server at localhost:50002
260327 050248.378|INFO|qtp1763847188-22|log|Connecting to localhost:50002
260327 050347.192|INFO|Thread-11|log|EOFException in receive for Socket[addr=localhost/127.0.0.1,port=50002,localport=57324]--248821748463126684
|java.io.EOFException: null
|    at java.io.ObjectInputStream$BlockDataInputStream.peekByte (ObjectInputStream.java:3210)
|    at java.io.ObjectInputStream.readObject0 (ObjectInputStream.java:1638)
|    at java.io.ObjectInputStream.readObject (ObjectInputStream.java:489)
|    at java.io.ObjectInputStream.readObject (ObjectInputStream.java:447)
|    at edu.csus.ecs.pc2.core.transport.ConnectionHandlerThread.receive (ConnectionHandlerThread.java:152)
|    at edu.csus.ecs.pc2.core.transport.ConnectionHandlerClientThread.run (ConnectionHandlerClientThread.java:66)
260327 050347.196|FINER|Thread-11|run|THROW
|edu.csus.ecs.pc2.core.transport.TransportException: null
|    at edu.csus.ecs.pc2.core.transport.ConnectionHandlerThread.receive (ConnectionHandlerThread.java:159)
|    at edu.csus.ecs.pc2.core.transport.ConnectionHandlerClientThread.run (ConnectionHandlerClientThread.java:66)
260327 050347.196|FINER|Thread-11|run - e.getmessage is null()|THROW
|edu.csus.ecs.pc2.core.transport.TransportException: null
|    at edu.csus.ecs.pc2.core.transport.ConnectionHandlerThread.receive (ConnectionHandlerThread.java:159)
|    at edu.csus.ecs.pc2.core.transport.ConnectionHandlerClientThread.run (ConnectionHandlerClientThread.java:66)
