260410 173351.670|CONFIG|qtp1607460018-16|log|Now logging to C:\Users\Lenovo\git\2shahds_WCF_2026\logs directory.
260410 173351.671|INFO|qtp1607460018-16|log|
260410 173351.671|INFO|qtp1607460018-16|log|Version 9.10.0 () Java ver 1.8.0_51 build 7065 Windows 8.1 6.3 (amd64) 
260410 173351.671|INFO|qtp1607460018-16|log|Working directory is C:\Users\Lenovo\git\2shahds_WCF_2026
260410 173351.672|INFO|qtp1607460018-16|log|Process id is 11828@lilsaados
260410 173351.672|INFO|qtp1607460018-16|log|Starting ConnectionManager...
260410 173351.673|INFO|qtp1607460018-16|log|Started ConnectionManager
260410 173351.674|SEVERE|qtp1607460018-16|log|Cannot start PC^2, pc2v9.ini file not found in C:\Users\Lenovo\git\2shahds_WCF_2026
260410 173351.675|INFO|qtp1607460018-16|log|Contacting server at localhost:50002
260410 173351.675|INFO|qtp1607460018-16|log|Connecting to localhost:50002
260410 173351.679|INFO|Thread-21|log|receiveUnencrypted(TransportWrapper, ConnectionHandlerID=Socket[addr=localhost/127.0.0.1,port=50002,localport=53177]-1702953714093302379)
260410 173415.409|INFO|Thread-21|log|EOFException in receive for Socket[addr=localhost/127.0.0.1,port=50002,localport=53177]-1702953714093302379
|java.io.EOFException: null
|    at java.io.ObjectInputStream$BlockDataInputStream.peekByte (Unknown Source)
|    at java.io.ObjectInputStream.readObject0 (Unknown Source)
|    at java.io.ObjectInputStream.readObject (Unknown Source)
|    at edu.csus.ecs.pc2.core.transport.ConnectionHandlerThread.receive (ConnectionHandlerThread.java:152)
|    at edu.csus.ecs.pc2.core.transport.ConnectionHandlerClientThread.run (ConnectionHandlerClientThread.java:66)
260410 173415.410|FINER|Thread-21|run|THROW
|edu.csus.ecs.pc2.core.transport.TransportException: null
|    at edu.csus.ecs.pc2.core.transport.ConnectionHandlerThread.receive (ConnectionHandlerThread.java:159)
|    at edu.csus.ecs.pc2.core.transport.ConnectionHandlerClientThread.run (ConnectionHandlerClientThread.java:66)
260410 173415.410|FINER|Thread-21|run - e.getmessage is null()|THROW
|edu.csus.ecs.pc2.core.transport.TransportException: null
|    at edu.csus.ecs.pc2.core.transport.ConnectionHandlerThread.receive (ConnectionHandlerThread.java:159)
|    at edu.csus.ecs.pc2.core.transport.ConnectionHandlerClientThread.run (ConnectionHandlerClientThread.java:66)
