260410 202056.260|CONFIG|qtp1607460018-17|log|Now logging to C:\Users\Lenovo\git\2shahds_WCF_2026\logs directory.
260410 202056.262|INFO|qtp1607460018-17|log|
260410 202056.265|INFO|qtp1607460018-17|log|Version 9.10.0 () Java ver 1.8.0_51 build 7065 Windows 8.1 6.3 (amd64) 
260410 202056.265|INFO|qtp1607460018-17|log|Working directory is C:\Users\Lenovo\git\2shahds_WCF_2026
260410 202056.271|INFO|qtp1607460018-17|log|Process id is 21516@lilsaados
260410 202056.272|INFO|qtp1607460018-17|log|Starting ConnectionManager...
260410 202057.408|INFO|qtp1607460018-17|log|Started ConnectionManager
260410 202057.445|SEVERE|qtp1607460018-17|log|Cannot start PC^2, pc2v9.ini file not found in C:\Users\Lenovo\git\2shahds_WCF_2026
260410 202057.446|INFO|qtp1607460018-17|log|Contacting server at localhost:50002
260410 202057.447|INFO|qtp1607460018-17|log|Connecting to localhost:50002
260410 202236.159|INFO|Thread-13|log|EOFException in receive for Socket[addr=localhost/127.0.0.1,port=50002,localport=64722]--5394380413577174498
|java.io.EOFException: null
|    at java.io.ObjectInputStream$BlockDataInputStream.peekByte (Unknown Source)
|    at java.io.ObjectInputStream.readObject0 (Unknown Source)
|    at java.io.ObjectInputStream.readObject (Unknown Source)
|    at edu.csus.ecs.pc2.core.transport.ConnectionHandlerThread.receive (ConnectionHandlerThread.java:152)
|    at edu.csus.ecs.pc2.core.transport.ConnectionHandlerClientThread.run (ConnectionHandlerClientThread.java:66)
260410 202236.162|FINER|Thread-13|run|THROW
|edu.csus.ecs.pc2.core.transport.TransportException: null
|    at edu.csus.ecs.pc2.core.transport.ConnectionHandlerThread.receive (ConnectionHandlerThread.java:159)
|    at edu.csus.ecs.pc2.core.transport.ConnectionHandlerClientThread.run (ConnectionHandlerClientThread.java:66)
260410 202236.163|FINER|Thread-13|run - e.getmessage is null()|THROW
|edu.csus.ecs.pc2.core.transport.TransportException: null
|    at edu.csus.ecs.pc2.core.transport.ConnectionHandlerThread.receive (ConnectionHandlerThread.java:159)
|    at edu.csus.ecs.pc2.core.transport.ConnectionHandlerClientThread.run (ConnectionHandlerClientThread.java:66)
