260410 210104.743|CONFIG|qtp1607460018-15|log|Now logging to C:\Users\Lenovo\git\2shahds_WCF_2026\logs directory.
260410 210104.745|INFO|qtp1607460018-15|log|
260410 210104.749|INFO|qtp1607460018-15|log|Version 9.10.0 () Java ver 1.8.0_51 build 7065 Windows 8.1 6.3 (amd64) 
260410 210104.749|INFO|qtp1607460018-15|log|Working directory is C:\Users\Lenovo\git\2shahds_WCF_2026
260410 210104.754|INFO|qtp1607460018-15|log|Process id is 23452@lilsaados
260410 210104.755|INFO|qtp1607460018-15|log|Starting ConnectionManager...
260410 210104.839|INFO|qtp1607460018-15|log|Started ConnectionManager
260410 210104.877|SEVERE|qtp1607460018-15|log|Cannot start PC^2, pc2v9.ini file not found in C:\Users\Lenovo\git\2shahds_WCF_2026
260410 210104.877|INFO|qtp1607460018-15|log|Contacting server at localhost:50002
260410 210104.879|INFO|qtp1607460018-15|log|Connecting to localhost:50002
260410 210701.999|INFO|Thread-14|log|EOFException in receive for Socket[addr=localhost/127.0.0.1,port=50002,localport=58937]--659210688775805740
|java.io.EOFException: null
|    at java.io.ObjectInputStream$BlockDataInputStream.peekByte (Unknown Source)
|    at java.io.ObjectInputStream.readObject0 (Unknown Source)
|    at java.io.ObjectInputStream.readObject (Unknown Source)
|    at edu.csus.ecs.pc2.core.transport.ConnectionHandlerThread.receive (ConnectionHandlerThread.java:152)
|    at edu.csus.ecs.pc2.core.transport.ConnectionHandlerClientThread.run (ConnectionHandlerClientThread.java:66)
260410 210702.003|FINER|Thread-14|run|THROW
|edu.csus.ecs.pc2.core.transport.TransportException: null
|    at edu.csus.ecs.pc2.core.transport.ConnectionHandlerThread.receive (ConnectionHandlerThread.java:159)
|    at edu.csus.ecs.pc2.core.transport.ConnectionHandlerClientThread.run (ConnectionHandlerClientThread.java:66)
260410 210702.003|FINER|Thread-14|run - e.getmessage is null()|THROW
|edu.csus.ecs.pc2.core.transport.TransportException: null
|    at edu.csus.ecs.pc2.core.transport.ConnectionHandlerThread.receive (ConnectionHandlerThread.java:159)
|    at edu.csus.ecs.pc2.core.transport.ConnectionHandlerClientThread.run (ConnectionHandlerClientThread.java:66)
