260318 231645.940|CONFIG|qtp997608398-13|log|Now logging to C:\Users\Lenovo\git\WCF_New_Update\WCF_2026\2shahds_WCF_2026\logs directory.
260318 231645.940|INFO|qtp997608398-13|log|
260318 231645.940|INFO|qtp997608398-13|log|Version 9.10.0 () Java ver 1.8.0_51 build 7065 Windows 8.1 6.3 (amd64) 
260318 231645.940|INFO|qtp997608398-13|log|Working directory is C:\Users\Lenovo\git\WCF_New_Update\WCF_2026\2shahds_WCF_2026
260318 231645.941|INFO|qtp997608398-13|log|Process id is 12720@lilsaados
260318 231645.941|INFO|qtp997608398-13|log|Starting ConnectionManager...
260318 231645.947|INFO|qtp997608398-13|log|Started ConnectionManager
260318 231645.947|SEVERE|qtp997608398-13|log|Cannot start PC^2, pc2v9.ini file not found in C:\Users\Lenovo\git\WCF_New_Update\WCF_2026\2shahds_WCF_2026
260318 231645.947|INFO|qtp997608398-13|log|Contacting server at localhost:50002
260318 231645.948|INFO|qtp997608398-13|log|Connecting to localhost:50002
260318 231645.952|INFO|Thread-30|log|receiveUnencrypted(TransportWrapper, ConnectionHandlerID=Socket[addr=localhost/127.0.0.1,port=50002,localport=62783]--4601114069988225549)
260318 231645.955|INFO|Thread-30|log|receiveUnencrypted Made a secret key for Socket[addr=localhost/127.0.0.1,port=50002,localport=62783]--4601114069988225549 key is com.sun.crypto.provider.DESKey@fffe7f1e
260318 231645.955|INFO|Thread-30|log|Generating Unencrypted Public Key Packet
260318 231645.955|INFO|Thread-30|log|checking key:= SunJCE Diffie-Hellman Public Key:
y:
    4d654b22 2e9cdd91 5ed503fe ceb30871 8a6a8f4e 119f5f3a b9db4ee3 6e0c4caa
    1602aba8 964b9d13 88046775 f07f18c4 5ae35d60 fb8fe9a5 5c431a94 976c5ff5
    c8d413b3 e963a5ee a832c4d6 dd4deead 61d96350 8bb46d83 47cbc0e9 69295c92
    5db260f2 4e1c831b fb5a9296 ad842cf1 b2e2c59a 5d1b631e 2f3c8e90 0927b9c7
p:
    f488fd58 4e49dbcd 20b49de4 9107366b 336c380d 451d0f7c 88b31c7c 5b2d8ef6
    f3c923c0 43f0a55b 188d8ebb 558cb85d 38d334fd 7c175743 a31d186c de33212c
    b52aff3c e1b12940 18118d7c 84a70a72 d686c403 19c80729 7aca950c d9969fab
    d00a509b 0246d308 3d66a45d 419f9c7c bd894b22 1926baab a25ec355 e92f78c7
g:
    02
l:
    512
260318 231645.955|INFO|Thread-30|log|packet:= edu.csus.ecs.pc2.core.transport.TransportWrapper@7cab09e2
260318 232417.869|INFO|Thread-30|log|SocketException in receive for Socket[addr=localhost/127.0.0.1,port=50002,localport=62783]--4601114069988225549
|java.net.SocketException: Connection reset
|    at java.net.SocketInputStream.read (Unknown Source)
|    at java.net.SocketInputStream.read (Unknown Source)
|    at java.net.SocketInputStream.read (Unknown Source)
|    at java.io.ObjectInputStream$PeekInputStream.peek (Unknown Source)
|    at java.io.ObjectInputStream$BlockDataInputStream.peek (Unknown Source)
|    at java.io.ObjectInputStream$BlockDataInputStream.peekByte (Unknown Source)
|    at java.io.ObjectInputStream.readObject0 (Unknown Source)
|    at java.io.ObjectInputStream.readObject (Unknown Source)
|    at edu.csus.ecs.pc2.core.transport.ConnectionHandlerThread.receive (ConnectionHandlerThread.java:152)
|    at edu.csus.ecs.pc2.core.transport.ConnectionHandlerClientThread.run (ConnectionHandlerClientThread.java:66)
260318 232417.869|FINER|Thread-30|run|THROW
|edu.csus.ecs.pc2.core.transport.TransportException: Connection reset
|    at edu.csus.ecs.pc2.core.transport.ConnectionHandlerThread.receive (ConnectionHandlerThread.java:156)
|    at edu.csus.ecs.pc2.core.transport.ConnectionHandlerClientThread.run (ConnectionHandlerClientThread.java:66)
