260311 223652.648|CONFIG|qtp477289012-58|log|Now logging to C:\Users\Shahd\git\2shahds_WCF_2026\logs directory.
260311 223652.663|INFO|qtp477289012-58|log|
260311 223652.663|INFO|qtp477289012-58|log|Version 9.10.0 () Java ver 21.0.8 build 7065 Windows 11 10.0 (amd64) 
260311 223652.663|INFO|qtp477289012-58|log|Working directory is C:\Users\Shahd\git\2shahds_WCF_2026
260311 223652.680|INFO|qtp477289012-58|log|Process id is 25220@DESKTOP-5EPLK95
260311 223652.680|INFO|qtp477289012-58|log|Starting ConnectionManager...
260311 223652.712|INFO|qtp477289012-58|log|Started ConnectionManager
260311 223652.845|SEVERE|qtp477289012-58|log|Cannot start PC^2, pc2v9.ini file not found in C:\Users\Shahd\git\2shahds_WCF_2026
260311 223652.845|INFO|qtp477289012-58|log|Contacting server at localhost:50002
260311 223652.861|INFO|qtp477289012-58|log|Connecting to localhost:50002
260311 224254.522|INFO|Thread-18|log|EOFException in receive for Socket[addr=localhost/127.0.0.1,port=50002,localport=54490]--4957296956374610312
|java.io.EOFException: null
|    at java.io.ObjectInputStream$BlockDataInputStream.peekByte (ObjectInputStream.java:3232)
|    at java.io.ObjectInputStream.readObject0 (ObjectInputStream.java:1713)
|    at java.io.ObjectInputStream.readObject (ObjectInputStream.java:540)
|    at java.io.ObjectInputStream.readObject (ObjectInputStream.java:498)
|    at edu.csus.ecs.pc2.core.transport.ConnectionHandlerThread.receive (ConnectionHandlerThread.java:152)
|    at edu.csus.ecs.pc2.core.transport.ConnectionHandlerClientThread.run (ConnectionHandlerClientThread.java:66)
260311 224254.522|FINER|Thread-18|run|THROW
|edu.csus.ecs.pc2.core.transport.TransportException: null
|    at edu.csus.ecs.pc2.core.transport.ConnectionHandlerThread.receive (ConnectionHandlerThread.java:159)
|    at edu.csus.ecs.pc2.core.transport.ConnectionHandlerClientThread.run (ConnectionHandlerClientThread.java:66)
260311 224254.528|FINER|Thread-18|run - e.getmessage is null()|THROW
|edu.csus.ecs.pc2.core.transport.TransportException: null
|    at edu.csus.ecs.pc2.core.transport.ConnectionHandlerThread.receive (ConnectionHandlerThread.java:159)
|    at edu.csus.ecs.pc2.core.transport.ConnectionHandlerClientThread.run (ConnectionHandlerClientThread.java:66)
