260410 151533.696|CONFIG|qtp1607460018-24|log|Now logging to C:\Users\Lenovo\git\2shahds_WCF_2026\logs directory.
260410 151533.698|INFO|qtp1607460018-24|log|
260410 151533.700|INFO|qtp1607460018-24|log|Version 9.10.0 () Java ver 1.8.0_51 build 7065 Windows 8.1 6.3 (amd64) 
260410 151533.701|INFO|qtp1607460018-24|log|Working directory is C:\Users\Lenovo\git\2shahds_WCF_2026
260410 151533.704|INFO|qtp1607460018-24|log|Process id is 10816@lilsaados
260410 151533.704|INFO|qtp1607460018-24|log|Starting ConnectionManager...
260410 151533.708|INFO|qtp1607460018-24|log|Started ConnectionManager
260410 151533.751|SEVERE|qtp1607460018-24|log|Cannot start PC^2, pc2v9.ini file not found in C:\Users\Lenovo\git\2shahds_WCF_2026
260410 151533.751|INFO|qtp1607460018-24|log|Contacting server at localhost:50002
260410 151533.752|INFO|qtp1607460018-24|log|Connecting to localhost:50002
260410 151533.764|INFO|Thread-17|log|receiveUnencrypted(TransportWrapper, ConnectionHandlerID=Socket[addr=localhost/127.0.0.1,port=50002,localport=52162]-4636444366681730721)
260410 151619.072|INFO|Thread-17|log|EOFException in receive for Socket[addr=localhost/127.0.0.1,port=50002,localport=52162]-4636444366681730721
|java.io.EOFException: null
|    at java.io.ObjectInputStream$BlockDataInputStream.peekByte (Unknown Source)
|    at java.io.ObjectInputStream.readObject0 (Unknown Source)
|    at java.io.ObjectInputStream.readObject (Unknown Source)
|    at edu.csus.ecs.pc2.core.transport.ConnectionHandlerThread.receive (ConnectionHandlerThread.java:152)
|    at edu.csus.ecs.pc2.core.transport.ConnectionHandlerClientThread.run (ConnectionHandlerClientThread.java:66)
260410 151619.072|FINER|Thread-17|run|THROW
|edu.csus.ecs.pc2.core.transport.TransportException: null
|    at edu.csus.ecs.pc2.core.transport.ConnectionHandlerThread.receive (ConnectionHandlerThread.java:159)
|    at edu.csus.ecs.pc2.core.transport.ConnectionHandlerClientThread.run (ConnectionHandlerClientThread.java:66)
260410 151619.073|FINER|Thread-17|run - e.getmessage is null()|THROW
|edu.csus.ecs.pc2.core.transport.TransportException: null
|    at edu.csus.ecs.pc2.core.transport.ConnectionHandlerThread.receive (ConnectionHandlerThread.java:159)
|    at edu.csus.ecs.pc2.core.transport.ConnectionHandlerClientThread.run (ConnectionHandlerClientThread.java:66)
