260418 220240.831|CONFIG|qtp1603195447-31|log|Now logging to C:\Users\Shahd\git\2shahds_WCF_2026\logs directory.
260418 220240.832|INFO|qtp1603195447-31|log|
260418 220240.835|INFO|qtp1603195447-31|log|Version 9.10.0 () Java ver 21.0.8 build 7065 Windows 11 10.0 (amd64) 
260418 220240.837|INFO|qtp1603195447-31|log|Working directory is C:\Users\Shahd\git\2shahds_WCF_2026
260418 220240.848|INFO|qtp1603195447-31|log|Process id is 18736@DESKTOP-5EPLK95
260418 220240.849|INFO|qtp1603195447-31|log|Starting ConnectionManager...
260418 220240.868|INFO|qtp1603195447-31|log|Started ConnectionManager
260418 220240.872|SEVERE|qtp1603195447-31|log|Cannot start PC^2, pc2v9.ini file not found in C:\Users\Shahd\git\2shahds_WCF_2026
260418 220240.872|INFO|qtp1603195447-31|log|Contacting server at localhost:50002
260418 220240.873|INFO|qtp1603195447-31|log|Connecting to localhost:50002
260418 220340.316|INFO|Thread-17|log|EOFException in receive for Socket[addr=localhost/127.0.0.1,port=50002,localport=62812]--8937657599406004970
|java.io.EOFException: null
|    at java.io.ObjectInputStream$BlockDataInputStream.peekByte (ObjectInputStream.java:3232)
|    at java.io.ObjectInputStream.readObject0 (ObjectInputStream.java:1713)
|    at java.io.ObjectInputStream.readObject (ObjectInputStream.java:540)
|    at java.io.ObjectInputStream.readObject (ObjectInputStream.java:498)
|    at edu.csus.ecs.pc2.core.transport.ConnectionHandlerThread.receive (ConnectionHandlerThread.java:152)
|    at edu.csus.ecs.pc2.core.transport.ConnectionHandlerClientThread.run (ConnectionHandlerClientThread.java:66)
260418 220340.318|FINER|Thread-17|run|THROW
|edu.csus.ecs.pc2.core.transport.TransportException: null
|    at edu.csus.ecs.pc2.core.transport.ConnectionHandlerThread.receive (ConnectionHandlerThread.java:159)
|    at edu.csus.ecs.pc2.core.transport.ConnectionHandlerClientThread.run (ConnectionHandlerClientThread.java:66)
260418 220340.318|FINER|Thread-17|run - e.getmessage is null()|THROW
|edu.csus.ecs.pc2.core.transport.TransportException: null
|    at edu.csus.ecs.pc2.core.transport.ConnectionHandlerThread.receive (ConnectionHandlerThread.java:159)
|    at edu.csus.ecs.pc2.core.transport.ConnectionHandlerClientThread.run (ConnectionHandlerClientThread.java:66)
