260319 004337.126|CONFIG|qtp997608398-11|log|Now logging to C:\Users\Lenovo\git\WCF_New_Update\WCF_2026\2shahds_WCF_2026\logs directory.
260319 004337.126|INFO|qtp997608398-11|log|
260319 004337.126|INFO|qtp997608398-11|log|Version 9.10.0 () Java ver 1.8.0_51 build 7065 Windows 8.1 6.3 (amd64) 
260319 004337.127|INFO|qtp997608398-11|log|Working directory is C:\Users\Lenovo\git\WCF_New_Update\WCF_2026\2shahds_WCF_2026
260319 004337.128|INFO|qtp997608398-11|log|Process id is 27160@lilsaados
260319 004337.128|INFO|qtp997608398-11|log|Starting ConnectionManager...
260319 004337.130|INFO|qtp997608398-11|log|Started ConnectionManager
260319 004337.130|SEVERE|qtp997608398-11|log|Cannot start PC^2, pc2v9.ini file not found in C:\Users\Lenovo\git\WCF_New_Update\WCF_2026\2shahds_WCF_2026
260319 004337.130|INFO|qtp997608398-11|log|Contacting server at localhost:50002
260319 004337.130|INFO|qtp997608398-11|log|Connecting to localhost:50002
260319 004441.273|INFO|Thread-55|log|EOFException in receive for Socket[addr=localhost/127.0.0.1,port=50002,localport=56962]-6987412742416567736
|java.io.EOFException: null
|    at java.io.ObjectInputStream$BlockDataInputStream.peekByte (Unknown Source)
|    at java.io.ObjectInputStream.readObject0 (Unknown Source)
|    at java.io.ObjectInputStream.readObject (Unknown Source)
|    at edu.csus.ecs.pc2.core.transport.ConnectionHandlerThread.receive (ConnectionHandlerThread.java:152)
|    at edu.csus.ecs.pc2.core.transport.ConnectionHandlerClientThread.run (ConnectionHandlerClientThread.java:66)
260319 004441.273|FINER|Thread-55|run|THROW
|edu.csus.ecs.pc2.core.transport.TransportException: null
|    at edu.csus.ecs.pc2.core.transport.ConnectionHandlerThread.receive (ConnectionHandlerThread.java:159)
|    at edu.csus.ecs.pc2.core.transport.ConnectionHandlerClientThread.run (ConnectionHandlerClientThread.java:66)
260319 004441.273|FINER|Thread-55|run - e.getmessage is null()|THROW
|edu.csus.ecs.pc2.core.transport.TransportException: null
|    at edu.csus.ecs.pc2.core.transport.ConnectionHandlerThread.receive (ConnectionHandlerThread.java:159)
|    at edu.csus.ecs.pc2.core.transport.ConnectionHandlerClientThread.run (ConnectionHandlerClientThread.java:66)
