260410 173415.374|CONFIG|qtp1607460018-24|log|Now logging to C:\Users\Lenovo\git\2shahds_WCF_2026\logs directory.
260410 173415.375|INFO|qtp1607460018-24|log|
260410 173415.375|INFO|qtp1607460018-24|log|Version 9.10.0 () Java ver 1.8.0_51 build 7065 Windows 8.1 6.3 (amd64) 
260410 173415.376|INFO|qtp1607460018-24|log|Working directory is C:\Users\Lenovo\git\2shahds_WCF_2026
260410 173415.377|INFO|qtp1607460018-24|log|Process id is 11828@lilsaados
260410 173415.377|INFO|qtp1607460018-24|log|Starting ConnectionManager...
260410 173415.379|INFO|qtp1607460018-24|log|Started ConnectionManager
260410 173415.390|SEVERE|qtp1607460018-24|log|Cannot start PC^2, pc2v9.ini file not found in C:\Users\Lenovo\git\2shahds_WCF_2026
260410 173415.390|INFO|qtp1607460018-24|log|Contacting server at localhost:50002
260410 173415.390|INFO|qtp1607460018-24|log|Connecting to localhost:50002
260410 173415.397|INFO|Thread-25|log|receiveUnencrypted(TransportWrapper, ConnectionHandlerID=Socket[addr=localhost/127.0.0.1,port=50002,localport=53179]--8309421139625680237)
260410 173445.509|INFO|Thread-25|log|EOFException in receive for Socket[addr=localhost/127.0.0.1,port=50002,localport=53179]--8309421139625680237
|java.io.EOFException: null
|    at java.io.ObjectInputStream$BlockDataInputStream.peekByte (Unknown Source)
|    at java.io.ObjectInputStream.readObject0 (Unknown Source)
|    at java.io.ObjectInputStream.readObject (Unknown Source)
|    at edu.csus.ecs.pc2.core.transport.ConnectionHandlerThread.receive (ConnectionHandlerThread.java:152)
|    at edu.csus.ecs.pc2.core.transport.ConnectionHandlerClientThread.run (ConnectionHandlerClientThread.java:66)
260410 173445.510|FINER|Thread-25|run|THROW
|edu.csus.ecs.pc2.core.transport.TransportException: null
|    at edu.csus.ecs.pc2.core.transport.ConnectionHandlerThread.receive (ConnectionHandlerThread.java:159)
|    at edu.csus.ecs.pc2.core.transport.ConnectionHandlerClientThread.run (ConnectionHandlerClientThread.java:66)
260410 173445.510|FINER|Thread-25|run - e.getmessage is null()|THROW
|edu.csus.ecs.pc2.core.transport.TransportException: null
|    at edu.csus.ecs.pc2.core.transport.ConnectionHandlerThread.receive (ConnectionHandlerThread.java:159)
|    at edu.csus.ecs.pc2.core.transport.ConnectionHandlerClientThread.run (ConnectionHandlerClientThread.java:66)
