260318 225123.777|CONFIG|qtp997608398-22|log|Now logging to C:\Users\Lenovo\git\WCF_New_Update\WCF_2026\2shahds_WCF_2026\logs directory.
260318 225123.779|INFO|qtp997608398-22|log|
260318 225123.781|INFO|qtp997608398-22|log|Version 9.10.0 () Java ver 1.8.0_51 build 7065 Windows 8.1 6.3 (amd64) 
260318 225123.781|INFO|qtp997608398-22|log|Working directory is C:\Users\Lenovo\git\WCF_New_Update\WCF_2026\2shahds_WCF_2026
260318 225123.788|INFO|qtp997608398-22|log|Process id is 23428@lilsaados
260318 225123.790|INFO|qtp997608398-22|log|Starting ConnectionManager...
260318 225124.368|INFO|qtp997608398-22|log|Started ConnectionManager
260318 225124.369|SEVERE|qtp997608398-22|log|Cannot start PC^2, pc2v9.ini file not found in C:\Users\Lenovo\git\WCF_New_Update\WCF_2026\2shahds_WCF_2026
260318 225124.369|INFO|qtp997608398-22|log|Contacting server at localhost:50002
260318 225124.369|INFO|qtp997608398-22|log|Connecting to localhost:50002
260318 225305.137|INFO|Thread-12|log|EOFException in receive for Socket[addr=localhost/127.0.0.1,port=50002,localport=59918]-3496890955227393636
|java.io.EOFException: null
|    at java.io.ObjectInputStream$BlockDataInputStream.peekByte (Unknown Source)
|    at java.io.ObjectInputStream.readObject0 (Unknown Source)
|    at java.io.ObjectInputStream.readObject (Unknown Source)
|    at edu.csus.ecs.pc2.core.transport.ConnectionHandlerThread.receive (ConnectionHandlerThread.java:152)
|    at edu.csus.ecs.pc2.core.transport.ConnectionHandlerClientThread.run (ConnectionHandlerClientThread.java:66)
260318 225305.139|FINER|Thread-12|run|THROW
|edu.csus.ecs.pc2.core.transport.TransportException: null
|    at edu.csus.ecs.pc2.core.transport.ConnectionHandlerThread.receive (ConnectionHandlerThread.java:159)
|    at edu.csus.ecs.pc2.core.transport.ConnectionHandlerClientThread.run (ConnectionHandlerClientThread.java:66)
260318 225305.139|FINER|Thread-12|run - e.getmessage is null()|THROW
|edu.csus.ecs.pc2.core.transport.TransportException: null
|    at edu.csus.ecs.pc2.core.transport.ConnectionHandlerThread.receive (ConnectionHandlerThread.java:159)
|    at edu.csus.ecs.pc2.core.transport.ConnectionHandlerClientThread.run (ConnectionHandlerClientThread.java:66)
