260319 160626.076|CONFIG|qtp1890627974-41|log|Now logging to C:\Users\Shahd\git\2shahds_WCF_2026\logs directory.
260319 160626.084|INFO|qtp1890627974-41|log|
260319 160626.088|INFO|qtp1890627974-41|log|Version 9.10.0 () Java ver 21.0.8 build 7065 Windows 11 10.0 (amd64) 
260319 160626.089|INFO|qtp1890627974-41|log|Working directory is C:\Users\Shahd\git\2shahds_WCF_2026
260319 160626.100|INFO|qtp1890627974-41|log|Process id is 16200@DESKTOP-5EPLK95
260319 160626.101|INFO|qtp1890627974-41|log|Starting ConnectionManager...
260319 160626.151|INFO|qtp1890627974-41|log|Started ConnectionManager
260319 160626.157|SEVERE|qtp1890627974-41|log|Cannot start PC^2, pc2v9.ini file not found in C:\Users\Shahd\git\2shahds_WCF_2026
260319 160626.158|INFO|qtp1890627974-41|log|Contacting server at localhost:50002
260319 160626.160|INFO|qtp1890627974-41|log|Connecting to localhost:50002
260319 160657.930|INFO|Thread-19|log|EOFException in receive for Socket[addr=localhost/127.0.0.1,port=50002,localport=50277]-4701380704848160395
|java.io.EOFException: null
|    at java.io.ObjectInputStream$BlockDataInputStream.peekByte (ObjectInputStream.java:3232)
|    at java.io.ObjectInputStream.readObject0 (ObjectInputStream.java:1713)
|    at java.io.ObjectInputStream.readObject (ObjectInputStream.java:540)
|    at java.io.ObjectInputStream.readObject (ObjectInputStream.java:498)
|    at edu.csus.ecs.pc2.core.transport.ConnectionHandlerThread.receive (ConnectionHandlerThread.java:152)
|    at edu.csus.ecs.pc2.core.transport.ConnectionHandlerClientThread.run (ConnectionHandlerClientThread.java:66)
260319 160657.933|FINER|Thread-19|run|THROW
|edu.csus.ecs.pc2.core.transport.TransportException: null
|    at edu.csus.ecs.pc2.core.transport.ConnectionHandlerThread.receive (ConnectionHandlerThread.java:159)
|    at edu.csus.ecs.pc2.core.transport.ConnectionHandlerClientThread.run (ConnectionHandlerClientThread.java:66)
260319 160657.933|FINER|Thread-19|run - e.getmessage is null()|THROW
|edu.csus.ecs.pc2.core.transport.TransportException: null
|    at edu.csus.ecs.pc2.core.transport.ConnectionHandlerThread.receive (ConnectionHandlerThread.java:159)
|    at edu.csus.ecs.pc2.core.transport.ConnectionHandlerClientThread.run (ConnectionHandlerClientThread.java:66)
