260410 171307.320|CONFIG|qtp1607460018-17|log|Now logging to C:\Users\Lenovo\git\2shahds_WCF_2026\logs directory.
260410 171307.322|INFO|qtp1607460018-17|log|
260410 171307.325|INFO|qtp1607460018-17|log|Version 9.10.0 () Java ver 1.8.0_51 build 7065 Windows 8.1 6.3 (amd64) 
260410 171307.326|INFO|qtp1607460018-17|log|Working directory is C:\Users\Lenovo\git\2shahds_WCF_2026
260410 171307.330|INFO|qtp1607460018-17|log|Process id is 19416@lilsaados
260410 171307.331|INFO|qtp1607460018-17|log|Starting ConnectionManager...
260410 171307.960|INFO|qtp1607460018-17|log|Started ConnectionManager
260410 171307.962|SEVERE|qtp1607460018-17|log|Cannot start PC^2, pc2v9.ini file not found in C:\Users\Lenovo\git\2shahds_WCF_2026
260410 171307.962|INFO|qtp1607460018-17|log|Contacting server at localhost:50002
260410 171307.963|INFO|qtp1607460018-17|log|Connecting to localhost:50002
260410 172351.372|INFO|Thread-13|log|EOFException in receive for Socket[addr=localhost/127.0.0.1,port=50002,localport=58873]--8726449526995181758
|java.io.EOFException: null
|    at java.io.ObjectInputStream$BlockDataInputStream.peekByte (Unknown Source)
|    at java.io.ObjectInputStream.readObject0 (Unknown Source)
|    at java.io.ObjectInputStream.readObject (Unknown Source)
|    at edu.csus.ecs.pc2.core.transport.ConnectionHandlerThread.receive (ConnectionHandlerThread.java:152)
|    at edu.csus.ecs.pc2.core.transport.ConnectionHandlerClientThread.run (ConnectionHandlerClientThread.java:66)
260410 172351.374|FINER|Thread-13|run|THROW
|edu.csus.ecs.pc2.core.transport.TransportException: null
|    at edu.csus.ecs.pc2.core.transport.ConnectionHandlerThread.receive (ConnectionHandlerThread.java:159)
|    at edu.csus.ecs.pc2.core.transport.ConnectionHandlerClientThread.run (ConnectionHandlerClientThread.java:66)
260410 172351.374|FINER|Thread-13|run - e.getmessage is null()|THROW
|edu.csus.ecs.pc2.core.transport.TransportException: null
|    at edu.csus.ecs.pc2.core.transport.ConnectionHandlerThread.receive (ConnectionHandlerThread.java:159)
|    at edu.csus.ecs.pc2.core.transport.ConnectionHandlerClientThread.run (ConnectionHandlerClientThread.java:66)
