260318 231348.203|CONFIG|qtp997608398-23|log|Now logging to C:\Users\Lenovo\git\WCF_New_Update\WCF_2026\2shahds_WCF_2026\logs directory.
260318 231348.204|INFO|qtp997608398-23|log|
260318 231348.206|INFO|qtp997608398-23|log|Version 9.10.0 () Java ver 1.8.0_51 build 7065 Windows 8.1 6.3 (amd64) 
260318 231348.207|INFO|qtp997608398-23|log|Working directory is C:\Users\Lenovo\git\WCF_New_Update\WCF_2026\2shahds_WCF_2026
260318 231348.217|INFO|qtp997608398-23|log|Process id is 12720@lilsaados
260318 231348.218|INFO|qtp997608398-23|log|Starting ConnectionManager...
260318 231348.874|INFO|qtp997608398-23|log|Started ConnectionManager
260318 231348.874|SEVERE|qtp997608398-23|log|Cannot start PC^2, pc2v9.ini file not found in C:\Users\Lenovo\git\WCF_New_Update\WCF_2026\2shahds_WCF_2026
260318 231348.875|INFO|qtp997608398-23|log|Contacting server at localhost:50002
260318 231348.876|INFO|qtp997608398-23|log|Connecting to localhost:50002
260318 231423.513|INFO|Thread-14|log|EOFException in receive for Socket[addr=localhost/127.0.0.1,port=50002,localport=57193]--6787049849340519688
|java.io.EOFException: null
|    at java.io.ObjectInputStream$BlockDataInputStream.peekByte (Unknown Source)
|    at java.io.ObjectInputStream.readObject0 (Unknown Source)
|    at java.io.ObjectInputStream.readObject (Unknown Source)
|    at edu.csus.ecs.pc2.core.transport.ConnectionHandlerThread.receive (ConnectionHandlerThread.java:152)
|    at edu.csus.ecs.pc2.core.transport.ConnectionHandlerClientThread.run (ConnectionHandlerClientThread.java:66)
260318 231423.514|FINER|Thread-14|run|THROW
|edu.csus.ecs.pc2.core.transport.TransportException: null
|    at edu.csus.ecs.pc2.core.transport.ConnectionHandlerThread.receive (ConnectionHandlerThread.java:159)
|    at edu.csus.ecs.pc2.core.transport.ConnectionHandlerClientThread.run (ConnectionHandlerClientThread.java:66)
260318 231423.516|FINER|Thread-14|run - e.getmessage is null()|THROW
|edu.csus.ecs.pc2.core.transport.TransportException: null
|    at edu.csus.ecs.pc2.core.transport.ConnectionHandlerThread.receive (ConnectionHandlerThread.java:159)
|    at edu.csus.ecs.pc2.core.transport.ConnectionHandlerClientThread.run (ConnectionHandlerClientThread.java:66)
