260410 201737.646|CONFIG|qtp1607460018-12|log|Now logging to C:\Users\Lenovo\git\2shahds_WCF_2026\logs directory.
260410 201737.648|INFO|qtp1607460018-12|log|
260410 201737.653|INFO|qtp1607460018-12|log|Version 9.10.0 () Java ver 1.8.0_51 build 7065 Windows 8.1 6.3 (amd64) 
260410 201737.654|INFO|qtp1607460018-12|log|Working directory is C:\Users\Lenovo\git\2shahds_WCF_2026
260410 201737.659|INFO|qtp1607460018-12|log|Process id is 12180@lilsaados
260410 201737.660|INFO|qtp1607460018-12|log|Starting ConnectionManager...
260410 201738.706|INFO|qtp1607460018-12|log|Started ConnectionManager
260410 201738.743|SEVERE|qtp1607460018-12|log|Cannot start PC^2, pc2v9.ini file not found in C:\Users\Lenovo\git\2shahds_WCF_2026
260410 201738.745|INFO|qtp1607460018-12|log|Contacting server at localhost:50002
260410 201738.746|INFO|qtp1607460018-12|log|Connecting to localhost:50002
260410 201920.605|INFO|Thread-13|log|EOFException in receive for Socket[addr=localhost/127.0.0.1,port=50002,localport=64680]--269194136040253496
|java.io.EOFException: null
|    at java.io.ObjectInputStream$BlockDataInputStream.peekByte (Unknown Source)
|    at java.io.ObjectInputStream.readObject0 (Unknown Source)
|    at java.io.ObjectInputStream.readObject (Unknown Source)
|    at edu.csus.ecs.pc2.core.transport.ConnectionHandlerThread.receive (ConnectionHandlerThread.java:152)
|    at edu.csus.ecs.pc2.core.transport.ConnectionHandlerClientThread.run (ConnectionHandlerClientThread.java:66)
260410 201920.609|FINER|Thread-13|run|THROW
|edu.csus.ecs.pc2.core.transport.TransportException: null
|    at edu.csus.ecs.pc2.core.transport.ConnectionHandlerThread.receive (ConnectionHandlerThread.java:159)
|    at edu.csus.ecs.pc2.core.transport.ConnectionHandlerClientThread.run (ConnectionHandlerClientThread.java:66)
260410 201920.609|FINER|Thread-13|run - e.getmessage is null()|THROW
|edu.csus.ecs.pc2.core.transport.TransportException: null
|    at edu.csus.ecs.pc2.core.transport.ConnectionHandlerThread.receive (ConnectionHandlerThread.java:159)
|    at edu.csus.ecs.pc2.core.transport.ConnectionHandlerClientThread.run (ConnectionHandlerClientThread.java:66)
