260410 200215.433|CONFIG|qtp1607460018-12|log|Now logging to C:\Users\Lenovo\git\2shahds_WCF_2026\logs directory.
260410 200215.435|INFO|qtp1607460018-12|log|
260410 200215.441|INFO|qtp1607460018-12|log|Version 9.10.0 () Java ver 1.8.0_51 build 7065 Windows 8.1 6.3 (amd64) 
260410 200215.441|INFO|qtp1607460018-12|log|Working directory is C:\Users\Lenovo\git\2shahds_WCF_2026
260410 200215.447|INFO|qtp1607460018-12|log|Process id is 18532@lilsaados
260410 200215.448|INFO|qtp1607460018-12|log|Starting ConnectionManager...
260410 200216.545|INFO|qtp1607460018-12|log|Started ConnectionManager
260410 200216.547|SEVERE|qtp1607460018-12|log|Cannot start PC^2, pc2v9.ini file not found in C:\Users\Lenovo\git\2shahds_WCF_2026
260410 200216.548|INFO|qtp1607460018-12|log|Contacting server at localhost:50002
260410 200216.549|INFO|qtp1607460018-12|log|Connecting to localhost:50002
260410 200824.403|INFO|Thread-15|log|EOFException in receive for Socket[addr=localhost/127.0.0.1,port=50002,localport=51383]-878731547825293611
|java.io.EOFException: null
|    at java.io.ObjectInputStream$BlockDataInputStream.peekByte (Unknown Source)
|    at java.io.ObjectInputStream.readObject0 (Unknown Source)
|    at java.io.ObjectInputStream.readObject (Unknown Source)
|    at edu.csus.ecs.pc2.core.transport.ConnectionHandlerThread.receive (ConnectionHandlerThread.java:152)
|    at edu.csus.ecs.pc2.core.transport.ConnectionHandlerClientThread.run (ConnectionHandlerClientThread.java:66)
260410 200824.407|FINER|Thread-15|run|THROW
|edu.csus.ecs.pc2.core.transport.TransportException: null
|    at edu.csus.ecs.pc2.core.transport.ConnectionHandlerThread.receive (ConnectionHandlerThread.java:159)
|    at edu.csus.ecs.pc2.core.transport.ConnectionHandlerClientThread.run (ConnectionHandlerClientThread.java:66)
260410 200824.407|FINER|Thread-15|run - e.getmessage is null()|THROW
|edu.csus.ecs.pc2.core.transport.TransportException: null
|    at edu.csus.ecs.pc2.core.transport.ConnectionHandlerThread.receive (ConnectionHandlerThread.java:159)
|    at edu.csus.ecs.pc2.core.transport.ConnectionHandlerClientThread.run (ConnectionHandlerClientThread.java:66)
