260318 232659.509|CONFIG|qtp997608398-13|log|Now logging to C:\Users\Lenovo\git\WCF_New_Update\WCF_2026\2shahds_WCF_2026\logs directory.
260318 232659.509|INFO|qtp997608398-13|log|
260318 232659.509|INFO|qtp997608398-13|log|Version 9.10.0 () Java ver 1.8.0_51 build 7065 Windows 8.1 6.3 (amd64) 
260318 232659.510|INFO|qtp997608398-13|log|Working directory is C:\Users\Lenovo\git\WCF_New_Update\WCF_2026\2shahds_WCF_2026
260318 232659.511|INFO|qtp997608398-13|log|Process id is 12720@lilsaados
260318 232659.511|INFO|qtp997608398-13|log|Starting ConnectionManager...
260318 232659.523|INFO|qtp997608398-13|log|Started ConnectionManager
260318 232659.523|SEVERE|qtp997608398-13|log|Cannot start PC^2, pc2v9.ini file not found in C:\Users\Lenovo\git\WCF_New_Update\WCF_2026\2shahds_WCF_2026
260318 232659.523|INFO|qtp997608398-13|log|Contacting server at localhost:50002
260318 232659.523|INFO|qtp997608398-13|log|Connecting to localhost:50002
260318 232725.092|INFO|Thread-51|log|EOFException in receive for Socket[addr=localhost/127.0.0.1,port=50002,localport=60702]-7107851562600506942
|java.io.EOFException: null
|    at java.io.ObjectInputStream$BlockDataInputStream.peekByte (Unknown Source)
|    at java.io.ObjectInputStream.readObject0 (Unknown Source)
|    at java.io.ObjectInputStream.readObject (Unknown Source)
|    at edu.csus.ecs.pc2.core.transport.ConnectionHandlerThread.receive (ConnectionHandlerThread.java:152)
|    at edu.csus.ecs.pc2.core.transport.ConnectionHandlerClientThread.run (ConnectionHandlerClientThread.java:66)
260318 232725.094|FINER|Thread-51|run|THROW
|edu.csus.ecs.pc2.core.transport.TransportException: null
|    at edu.csus.ecs.pc2.core.transport.ConnectionHandlerThread.receive (ConnectionHandlerThread.java:159)
|    at edu.csus.ecs.pc2.core.transport.ConnectionHandlerClientThread.run (ConnectionHandlerClientThread.java:66)
260318 232725.094|FINER|Thread-51|run - e.getmessage is null()|THROW
|edu.csus.ecs.pc2.core.transport.TransportException: null
|    at edu.csus.ecs.pc2.core.transport.ConnectionHandlerThread.receive (ConnectionHandlerThread.java:159)
|    at edu.csus.ecs.pc2.core.transport.ConnectionHandlerClientThread.run (ConnectionHandlerClientThread.java:66)
