260309 014848.091|CONFIG|qtp758529971-22|log|Now logging to /home/shahd/eclipse-workspace/wti1/logs directory.
260309 014848.092|INFO|qtp758529971-22|log|
260309 014848.095|INFO|qtp758529971-22|log|Version 9.10.0 () Java ver 11.0.30 build 7065 Linux 6.8.0-100-generic (amd64) 
260309 014848.095|INFO|qtp758529971-22|log|Working directory is /home/shahd/eclipse-workspace/wti1
260309 014848.108|INFO|qtp758529971-22|log|Process id is 9012@shahoda
260309 014848.109|INFO|qtp758529971-22|log|Starting ConnectionManager...
260309 014848.195|INFO|qtp758529971-22|log|Started ConnectionManager
260309 014848.196|SEVERE|qtp758529971-22|log|Cannot start PC^2, pc2v9.ini file not found in /home/shahd/eclipse-workspace/wti1
260309 014848.196|INFO|qtp758529971-22|log|Contacting server at localhost:50002
260309 014848.198|INFO|qtp758529971-22|log|Connecting to localhost:50002
260309 014856.505|INFO|Thread-11|log|EOFException in receive for Socket[addr=localhost/127.0.0.1,port=50002,localport=35196]-1332925462220617544
|java.io.EOFException: null
|    at java.io.ObjectInputStream$BlockDataInputStream.peekByte (ObjectInputStream.java:3210)
|    at java.io.ObjectInputStream.readObject0 (ObjectInputStream.java:1638)
|    at java.io.ObjectInputStream.readObject (ObjectInputStream.java:489)
|    at java.io.ObjectInputStream.readObject (ObjectInputStream.java:447)
|    at edu.csus.ecs.pc2.core.transport.ConnectionHandlerThread.receive (ConnectionHandlerThread.java:152)
|    at edu.csus.ecs.pc2.core.transport.ConnectionHandlerClientThread.run (ConnectionHandlerClientThread.java:66)
260309 014856.513|FINER|Thread-11|run|THROW
|edu.csus.ecs.pc2.core.transport.TransportException: null
|    at edu.csus.ecs.pc2.core.transport.ConnectionHandlerThread.receive (ConnectionHandlerThread.java:159)
|    at edu.csus.ecs.pc2.core.transport.ConnectionHandlerClientThread.run (ConnectionHandlerClientThread.java:66)
260309 014856.513|FINER|Thread-11|run - e.getmessage is null()|THROW
|edu.csus.ecs.pc2.core.transport.TransportException: null
|    at edu.csus.ecs.pc2.core.transport.ConnectionHandlerThread.receive (ConnectionHandlerThread.java:159)
|    at edu.csus.ecs.pc2.core.transport.ConnectionHandlerClientThread.run (ConnectionHandlerClientThread.java:66)
