260319 004113.699|CONFIG|qtp997608398-22|log|Now logging to C:\Users\Lenovo\git\WCF_New_Update\WCF_2026\2shahds_WCF_2026\logs directory.
260319 004113.699|INFO|qtp997608398-22|log|
260319 004113.699|INFO|qtp997608398-22|log|Version 9.10.0 () Java ver 1.8.0_51 build 7065 Windows 8.1 6.3 (amd64) 
260319 004113.699|INFO|qtp997608398-22|log|Working directory is C:\Users\Lenovo\git\WCF_New_Update\WCF_2026\2shahds_WCF_2026
260319 004113.700|INFO|qtp997608398-22|log|Process id is 27160@lilsaados
260319 004113.700|INFO|qtp997608398-22|log|Starting ConnectionManager...
260319 004113.702|INFO|qtp997608398-22|log|Started ConnectionManager
260319 004113.702|SEVERE|qtp997608398-22|log|Cannot start PC^2, pc2v9.ini file not found in C:\Users\Lenovo\git\WCF_New_Update\WCF_2026\2shahds_WCF_2026
260319 004113.702|INFO|qtp997608398-22|log|Contacting server at localhost:50002
260319 004113.702|INFO|qtp997608398-22|log|Connecting to localhost:50002
260319 004113.705|INFO|Thread-36|log|receiveUnencrypted(TransportWrapper, ConnectionHandlerID=Socket[addr=localhost/127.0.0.1,port=50002,localport=62079]-5858544833075187408)
260319 004113.709|INFO|Thread-36|log|receiveUnencrypted Made a secret key for Socket[addr=localhost/127.0.0.1,port=50002,localport=62079]-5858544833075187408 key is com.sun.crypto.provider.DESKey@187d6
260319 004113.709|INFO|Thread-36|log|Generating Unencrypted Public Key Packet
260319 004113.710|INFO|Thread-36|log|checking key:= SunJCE Diffie-Hellman Public Key:
y:
    aad106be 4341fcec d863a445 5756df60 8e2af520 09bad54a ba1d3a4d 0baf3212
    3b7a8f3b 00d1a7ab 05fd0bf0 f2a56ce4 f06b68d6 d8df7beb bc4458a6 2b62d4be
    88f71479 569e39dd ed25088f 76f0a59b 376ffde4 7dd6197e 9c05f481 0622b8a4
    6677664f 2076d4f8 e46a1a07 27445535 8bce1f98 b9bcf407 968c65fd 8a633560
p:
    f488fd58 4e49dbcd 20b49de4 9107366b 336c380d 451d0f7c 88b31c7c 5b2d8ef6
    f3c923c0 43f0a55b 188d8ebb 558cb85d 38d334fd 7c175743 a31d186c de33212c
    b52aff3c e1b12940 18118d7c 84a70a72 d686c403 19c80729 7aca950c d9969fab
    d00a509b 0246d308 3d66a45d 419f9c7c bd894b22 1926baab a25ec355 e92f78c7
g:
    02
l:
    512
260319 004113.710|INFO|Thread-36|log|packet:= edu.csus.ecs.pc2.core.transport.TransportWrapper@7e0c8082
