260319 152627.999|CONFIG|qtp1890627974-63|log|Now logging to C:\Users\Shahd\git\2shahds_WCF_2026\logs directory.
260319 152627.999|INFO|qtp1890627974-63|log|
260319 152627.999|INFO|qtp1890627974-63|log|Version 9.10.0 () Java ver 21.0.8 build 7065 Windows 11 10.0 (amd64) 
260319 152628.004|INFO|qtp1890627974-63|log|Working directory is C:\Users\Shahd\git\2shahds_WCF_2026
260319 152628.004|INFO|qtp1890627974-63|log|Process id is 40728@DESKTOP-5EPLK95
260319 152628.006|INFO|qtp1890627974-63|log|Starting ConnectionManager...
260319 152628.020|INFO|qtp1890627974-63|log|Started ConnectionManager
260319 152628.025|SEVERE|qtp1890627974-63|log|Cannot start PC^2, pc2v9.ini file not found in C:\Users\Shahd\git\2shahds_WCF_2026
260319 152628.025|INFO|qtp1890627974-63|log|Contacting server at localhost:50002
260319 152628.025|INFO|qtp1890627974-63|log|Connecting to localhost:50002
260319 152628.032|INFO|Thread-32|log|receiveUnencrypted(TransportWrapper, ConnectionHandlerID=Socket[addr=localhost/127.0.0.1,port=50002,localport=61183]--7025560644334492751)
260319 152628.035|INFO|Thread-32|log|receiveUnencrypted Made a secret key for Socket[addr=localhost/127.0.0.1,port=50002,localport=61183]--7025560644334492751 key is com.sun.crypto.provider.DESKey@fffe7aca
260319 152628.035|INFO|Thread-32|log|Generating Unencrypted Public Key Packet
260319 152628.037|INFO|Thread-32|log|checking key:= SunJCE Diffie-Hellman Public Key:
y:
    bfd8c148 6dd0ab86 5451c5ca cf0d0b9f 7246a480 740e5818 4659f64a 9bc61128
    5aa50e47 6b61b4e6 2df51fec 148f19a0 840bffad 10015643 9b4adfe2 bf32f23a
    db8d48fa b738e66b 7ab03ac3 837374a5 9111844f 9baff6a0 c6e9a859 3e0028f1
    f8c9ff26 761d1978 9ed79466 54ba9611 46e5c903 b69934ff 4976b409 6cdde2a7
p:
    f488fd58 4e49dbcd 20b49de4 9107366b 336c380d 451d0f7c 88b31c7c 5b2d8ef6
    f3c923c0 43f0a55b 188d8ebb 558cb85d 38d334fd 7c175743 a31d186c de33212c
    b52aff3c e1b12940 18118d7c 84a70a72 d686c403 19c80729 7aca950c d9969fab
    d00a509b 0246d308 3d66a45d 419f9c7c bd894b22 1926baab a25ec355 e92f78c7
g:
    02
l:
    512
260319 152655.542|INFO|Thread-32|log|EOFException in receive for Socket[addr=localhost/127.0.0.1,port=50002,localport=61183]--7025560644334492751
|java.io.EOFException: null
|    at java.io.ObjectInputStream$BlockDataInputStream.peekByte (ObjectInputStream.java:3232)
|    at java.io.ObjectInputStream.readObject0 (ObjectInputStream.java:1713)
|    at java.io.ObjectInputStream.readObject (ObjectInputStream.java:540)
|    at java.io.ObjectInputStream.readObject (ObjectInputStream.java:498)
|    at edu.csus.ecs.pc2.core.transport.ConnectionHandlerThread.receive (ConnectionHandlerThread.java:152)
|    at edu.csus.ecs.pc2.core.transport.ConnectionHandlerClientThread.run (ConnectionHandlerClientThread.java:66)
260319 152655.542|FINER|Thread-32|run|THROW
|edu.csus.ecs.pc2.core.transport.TransportException: null
|    at edu.csus.ecs.pc2.core.transport.ConnectionHandlerThread.receive (ConnectionHandlerThread.java:159)
|    at edu.csus.ecs.pc2.core.transport.ConnectionHandlerClientThread.run (ConnectionHandlerClientThread.java:66)
260319 152655.542|FINER|Thread-32|run - e.getmessage is null()|THROW
|edu.csus.ecs.pc2.core.transport.TransportException: null
|    at edu.csus.ecs.pc2.core.transport.ConnectionHandlerThread.receive (ConnectionHandlerThread.java:159)
|    at edu.csus.ecs.pc2.core.transport.ConnectionHandlerClientThread.run (ConnectionHandlerClientThread.java:66)
