260415 235523.172|CONFIG|qtp1395089624-31|log|Now logging to C:\Users\Shahd\Documents\WCF_Gitlab\wwfapi\logs directory.
260415 235523.173|INFO|qtp1395089624-31|log|
260415 235523.175|INFO|qtp1395089624-31|log|Version 9.11build () Java ver 21.0.8 build 7339~develop Windows 11 10.0 (amd64) 
260415 235523.175|INFO|qtp1395089624-31|log|Working directory is C:\Users\Shahd\Documents\WCF_Gitlab\wwfapi
260415 235523.180|INFO|qtp1395089624-31|log|Process id is 12416@DESKTOP-5EPLK95
260415 235523.181|INFO|qtp1395089624-31|log|Starting ConnectionManager...
260415 235523.192|INFO|qtp1395089624-31|log|Started ConnectionManager
260415 235523.196|INFO|qtp1395089624-31|log|INIFile File location: file:/C:/Users/Shahd/Documents/WCF_Gitlab/wwfapi/pc2v9.ini
260415 235523.196|INFO|qtp1395089624-31|log|setClientServerAndPort webworkflow.aast.edu parsed as webworkflow.aast.edu port 50002
260415 235523.197|INFO|qtp1395089624-31|log|Contacting server at webworkflow.aast.edu:50002
260415 235523.197|INFO|qtp1395089624-31|log|Connecting to webworkflow.aast.edu:50002
260415 235523.512|INFO|Thread-17|log|receiveUnencrypted(TransportWrapper, ConnectionHandlerID=Socket[addr=webworkflow.aast.edu/128.251.8.78,port=50002,localport=50340]--6388025566460539354)
260415 235523.520|INFO|Thread-17|log|receiveUnencrypted Made a secret key for Socket[addr=webworkflow.aast.edu/128.251.8.78,port=50002,localport=50340]--6388025566460539354 key is com.sun.crypto.provider.DESKey@fffe7ea1
260415 235523.520|INFO|Thread-17|log|Generating Unencrypted Public Key Packet
260415 235523.524|INFO|Thread-17|log|checking key:= SunJCE Diffie-Hellman Public Key:
y:
    2c2a6c23 a6536f77 4865cf20 bf646ef7 0054a0e6 c9133491 9dd9917f 6ec5e251
    a5fbb080 bfc6da9e 7313b0d7 ea9e8269 064e654b 887ad15a e92d22cd bd7a1949
    0f68c6c0 a5ea34b0 39d4556c 2386aabe 3e444355 822949f8 10044b07 e3a0f19e
    02881dfe d46cd65a 7b3266c4 692d1b7b ded01a3a 66170453 c7e34f74 96088c0e
p:
    f488fd58 4e49dbcd 20b49de4 9107366b 336c380d 451d0f7c 88b31c7c 5b2d8ef6
    f3c923c0 43f0a55b 188d8ebb 558cb85d 38d334fd 7c175743 a31d186c de33212c
    b52aff3c e1b12940 18118d7c 84a70a72 d686c403 19c80729 7aca950c d9969fab
    d00a509b 0246d308 3d66a45d 419f9c7c bd894b22 1926baab a25ec355 e92f78c7
g:
    02
l:
    512
260415 235523.525|INFO|Thread-17|log|packet:= edu.csus.ecs.pc2.core.transport.TransportWrapper@230e44a6
