260319 153756.344|CONFIG|qtp1890627974-58|log|Now logging to C:\Users\Shahd\git\2shahds_WCF_2026\logs directory.
260319 153756.345|INFO|qtp1890627974-58|log|
260319 153756.346|INFO|qtp1890627974-58|log|Version 9.10.0 () Java ver 21.0.8 build 7065 Windows 11 10.0 (amd64) 
260319 153756.346|INFO|qtp1890627974-58|log|Working directory is C:\Users\Shahd\git\2shahds_WCF_2026
260319 153756.348|INFO|qtp1890627974-58|log|Process id is 39588@DESKTOP-5EPLK95
260319 153756.349|INFO|qtp1890627974-58|log|Starting ConnectionManager...
260319 153756.360|INFO|qtp1890627974-58|log|Started ConnectionManager
260319 153756.367|SEVERE|qtp1890627974-58|log|Cannot start PC^2, pc2v9.ini file not found in C:\Users\Shahd\git\2shahds_WCF_2026
260319 153756.367|INFO|qtp1890627974-58|log|Contacting server at localhost:50002
260319 153756.367|INFO|qtp1890627974-58|log|Connecting to localhost:50002
260319 153756.376|INFO|Thread-24|log|receiveUnencrypted(TransportWrapper, ConnectionHandlerID=Socket[addr=localhost/127.0.0.1,port=50002,localport=56192]--7229446637894394057)
260319 153835.910|INFO|Thread-24|log|EOFException in receive for Socket[addr=localhost/127.0.0.1,port=50002,localport=56192]--7229446637894394057
|java.io.EOFException: null
|    at java.io.ObjectInputStream$BlockDataInputStream.peekByte (ObjectInputStream.java:3232)
|    at java.io.ObjectInputStream.readObject0 (ObjectInputStream.java:1713)
|    at java.io.ObjectInputStream.readObject (ObjectInputStream.java:540)
|    at java.io.ObjectInputStream.readObject (ObjectInputStream.java:498)
|    at edu.csus.ecs.pc2.core.transport.ConnectionHandlerThread.receive (ConnectionHandlerThread.java:152)
|    at edu.csus.ecs.pc2.core.transport.ConnectionHandlerClientThread.run (ConnectionHandlerClientThread.java:66)
260319 153835.910|FINER|Thread-24|run|THROW
|edu.csus.ecs.pc2.core.transport.TransportException: null
|    at edu.csus.ecs.pc2.core.transport.ConnectionHandlerThread.receive (ConnectionHandlerThread.java:159)
|    at edu.csus.ecs.pc2.core.transport.ConnectionHandlerClientThread.run (ConnectionHandlerClientThread.java:66)
260319 153835.910|FINER|Thread-24|run - e.getmessage is null()|THROW
|edu.csus.ecs.pc2.core.transport.TransportException: null
|    at edu.csus.ecs.pc2.core.transport.ConnectionHandlerThread.receive (ConnectionHandlerThread.java:159)
|    at edu.csus.ecs.pc2.core.transport.ConnectionHandlerClientThread.run (ConnectionHandlerClientThread.java:66)
