260417 133328.625|CONFIG|qtp1603195447-53|log|Now logging to C:\Users\Shahd\git\2shahds_WCF_2026\logs directory.
260417 133328.626|INFO|qtp1603195447-53|log|
260417 133328.626|INFO|qtp1603195447-53|log|Version 9.10.0 () Java ver 21.0.8 build 7065 Windows 11 10.0 (amd64) 
260417 133328.627|INFO|qtp1603195447-53|log|Working directory is C:\Users\Shahd\git\2shahds_WCF_2026
260417 133328.629|INFO|qtp1603195447-53|log|Process id is 43960@DESKTOP-5EPLK95
260417 133328.629|INFO|qtp1603195447-53|log|Starting ConnectionManager...
260417 133328.635|INFO|qtp1603195447-53|log|Started ConnectionManager
260417 133328.639|SEVERE|qtp1603195447-53|log|Cannot start PC^2, pc2v9.ini file not found in C:\Users\Shahd\git\2shahds_WCF_2026
260417 133328.640|INFO|qtp1603195447-53|log|Contacting server at localhost:50002
260417 133328.640|INFO|qtp1603195447-53|log|Connecting to localhost:50002
260417 133328.657|INFO|Thread-26|log|receiveUnencrypted(TransportWrapper, ConnectionHandlerID=Socket[addr=localhost/127.0.0.1,port=50002,localport=53577]-6859753574278989682)
260417 142357.502|INFO|Thread-26|log|EOFException in receive for Socket[addr=localhost/127.0.0.1,port=50002,localport=53577]-6859753574278989682
|java.io.EOFException: null
|    at java.io.ObjectInputStream$BlockDataInputStream.peekByte (ObjectInputStream.java:3232)
|    at java.io.ObjectInputStream.readObject0 (ObjectInputStream.java:1713)
|    at java.io.ObjectInputStream.readObject (ObjectInputStream.java:540)
|    at java.io.ObjectInputStream.readObject (ObjectInputStream.java:498)
|    at edu.csus.ecs.pc2.core.transport.ConnectionHandlerThread.receive (ConnectionHandlerThread.java:152)
|    at edu.csus.ecs.pc2.core.transport.ConnectionHandlerClientThread.run (ConnectionHandlerClientThread.java:66)
260417 142357.502|FINER|Thread-26|run|THROW
|edu.csus.ecs.pc2.core.transport.TransportException: null
|    at edu.csus.ecs.pc2.core.transport.ConnectionHandlerThread.receive (ConnectionHandlerThread.java:159)
|    at edu.csus.ecs.pc2.core.transport.ConnectionHandlerClientThread.run (ConnectionHandlerClientThread.java:66)
260417 142357.503|FINER|Thread-26|run - e.getmessage is null()|THROW
|edu.csus.ecs.pc2.core.transport.TransportException: null
|    at edu.csus.ecs.pc2.core.transport.ConnectionHandlerThread.receive (ConnectionHandlerThread.java:159)
|    at edu.csus.ecs.pc2.core.transport.ConnectionHandlerClientThread.run (ConnectionHandlerClientThread.java:66)
