260410 151403.330|CONFIG|qtp1607460018-21|log|Now logging to C:\Users\Lenovo\git\2shahds_WCF_2026\logs directory.
260410 151403.331|INFO|qtp1607460018-21|log|
260410 151403.337|INFO|qtp1607460018-21|log|Version 9.10.0 () Java ver 1.8.0_51 build 7065 Windows 8.1 6.3 (amd64) 
260410 151403.338|INFO|qtp1607460018-21|log|Working directory is C:\Users\Lenovo\git\2shahds_WCF_2026
260410 151403.347|INFO|qtp1607460018-21|log|Process id is 10816@lilsaados
260410 151403.348|INFO|qtp1607460018-21|log|Starting ConnectionManager...
260410 151404.318|INFO|qtp1607460018-21|log|Started ConnectionManager
260410 151404.356|SEVERE|qtp1607460018-21|log|Cannot start PC^2, pc2v9.ini file not found in C:\Users\Lenovo\git\2shahds_WCF_2026
260410 151404.357|INFO|qtp1607460018-21|log|Contacting server at localhost:50002
260410 151404.358|INFO|qtp1607460018-21|log|Connecting to localhost:50002
260410 151533.801|INFO|Thread-13|log|EOFException in receive for Socket[addr=localhost/127.0.0.1,port=50002,localport=52152]--3168113284767836240
|java.io.EOFException: null
|    at java.io.ObjectInputStream$BlockDataInputStream.peekByte (Unknown Source)
|    at java.io.ObjectInputStream.readObject0 (Unknown Source)
|    at java.io.ObjectInputStream.readObject (Unknown Source)
|    at edu.csus.ecs.pc2.core.transport.ConnectionHandlerThread.receive (ConnectionHandlerThread.java:152)
|    at edu.csus.ecs.pc2.core.transport.ConnectionHandlerClientThread.run (ConnectionHandlerClientThread.java:66)
260410 151533.804|FINER|Thread-13|run|THROW
|edu.csus.ecs.pc2.core.transport.TransportException: null
|    at edu.csus.ecs.pc2.core.transport.ConnectionHandlerThread.receive (ConnectionHandlerThread.java:159)
|    at edu.csus.ecs.pc2.core.transport.ConnectionHandlerClientThread.run (ConnectionHandlerClientThread.java:66)
260410 151533.804|FINER|Thread-13|run - e.getmessage is null()|THROW
|edu.csus.ecs.pc2.core.transport.TransportException: null
|    at edu.csus.ecs.pc2.core.transport.ConnectionHandlerThread.receive (ConnectionHandlerThread.java:159)
|    at edu.csus.ecs.pc2.core.transport.ConnectionHandlerClientThread.run (ConnectionHandlerClientThread.java:66)
