260327 052009.314|CONFIG|qtp537548559-22|log|Now logging to /home/shahd/eclipse-workspace/wti1/logs directory.
260327 052009.315|INFO|qtp537548559-22|log|
260327 052009.317|INFO|qtp537548559-22|log|Version 9.10.0 () Java ver 11.0.30 build 7065 Linux 6.8.0-106-generic (amd64) 
260327 052009.318|INFO|qtp537548559-22|log|Working directory is /home/shahd/eclipse-workspace/wti1
260327 052009.332|INFO|qtp537548559-22|log|Process id is 15959@shahoda
260327 052009.334|INFO|qtp537548559-22|log|Starting ConnectionManager...
260327 052009.444|INFO|qtp537548559-22|log|Started ConnectionManager
260327 052009.446|SEVERE|qtp537548559-22|log|Cannot start PC^2, pc2v9.ini file not found in /home/shahd/eclipse-workspace/wti1
260327 052009.447|INFO|qtp537548559-22|log|Contacting server at localhost:50002
260327 052009.448|INFO|qtp537548559-22|log|Connecting to localhost:50002
260327 052014.248|INFO|Thread-11|log|EOFException in receive for Socket[addr=localhost/127.0.0.1,port=50002,localport=39258]-4535473012778768452
|java.io.EOFException: null
|    at java.io.ObjectInputStream$BlockDataInputStream.peekByte (ObjectInputStream.java:3210)
|    at java.io.ObjectInputStream.readObject0 (ObjectInputStream.java:1638)
|    at java.io.ObjectInputStream.readObject (ObjectInputStream.java:489)
|    at java.io.ObjectInputStream.readObject (ObjectInputStream.java:447)
|    at edu.csus.ecs.pc2.core.transport.ConnectionHandlerThread.receive (ConnectionHandlerThread.java:152)
|    at edu.csus.ecs.pc2.core.transport.ConnectionHandlerClientThread.run (ConnectionHandlerClientThread.java:66)
260327 052014.255|FINER|Thread-11|run|THROW
|edu.csus.ecs.pc2.core.transport.TransportException: null
|    at edu.csus.ecs.pc2.core.transport.ConnectionHandlerThread.receive (ConnectionHandlerThread.java:159)
|    at edu.csus.ecs.pc2.core.transport.ConnectionHandlerClientThread.run (ConnectionHandlerClientThread.java:66)
260327 052014.255|FINER|Thread-11|run - e.getmessage is null()|THROW
|edu.csus.ecs.pc2.core.transport.TransportException: null
|    at edu.csus.ecs.pc2.core.transport.ConnectionHandlerThread.receive (ConnectionHandlerThread.java:159)
|    at edu.csus.ecs.pc2.core.transport.ConnectionHandlerClientThread.run (ConnectionHandlerClientThread.java:66)
