260413 215813.177|CONFIG|qtp1395089624-61|log|Now logging to C:\Users\Shahd\git\2shahds_WCF_2026\logs directory.
260413 215813.179|INFO|qtp1395089624-61|log|
260413 215813.181|INFO|qtp1395089624-61|log|Version 9.10.0 () Java ver 21.0.8 build 7065 Windows 11 10.0 (amd64) 
260413 215813.181|INFO|qtp1395089624-61|log|Working directory is C:\Users\Shahd\git\2shahds_WCF_2026
260413 215813.198|INFO|qtp1395089624-61|log|Process id is 31028@DESKTOP-5EPLK95
260413 215813.201|INFO|qtp1395089624-61|log|Starting ConnectionManager...
260413 215813.247|INFO|qtp1395089624-61|log|Started ConnectionManager
260413 215813.249|SEVERE|qtp1395089624-61|log|Cannot start PC^2, pc2v9.ini file not found in C:\Users\Shahd\git\2shahds_WCF_2026
260413 215813.250|INFO|qtp1395089624-61|log|Contacting server at localhost:50002
260413 215813.251|INFO|qtp1395089624-61|log|Connecting to localhost:50002
260413 220129.811|INFO|Thread-18|log|EOFException in receive for Socket[addr=localhost/127.0.0.1,port=50002,localport=51354]-3212773182371885021
|java.io.EOFException: null
|    at java.io.ObjectInputStream$BlockDataInputStream.peekByte (ObjectInputStream.java:3232)
|    at java.io.ObjectInputStream.readObject0 (ObjectInputStream.java:1713)
|    at java.io.ObjectInputStream.readObject (ObjectInputStream.java:540)
|    at java.io.ObjectInputStream.readObject (ObjectInputStream.java:498)
|    at edu.csus.ecs.pc2.core.transport.ConnectionHandlerThread.receive (ConnectionHandlerThread.java:152)
|    at edu.csus.ecs.pc2.core.transport.ConnectionHandlerClientThread.run (ConnectionHandlerClientThread.java:66)
260413 220129.814|FINER|Thread-18|run|THROW
|edu.csus.ecs.pc2.core.transport.TransportException: null
|    at edu.csus.ecs.pc2.core.transport.ConnectionHandlerThread.receive (ConnectionHandlerThread.java:159)
|    at edu.csus.ecs.pc2.core.transport.ConnectionHandlerClientThread.run (ConnectionHandlerClientThread.java:66)
260413 220129.815|FINER|Thread-18|run - e.getmessage is null()|THROW
|edu.csus.ecs.pc2.core.transport.TransportException: null
|    at edu.csus.ecs.pc2.core.transport.ConnectionHandlerThread.receive (ConnectionHandlerThread.java:159)
|    at edu.csus.ecs.pc2.core.transport.ConnectionHandlerClientThread.run (ConnectionHandlerClientThread.java:66)
