260318 231423.477|CONFIG|qtp997608398-20|log|Now logging to C:\Users\Lenovo\git\WCF_New_Update\WCF_2026\2shahds_WCF_2026\logs directory.
260318 231423.478|INFO|qtp997608398-20|log|
260318 231423.478|INFO|qtp997608398-20|log|Version 9.10.0 () Java ver 1.8.0_51 build 7065 Windows 8.1 6.3 (amd64) 
260318 231423.478|INFO|qtp997608398-20|log|Working directory is C:\Users\Lenovo\git\WCF_New_Update\WCF_2026\2shahds_WCF_2026
260318 231423.479|INFO|qtp997608398-20|log|Process id is 12720@lilsaados
260318 231423.480|INFO|qtp997608398-20|log|Starting ConnectionManager...
260318 231423.492|INFO|qtp997608398-20|log|Started ConnectionManager
260318 231423.493|SEVERE|qtp997608398-20|log|Cannot start PC^2, pc2v9.ini file not found in C:\Users\Lenovo\git\WCF_New_Update\WCF_2026\2shahds_WCF_2026
260318 231423.493|INFO|qtp997608398-20|log|Contacting server at localhost:50002
260318 231423.493|INFO|qtp997608398-20|log|Connecting to localhost:50002
260318 231423.499|INFO|Thread-22|log|receiveUnencrypted(TransportWrapper, ConnectionHandlerID=Socket[addr=localhost/127.0.0.1,port=50002,localport=57199]--4504425510232849993)
260318 231423.502|INFO|Thread-22|log|receiveUnencrypted Made a secret key for Socket[addr=localhost/127.0.0.1,port=50002,localport=57199]--4504425510232849993 key is com.sun.crypto.provider.DESKey@185dd
260318 232059.543|INFO|Thread-22|log|EOFException in receive for Socket[addr=localhost/127.0.0.1,port=50002,localport=57199]--4504425510232849993
|java.io.EOFException: null
|    at java.io.ObjectInputStream$BlockDataInputStream.peekByte (Unknown Source)
|    at java.io.ObjectInputStream.readObject0 (Unknown Source)
|    at java.io.ObjectInputStream.readObject (Unknown Source)
|    at edu.csus.ecs.pc2.core.transport.ConnectionHandlerThread.receive (ConnectionHandlerThread.java:152)
|    at edu.csus.ecs.pc2.core.transport.ConnectionHandlerClientThread.run (ConnectionHandlerClientThread.java:66)
260318 232059.544|FINER|Thread-22|run|THROW
|edu.csus.ecs.pc2.core.transport.TransportException: null
|    at edu.csus.ecs.pc2.core.transport.ConnectionHandlerThread.receive (ConnectionHandlerThread.java:159)
|    at edu.csus.ecs.pc2.core.transport.ConnectionHandlerClientThread.run (ConnectionHandlerClientThread.java:66)
260318 232059.544|FINER|Thread-22|run - e.getmessage is null()|THROW
|edu.csus.ecs.pc2.core.transport.TransportException: null
|    at edu.csus.ecs.pc2.core.transport.ConnectionHandlerThread.receive (ConnectionHandlerThread.java:159)
|    at edu.csus.ecs.pc2.core.transport.ConnectionHandlerClientThread.run (ConnectionHandlerClientThread.java:66)
