260416 003332.066|CONFIG|qtp1395089624-32|log|Now logging to C:\Users\Shahd\Documents\WCF_Gitlab\wwfapi\logs directory.
260416 003332.067|INFO|qtp1395089624-32|log|
260416 003332.067|INFO|qtp1395089624-32|log|Version 9.10.0 () Java ver 21.0.8 build 7065 Windows 11 10.0 (amd64) 
260416 003332.069|INFO|qtp1395089624-32|log|Working directory is C:\Users\Shahd\Documents\WCF_Gitlab\wwfapi
260416 003332.075|INFO|qtp1395089624-32|log|Process id is 496@DESKTOP-5EPLK95
260416 003332.076|INFO|qtp1395089624-32|log|Starting ConnectionManager...
260416 003332.088|INFO|qtp1395089624-32|log|Started ConnectionManager
260416 003332.105|INFO|qtp1395089624-32|log|INIFile File location: file:/C:/Users/Shahd/Documents/WCF_Gitlab/wwfapi/pc2v9.ini
260416 003332.106|INFO|qtp1395089624-32|log|setClientServerAndPort localhost parsed as localhost port 50002
260416 003332.106|INFO|qtp1395089624-32|log|Contacting server at localhost:50002
260416 003332.107|INFO|qtp1395089624-32|log|Connecting to localhost:50002
260416 003332.109|INFO|qtp1395089624-32|log|IO Exception:localhost
260416 003332.110|INFO|qtp1395089624-32|log|Could not ConnectToMyServer()
260416 003332.110|INFO|qtp1395089624-32|log|Exception contacting my server 
|edu.csus.ecs.pc2.core.transport.TransportException: Connection refused: connect
|    at edu.csus.ecs.pc2.core.transport.TransportManager.connectToMyServer (TransportManager.java:198)
|    at edu.csus.ecs.pc2.core.transport.connection.ConnectionManager.connectToMyServer (ConnectionManager.java:100)
|    at edu.csus.ecs.pc2.core.InternalController.start (InternalController.java:3084)
|    at edu.csus.ecs.pc2.api.ServerConnection.login (ServerConnection.java:158)
|    at controllers.maincontroller.loginApi (maincontroller.java:125)
|    at jdk.internal.reflect.DirectMethodHandleAccessor.invoke (DirectMethodHandleAccessor.java:103)
|    at java.lang.reflect.Method.invoke (Method.java:580)
|    at org.glassfish.jersey.server.model.internal.ResourceMethodInvocationHandlerFactory.lambda$static$0 (ResourceMethodInvocationHandlerFactory.java:52)
|    at org.glassfish.jersey.server.model.internal.AbstractJavaResourceMethodDispatcher$1.run (AbstractJavaResourceMethodDispatcher.java:146)
|    at org.glassfish.jersey.server.model.internal.AbstractJavaResourceMethodDispatcher.invoke (AbstractJavaResourceMethodDispatcher.java:189)
|    at org.glassfish.jersey.server.model.internal.JavaResourceMethodDispatcherProvider$ResponseOutInvoker.doDispatch (JavaResourceMethodDispatcherProvider.java:176)
|    at org.glassfish.jersey.server.model.internal.AbstractJavaResourceMethodDispatcher.dispatch (AbstractJavaResourceMethodDispatcher.java:93)
|    at org.glassfish.jersey.server.model.ResourceMethodInvoker.invoke (ResourceMethodInvoker.java:478)
|    at org.glassfish.jersey.server.model.ResourceMethodInvoker.apply (ResourceMethodInvoker.java:400)
|    at org.glassfish.jersey.server.model.ResourceMethodInvoker.apply (ResourceMethodInvoker.java:81)
|    at org.glassfish.jersey.server.ServerRuntime$1.run (ServerRuntime.java:256)
|    at org.glassfish.jersey.internal.Errors$1.call (Errors.java:248)
|    at org.glassfish.jersey.internal.Errors$1.call (Errors.java:244)
|    at org.glassfish.jersey.internal.Errors.process (Errors.java:292)
|    at org.glassfish.jersey.internal.Errors.process (Errors.java:274)
|    at org.glassfish.jersey.internal.Errors.process (Errors.java:244)
|    at org.glassfish.jersey.process.internal.RequestScope.runInScope (RequestScope.java:265)
|    at org.glassfish.jersey.server.ServerRuntime.process (ServerRuntime.java:235)
|    at org.glassfish.jersey.server.ApplicationHandler.handle (ApplicationHandler.java:684)
|    at org.glassfish.jersey.servlet.WebComponent.serviceImpl (WebComponent.java:398)
|    at org.glassfish.jersey.servlet.WebComponent.service (WebComponent.java:350)
|    at org.glassfish.jersey.servlet.ServletContainer.service (ServletContainer.java:379)
|    at org.glassfish.jersey.servlet.ServletContainer.service (ServletContainer.java:312)
|    at org.glassfish.jersey.servlet.ServletContainer.service (ServletContainer.java:205)
|    at org.eclipse.jetty.servlet.ServletHolder.handle (ServletHolder.java:799)
|    at org.eclipse.jetty.servlet.ServletHandler.doHandle (ServletHandler.java:554)
|    at org.eclipse.jetty.server.handler.ScopedHandler.nextHandle (ScopedHandler.java:233)
|    at org.eclipse.jetty.server.handler.ContextHandler.doHandle (ContextHandler.java:1440)
|    at org.eclipse.jetty.server.handler.ScopedHandler.nextScope (ScopedHandler.java:188)
|    at org.eclipse.jetty.servlet.ServletHandler.doScope (ServletHandler.java:505)
|    at org.eclipse.jetty.server.handler.ScopedHandler.nextScope (ScopedHandler.java:186)
|    at org.eclipse.jetty.server.handler.ContextHandler.doScope (ContextHandler.java:1355)
|    at org.eclipse.jetty.server.handler.ScopedHandler.handle (ScopedHandler.java:141)
|    at org.eclipse.jetty.server.handler.HandlerList.handle (HandlerList.java:59)
|    at web1.webServer$1.handle (webServer.java:85)
|    at org.eclipse.jetty.server.handler.HandlerWrapper.handle (HandlerWrapper.java:127)
|    at org.eclipse.jetty.server.Server.handle (Server.java:516)
|    at org.eclipse.jetty.server.HttpChannel.lambda$handle$1 (HttpChannel.java:487)
|    at org.eclipse.jetty.server.HttpChannel.dispatch (HttpChannel.java:732)
|    at org.eclipse.jetty.server.HttpChannel.handle (HttpChannel.java:479)
|    at org.eclipse.jetty.server.HttpConnection.onFillable (HttpConnection.java:277)
|    at org.eclipse.jetty.io.AbstractConnection$ReadCallback.succeeded (AbstractConnection.java:311)
|    at org.eclipse.jetty.io.FillInterest.fillable (FillInterest.java:105)
|    at org.eclipse.jetty.io.ChannelEndPoint$1.run (ChannelEndPoint.java:104)
|    at org.eclipse.jetty.util.thread.strategy.EatWhatYouKill.runTask (EatWhatYouKill.java:338)
|    at org.eclipse.jetty.util.thread.strategy.EatWhatYouKill.doProduce (EatWhatYouKill.java:315)
|    at org.eclipse.jetty.util.thread.strategy.EatWhatYouKill.tryProduce (EatWhatYouKill.java:173)
|    at org.eclipse.jetty.util.thread.strategy.EatWhatYouKill.produce (EatWhatYouKill.java:137)
|    at org.eclipse.jetty.util.thread.QueuedThreadPool.runJob (QueuedThreadPool.java:883)
|    at org.eclipse.jetty.util.thread.QueuedThreadPool$Runner.run (QueuedThreadPool.java:1034)
|    at java.lang.Thread.run (Thread.java:1583)
260416 003332.111|INFO|qtp1395089624-32|log|Unable to contact server at localhost:0 Connection refused: connect
260416 003332.112|SEVERE|qtp1395089624-32|log|Unable to contact server at: localhost:50002, contact staff
|edu.csus.ecs.pc2.core.transport.TransportException: Connection refused: connect
|    at edu.csus.ecs.pc2.core.transport.TransportManager.connectToMyServer (TransportManager.java:198)
|    at edu.csus.ecs.pc2.core.transport.connection.ConnectionManager.connectToMyServer (ConnectionManager.java:100)
|    at edu.csus.ecs.pc2.core.InternalController.start (InternalController.java:3084)
|    at edu.csus.ecs.pc2.api.ServerConnection.login (ServerConnection.java:158)
|    at controllers.maincontroller.loginApi (maincontroller.java:125)
|    at jdk.internal.reflect.DirectMethodHandleAccessor.invoke (DirectMethodHandleAccessor.java:103)
|    at java.lang.reflect.Method.invoke (Method.java:580)
|    at org.glassfish.jersey.server.model.internal.ResourceMethodInvocationHandlerFactory.lambda$static$0 (ResourceMethodInvocationHandlerFactory.java:52)
|    at org.glassfish.jersey.server.model.internal.AbstractJavaResourceMethodDispatcher$1.run (AbstractJavaResourceMethodDispatcher.java:146)
|    at org.glassfish.jersey.server.model.internal.AbstractJavaResourceMethodDispatcher.invoke (AbstractJavaResourceMethodDispatcher.java:189)
|    at org.glassfish.jersey.server.model.internal.JavaResourceMethodDispatcherProvider$ResponseOutInvoker.doDispatch (JavaResourceMethodDispatcherProvider.java:176)
|    at org.glassfish.jersey.server.model.internal.AbstractJavaResourceMethodDispatcher.dispatch (AbstractJavaResourceMethodDispatcher.java:93)
|    at org.glassfish.jersey.server.model.ResourceMethodInvoker.invoke (ResourceMethodInvoker.java:478)
|    at org.glassfish.jersey.server.model.ResourceMethodInvoker.apply (ResourceMethodInvoker.java:400)
|    at org.glassfish.jersey.server.model.ResourceMethodInvoker.apply (ResourceMethodInvoker.java:81)
|    at org.glassfish.jersey.server.ServerRuntime$1.run (ServerRuntime.java:256)
|    at org.glassfish.jersey.internal.Errors$1.call (Errors.java:248)
|    at org.glassfish.jersey.internal.Errors$1.call (Errors.java:244)
|    at org.glassfish.jersey.internal.Errors.process (Errors.java:292)
|    at org.glassfish.jersey.internal.Errors.process (Errors.java:274)
|    at org.glassfish.jersey.internal.Errors.process (Errors.java:244)
|    at org.glassfish.jersey.process.internal.RequestScope.runInScope (RequestScope.java:265)
|    at org.glassfish.jersey.server.ServerRuntime.process (ServerRuntime.java:235)
|    at org.glassfish.jersey.server.ApplicationHandler.handle (ApplicationHandler.java:684)
|    at org.glassfish.jersey.servlet.WebComponent.serviceImpl (WebComponent.java:398)
|    at org.glassfish.jersey.servlet.WebComponent.service (WebComponent.java:350)
|    at org.glassfish.jersey.servlet.ServletContainer.service (ServletContainer.java:379)
|    at org.glassfish.jersey.servlet.ServletContainer.service (ServletContainer.java:312)
|    at org.glassfish.jersey.servlet.ServletContainer.service (ServletContainer.java:205)
|    at org.eclipse.jetty.servlet.ServletHolder.handle (ServletHolder.java:799)
|    at org.eclipse.jetty.servlet.ServletHandler.doHandle (ServletHandler.java:554)
|    at org.eclipse.jetty.server.handler.ScopedHandler.nextHandle (ScopedHandler.java:233)
|    at org.eclipse.jetty.server.handler.ContextHandler.doHandle (ContextHandler.java:1440)
|    at org.eclipse.jetty.server.handler.ScopedHandler.nextScope (ScopedHandler.java:188)
|    at org.eclipse.jetty.servlet.ServletHandler.doScope (ServletHandler.java:505)
|    at org.eclipse.jetty.server.handler.ScopedHandler.nextScope (ScopedHandler.java:186)
|    at org.eclipse.jetty.server.handler.ContextHandler.doScope (ContextHandler.java:1355)
|    at org.eclipse.jetty.server.handler.ScopedHandler.handle (ScopedHandler.java:141)
|    at org.eclipse.jetty.server.handler.HandlerList.handle (HandlerList.java:59)
|    at web1.webServer$1.handle (webServer.java:85)
|    at org.eclipse.jetty.server.handler.HandlerWrapper.handle (HandlerWrapper.java:127)
|    at org.eclipse.jetty.server.Server.handle (Server.java:516)
|    at org.eclipse.jetty.server.HttpChannel.lambda$handle$1 (HttpChannel.java:487)
|    at org.eclipse.jetty.server.HttpChannel.dispatch (HttpChannel.java:732)
|    at org.eclipse.jetty.server.HttpChannel.handle (HttpChannel.java:479)
|    at org.eclipse.jetty.server.HttpConnection.onFillable (HttpConnection.java:277)
|    at org.eclipse.jetty.io.AbstractConnection$ReadCallback.succeeded (AbstractConnection.java:311)
|    at org.eclipse.jetty.io.FillInterest.fillable (FillInterest.java:105)
|    at org.eclipse.jetty.io.ChannelEndPoint$1.run (ChannelEndPoint.java:104)
|    at org.eclipse.jetty.util.thread.strategy.EatWhatYouKill.runTask (EatWhatYouKill.java:338)
|    at org.eclipse.jetty.util.thread.strategy.EatWhatYouKill.doProduce (EatWhatYouKill.java:315)
|    at org.eclipse.jetty.util.thread.strategy.EatWhatYouKill.tryProduce (EatWhatYouKill.java:173)
|    at org.eclipse.jetty.util.thread.strategy.EatWhatYouKill.produce (EatWhatYouKill.java:137)
|    at org.eclipse.jetty.util.thread.QueuedThreadPool.runJob (QueuedThreadPool.java:883)
|    at org.eclipse.jetty.util.thread.QueuedThreadPool$Runner.run (QueuedThreadPool.java:1034)
|    at java.lang.Thread.run (Thread.java:1583)
