260416 000540.248|CONFIG|qtp1395089624-31|log|Now logging to C:\Users\Shahd\Documents\WCF_Gitlab\wwfapi\logs directory.
260416 000540.250|INFO|qtp1395089624-31|log|
260416 000540.251|INFO|qtp1395089624-31|log|Version 9.11build () Java ver 21.0.8 build 7339~develop Windows 11 10.0 (amd64) 
260416 000540.251|INFO|qtp1395089624-31|log|Working directory is C:\Users\Shahd\Documents\WCF_Gitlab\wwfapi
260416 000540.257|INFO|qtp1395089624-31|log|Process id is 11216@DESKTOP-5EPLK95
260416 000540.258|INFO|qtp1395089624-31|log|Starting ConnectionManager...
260416 000540.267|INFO|qtp1395089624-31|log|Started ConnectionManager
260416 000540.285|INFO|qtp1395089624-31|log|INIFile File location: file:/C:/Users/Shahd/Documents/WCF_Gitlab/wwfapi/pc2v9.ini
260416 000540.285|INFO|qtp1395089624-31|log|setClientServerAndPort webworkflow.aast.edu parsed as webworkflow.aast.edu port 50002
260416 000540.286|INFO|qtp1395089624-31|log|Contacting server at webworkflow.aast.edu:50002
260416 000540.286|INFO|qtp1395089624-31|log|Connecting to webworkflow.aast.edu:50002
260416 000540.601|INFO|Thread-17|log|receiveUnencrypted(TransportWrapper, ConnectionHandlerID=Socket[addr=webworkflow.aast.edu/128.251.8.78,port=50002,localport=50922]-5048040306637114880)
260416 000540.622|INFO|Thread-17|log|receiveUnencrypted Made a secret key for Socket[addr=webworkflow.aast.edu/128.251.8.78,port=50002,localport=50922]-5048040306637114880 key is com.sun.crypto.provider.DESKey@fffe7826
260416 000540.622|INFO|Thread-17|log|Generating Unencrypted Public Key Packet
260416 000540.623|INFO|Thread-17|log|checking key:= SunJCE Diffie-Hellman Public Key:
y:
    3f30a2ad 0ee724bc 3697dc93 7a0fe24f c413bcdf 0763248d 8c04153c 657416d7
    49fd8b37 b9814bad 89679dea 2e035cca baf9f33f b74ce87a 58334765 3e54fc9c
    1339b131 c667573e 9433cc91 69c96a49 15b7e880 83a64d80 e2cbfed9 9010e122
    c9468225 15c8c7c5 1e016066 5507bea6 2a573c10 45f834bc 1b152d0a c9a22428
p:
    f488fd58 4e49dbcd 20b49de4 9107366b 336c380d 451d0f7c 88b31c7c 5b2d8ef6
    f3c923c0 43f0a55b 188d8ebb 558cb85d 38d334fd 7c175743 a31d186c de33212c
    b52aff3c e1b12940 18118d7c 84a70a72 d686c403 19c80729 7aca950c d9969fab
    d00a509b 0246d308 3d66a45d 419f9c7c bd894b22 1926baab a25ec355 e92f78c7
g:
    02
l:
    512
260416 000540.624|INFO|Thread-17|log|packet:= edu.csus.ecs.pc2.core.transport.TransportWrapper@41559248
