260404 035626.356|CONFIG|qtp537548559-12|log|Now logging to /home/shahd/eclipse-workspace/wti1/logs directory.
260404 035626.358|INFO|qtp537548559-12|log|
260404 035626.360|INFO|qtp537548559-12|log|Version 9.10.0 () Java ver 11.0.30 build 7065 Linux 6.8.0-106-generic (amd64) 
260404 035626.361|INFO|qtp537548559-12|log|Working directory is /home/shahd/eclipse-workspace/wti1
260404 035626.370|INFO|qtp537548559-12|log|Process id is 24135@shahoda
260404 035626.371|INFO|qtp537548559-12|log|Starting ConnectionManager...
260404 035626.496|INFO|qtp537548559-12|log|Started ConnectionManager
260404 035626.497|SEVERE|qtp537548559-12|log|Cannot start PC^2, pc2v9.ini file not found in /home/shahd/eclipse-workspace/wti1
260404 035626.498|INFO|qtp537548559-12|log|Contacting server at localhost:50002
260404 035626.499|INFO|qtp537548559-12|log|Connecting to localhost:50002
260404 035627.105|INFO|Thread-10|log|EOFException in receive for Socket[addr=localhost/127.0.0.1,port=50002,localport=34536]--8705759321531086135
|java.io.EOFException: null
|    at java.io.ObjectInputStream$BlockDataInputStream.peekByte (ObjectInputStream.java:3210)
|    at java.io.ObjectInputStream.readObject0 (ObjectInputStream.java:1638)
|    at java.io.ObjectInputStream.readObject (ObjectInputStream.java:489)
|    at java.io.ObjectInputStream.readObject (ObjectInputStream.java:447)
|    at edu.csus.ecs.pc2.core.transport.ConnectionHandlerThread.receive (ConnectionHandlerThread.java:152)
|    at edu.csus.ecs.pc2.core.transport.ConnectionHandlerClientThread.run (ConnectionHandlerClientThread.java:66)
260404 035627.119|FINER|Thread-10|run|THROW
|edu.csus.ecs.pc2.core.transport.TransportException: null
|    at edu.csus.ecs.pc2.core.transport.ConnectionHandlerThread.receive (ConnectionHandlerThread.java:159)
|    at edu.csus.ecs.pc2.core.transport.ConnectionHandlerClientThread.run (ConnectionHandlerClientThread.java:66)
260404 035627.120|FINER|Thread-10|run - e.getmessage is null()|THROW
|edu.csus.ecs.pc2.core.transport.TransportException: null
|    at edu.csus.ecs.pc2.core.transport.ConnectionHandlerThread.receive (ConnectionHandlerThread.java:159)
|    at edu.csus.ecs.pc2.core.transport.ConnectionHandlerClientThread.run (ConnectionHandlerClientThread.java:66)
