260418 220429.329|CONFIG|qtp1603195447-30|log|Now logging to C:\Users\Shahd\git\2shahds_WCF_2026\logs directory.
260418 220429.329|INFO|qtp1603195447-30|log|
260418 220429.329|INFO|qtp1603195447-30|log|Version 9.10.0 () Java ver 21.0.8 build 7065 Windows 11 10.0 (amd64) 
260418 220429.330|INFO|qtp1603195447-30|log|Working directory is C:\Users\Shahd\git\2shahds_WCF_2026
260418 220429.331|INFO|qtp1603195447-30|log|Process id is 18736@DESKTOP-5EPLK95
260418 220429.333|INFO|qtp1603195447-30|log|Starting ConnectionManager...
260418 220429.337|INFO|qtp1603195447-30|log|Started ConnectionManager
260418 220429.339|SEVERE|qtp1603195447-30|log|Cannot start PC^2, pc2v9.ini file not found in C:\Users\Shahd\git\2shahds_WCF_2026
260418 220429.339|INFO|qtp1603195447-30|log|Contacting server at localhost:50002
260418 220429.339|INFO|qtp1603195447-30|log|Connecting to localhost:50002
260418 220429.347|INFO|Thread-35|log|receiveUnencrypted(TransportWrapper, ConnectionHandlerID=Socket[addr=localhost/127.0.0.1,port=50002,localport=50824]-5065918099427556440)
260418 220557.860|INFO|Thread-35|log|EOFException in receive for Socket[addr=localhost/127.0.0.1,port=50002,localport=50824]-5065918099427556440
|java.io.EOFException: null
|    at java.io.ObjectInputStream$BlockDataInputStream.peekByte (ObjectInputStream.java:3232)
|    at java.io.ObjectInputStream.readObject0 (ObjectInputStream.java:1713)
|    at java.io.ObjectInputStream.readObject (ObjectInputStream.java:540)
|    at java.io.ObjectInputStream.readObject (ObjectInputStream.java:498)
|    at edu.csus.ecs.pc2.core.transport.ConnectionHandlerThread.receive (ConnectionHandlerThread.java:152)
|    at edu.csus.ecs.pc2.core.transport.ConnectionHandlerClientThread.run (ConnectionHandlerClientThread.java:66)
260418 220557.860|FINER|Thread-35|run|THROW
|edu.csus.ecs.pc2.core.transport.TransportException: null
|    at edu.csus.ecs.pc2.core.transport.ConnectionHandlerThread.receive (ConnectionHandlerThread.java:159)
|    at edu.csus.ecs.pc2.core.transport.ConnectionHandlerClientThread.run (ConnectionHandlerClientThread.java:66)
260418 220557.860|FINER|Thread-35|run - e.getmessage is null()|THROW
|edu.csus.ecs.pc2.core.transport.TransportException: null
|    at edu.csus.ecs.pc2.core.transport.ConnectionHandlerThread.receive (ConnectionHandlerThread.java:159)
|    at edu.csus.ecs.pc2.core.transport.ConnectionHandlerClientThread.run (ConnectionHandlerClientThread.java:66)
