260418 220656.922|CONFIG|qtp1603195447-31|log|Now logging to C:\Users\Shahd\git\2shahds_WCF_2026\logs directory.
260418 220656.923|INFO|qtp1603195447-31|log|
260418 220656.923|INFO|qtp1603195447-31|log|Version 9.10.0 () Java ver 21.0.8 build 7065 Windows 11 10.0 (amd64) 
260418 220656.923|INFO|qtp1603195447-31|log|Working directory is C:\Users\Shahd\git\2shahds_WCF_2026
260418 220656.924|INFO|qtp1603195447-31|log|Process id is 18736@DESKTOP-5EPLK95
260418 220656.924|INFO|qtp1603195447-31|log|Starting ConnectionManager...
260418 220656.927|INFO|qtp1603195447-31|log|Started ConnectionManager
260418 220656.928|SEVERE|qtp1603195447-31|log|Cannot start PC^2, pc2v9.ini file not found in C:\Users\Shahd\git\2shahds_WCF_2026
260418 220656.928|INFO|qtp1603195447-31|log|Contacting server at localhost:50002
260418 220656.928|INFO|qtp1603195447-31|log|Connecting to localhost:50002
260418 220656.935|INFO|Thread-47|log|receiveUnencrypted(TransportWrapper, ConnectionHandlerID=Socket[addr=localhost/127.0.0.1,port=50002,localport=61474]--956917453040600900)
260418 220656.936|INFO|Thread-47|log|receiveUnencrypted Made a secret key for Socket[addr=localhost/127.0.0.1,port=50002,localport=61474]--956917453040600900 key is com.sun.crypto.provider.DESKey@18599
260418 220656.937|INFO|Thread-47|log|Generating Unencrypted Public Key Packet
260418 220656.937|INFO|Thread-47|log|checking key:= SunJCE Diffie-Hellman Public Key:
y:
    da1a9155 2bb7907a 4ff08fd3 d88ba955 c7af2afd f2bcbb3d 88000fa4 970f042b
    9e4036b8 caa2aaf0 cda28b51 c353cba2 41f9726e c165dd1c 6bdc1f7f 90b65456
    58f4fd27 7ce5048a 2e5e4284 cb43d3ac 69f930ff a20b84a3 7e37a337 39ccd250
    7e2b4f85 a154bd2a bdb2fd0e b003aea9 2e6985f2 7960f21d 0eca0551 91ab314c
p:
    f488fd58 4e49dbcd 20b49de4 9107366b 336c380d 451d0f7c 88b31c7c 5b2d8ef6
    f3c923c0 43f0a55b 188d8ebb 558cb85d 38d334fd 7c175743 a31d186c de33212c
    b52aff3c e1b12940 18118d7c 84a70a72 d686c403 19c80729 7aca950c d9969fab
    d00a509b 0246d308 3d66a45d 419f9c7c bd894b22 1926baab a25ec355 e92f78c7
g:
    02
l:
    512
260418 220656.937|INFO|Thread-47|log|packet:= edu.csus.ecs.pc2.core.transport.TransportWrapper@27ab9481
260418 221102.197|INFO|Thread-47|log|EOFException in receive for Socket[addr=localhost/127.0.0.1,port=50002,localport=61474]--956917453040600900
|java.io.EOFException: null
|    at java.io.ObjectInputStream$BlockDataInputStream.peekByte (ObjectInputStream.java:3232)
|    at java.io.ObjectInputStream.readObject0 (ObjectInputStream.java:1713)
|    at java.io.ObjectInputStream.readObject (ObjectInputStream.java:540)
|    at java.io.ObjectInputStream.readObject (ObjectInputStream.java:498)
|    at edu.csus.ecs.pc2.core.transport.ConnectionHandlerThread.receive (ConnectionHandlerThread.java:152)
|    at edu.csus.ecs.pc2.core.transport.ConnectionHandlerClientThread.run (ConnectionHandlerClientThread.java:66)
260418 221102.197|FINER|Thread-47|run|THROW
|edu.csus.ecs.pc2.core.transport.TransportException: null
|    at edu.csus.ecs.pc2.core.transport.ConnectionHandlerThread.receive (ConnectionHandlerThread.java:159)
|    at edu.csus.ecs.pc2.core.transport.ConnectionHandlerClientThread.run (ConnectionHandlerClientThread.java:66)
260418 221102.197|FINER|Thread-47|run - e.getmessage is null()|THROW
|edu.csus.ecs.pc2.core.transport.TransportException: null
|    at edu.csus.ecs.pc2.core.transport.ConnectionHandlerThread.receive (ConnectionHandlerThread.java:159)
|    at edu.csus.ecs.pc2.core.transport.ConnectionHandlerClientThread.run (ConnectionHandlerClientThread.java:66)
