260224 212216.398|CONFIG|qtp38997010-18|log|Now logging to C:\Users\Lenovo\git\2shahds_WCF_2026\logs directory.
260224 212216.399|INFO|qtp38997010-18|log|
260224 212216.399|INFO|qtp38997010-18|log|Version 9.10.0 () Java ver 1.8.0_51 build 7065 Windows 8.1 6.3 (amd64) 
260224 212216.399|INFO|qtp38997010-18|log|Login: team1 (aka team1)
260224 212216.399|INFO|qtp38997010-18|log|Working directory is C:\Users\Lenovo\git\2shahds_WCF_2026
260224 212216.399|INFO|qtp38997010-18|log|Process id is 23624@lilsaados
260224 212216.399|INFO|qtp38997010-18|log|Contacting server at localhost:50002 as TEAM1 @ site 0
260224 212216.400|INFO|Thread-46|log|receiveUnencrypted(TransportWrapper, ConnectionHandlerID=Socket[addr=localhost/127.0.0.1,port=50002,localport=49258]--2512376172105638515)
260224 212216.400|INFO|qtp38997010-18|log|sendLoginRequest start - sending from TEAM1 @ site 0
260224 212216.401|INFO|qtp38997010-18|log|Sending packet to server Packet[LOGIN_REQUEST] #9 TEAM1 @ site 0 -> SERVER0 @ site 0
260224 212216.401|INFO|qtp38997010-18|log|Sent    packet to server Packet[LOGIN_REQUEST] #9 TEAM1 @ site 0 -> SERVER0 @ site 0
260224 212216.401|INFO|Thread-47|log|send(Serializable)
260224 212216.401|INFO|qtp38997010-18|log|sendLoginRequest end - packet sent.
260224 212216.404|INFO|Thread-46|log|receiveUnencrypted Made a secret key for Socket[addr=localhost/127.0.0.1,port=50002,localport=49258]--2512376172105638515 key is com.sun.crypto.provider.DESKey@1869b
260224 212216.404|INFO|Thread-46|log|Generating Unencrypted Public Key Packet
260224 212216.404|INFO|Thread-46|log|checking key:= SunJCE Diffie-Hellman Public Key:
y:
    431ef047 ffd63912 6dab263a e00144ef 796632e5 6fa76603 80df6583 dfb217f1
    35809d6c a8423a24 5cbdc9b8 41ee7c96 8d701905 4c005b40 0dd4e10f 92dde1b1
    00e6393b a92d73bc 5ad14c5a c7e577c7 07fa98a9 927993cd 4e0af8d6 27ea05d6
    3bed0e93 d15adc0e 5bf0744e 1082a0ea fc49e01c 20c566b1 5de63b41 4025d629
p:
    f488fd58 4e49dbcd 20b49de4 9107366b 336c380d 451d0f7c 88b31c7c 5b2d8ef6
    f3c923c0 43f0a55b 188d8ebb 558cb85d 38d334fd 7c175743 a31d186c de33212c
    b52aff3c e1b12940 18118d7c 84a70a72 d686c403 19c80729 7aca950c d9969fab
    d00a509b 0246d308 3d66a45d 419f9c7c bd894b22 1926baab a25ec355 e92f78c7
g:
    02
l:
    512
260224 212216.404|INFO|Thread-46|log|packet:= edu.csus.ecs.pc2.core.transport.TransportWrapper@2e7efaa5
260224 212216.418|INFO|Thread-46|log|public void receive(SealedObject TransportPacket, ConnectionHandlerID connectionHandlerID)
260224 212216.423|INFO|Thread-48|log| receiveObject(S) start got Packet[LOGIN_SUCCESS] #47 SERVER0 @ site 1 -> TEAM1 @ site 1
260224 212216.423|INFO|Thread-48|log|Packet LOGIN_SUCCESS (Seq #47, o#47 ) recieveObject
260224 212216.423|INFO|Thread-48|log|  From: SERVER0 @ site 1, oSERVER0 @ site 1 (lilsaados @ 169.254.83.107) (Contest Id: Default--8030075252927918473)
260224 212216.423|INFO|Thread-48|log|    To: TEAM1 @ site 1
260224 212216.423|INFO|Thread-48|log|   key: ACCOUNT_ARRAY is: [Ledu.csus.ecs.pc2.core.model.Account; [Ledu.csus.ecs.pc2.core.model.Account;@7146b772
260224 212216.423|INFO|Thread-48|log|   key: GENERAL_PROBLEM is: edu.csus.ecs.pc2.core.model.Problem General
260224 212216.423|INFO|Thread-48|log|   key: SERVER_CLOCK_OFFSET is: java.util.GregorianCalendar java.util.GregorianCalendar[time=1771960936413,areFieldsSet=true,areAllFieldsSet=false,lenient=true,zone=sun.util.calendar.ZoneInfo[id="GMT",offset=0,dstSavings=0,useDaylight=false,transitions=0,lastRule=null],firstDayOfWeek=1,minimalDaysInFirstWeek=1,ERA=1,YEAR=2026,MONTH=1,WEEK_OF_YEAR=9,WEEK_OF_MONTH=4,DAY_OF_MONTH=24,DAY_OF_YEAR=55,DAY_OF_WEEK=3,DAY_OF_WEEK_IN_MONTH=4,AM_PM=1,HOUR=7,HOUR_OF_DAY=19,MINUTE=22,SECOND=16,MILLISECOND=413,ZONE_OFFSET=0,DST_OFFSET=0]
260224 212216.423|INFO|Thread-48|log|   key: JUDGEMENT_LIST is: [Ledu.csus.ecs.pc2.core.model.Judgement; [Ledu.csus.ecs.pc2.core.model.Judgement;@7f81472a
260224 212216.423|INFO|Thread-48|log|   key: PROBLEM_DATA_FILES is: [Ledu.csus.ecs.pc2.core.model.ProblemDataFiles; [Ledu.csus.ecs.pc2.core.model.ProblemDataFiles;@7bbedc02
260224 212216.423|INFO|Thread-48|log|   key: LANGUAGE_LIST is: [Ledu.csus.ecs.pc2.core.model.Language; [Ledu.csus.ecs.pc2.core.model.Language;@3ebc4d11
260224 212216.423|INFO|Thread-48|log|   key: PROFILE is: edu.csus.ecs.pc2.core.model.Profile Default-917756220166097124
260224 212216.423|INFO|Thread-48|log|   key: BALLOON_SETTINGS_LIST is: [Ledu.csus.ecs.pc2.core.model.BalloonSettings; [Ledu.csus.ecs.pc2.core.model.BalloonSettings;@7a058093
260224 212216.423|INFO|Thread-48|log|   key: REMOTE_LOGGED_IN_USERS is: [Ledu.csus.ecs.pc2.core.model.ClientId; [Ledu.csus.ecs.pc2.core.model.ClientId;@f4830ee
260224 212216.423|INFO|Thread-48|log|   key: CLARIFICATION_LIST is: [Ledu.csus.ecs.pc2.core.model.Clarification; [Ledu.csus.ecs.pc2.core.model.Clarification;@21ba3c9
260224 212216.423|INFO|Thread-48|log|   key: CONTEST_IDENTIFIER is: java.lang.String Default--8030075252927918473
260224 212216.423|INFO|Thread-48|log|   key: PROBLEM_LIST is: [Ledu.csus.ecs.pc2.core.model.Problem; [Ledu.csus.ecs.pc2.core.model.Problem;@5e93b25e
260224 212216.423|INFO|Thread-48|log|   key: SITE_NUMBER is: java.lang.Integer 1
260224 212216.423|INFO|Thread-48|log|   key: CATEGORY_LIST is: [Ledu.csus.ecs.pc2.core.model.Category; [Ledu.csus.ecs.pc2.core.model.Category;@844a007
260224 212216.423|INFO|Thread-48|log|   key: CLIENT_SETTINGS_LIST is: [Ledu.csus.ecs.pc2.core.model.ClientSettings; [Ledu.csus.ecs.pc2.core.model.ClientSettings;@46c53ea1
260224 212216.423|INFO|Thread-48|log|   key: LOCAL_LOGGED_IN_USERS is: [Ledu.csus.ecs.pc2.core.model.ClientId; [Ledu.csus.ecs.pc2.core.model.ClientId;@191fc85b
260224 212216.423|INFO|Thread-48|log|   key: CLIENT_ID is: edu.csus.ecs.pc2.core.model.ClientId TEAM1 @ site 1
260224 212216.423|INFO|Thread-48|log|   key: GROUP_LIST is: [Ledu.csus.ecs.pc2.core.model.Group; [Ledu.csus.ecs.pc2.core.model.Group;@5add8864
260224 212216.424|INFO|Thread-48|log|   key: CONNECTION_HANDLE_ID_LIST is: [Ledu.csus.ecs.pc2.core.transport.ConnectionHandlerID; [Ledu.csus.ecs.pc2.core.transport.ConnectionHandlerID;@77344fa0
260224 212216.424|INFO|Thread-48|log|   key: CONTEST_TIME is: edu.csus.ecs.pc2.core.model.ContestTime edu.csus.ecs.pc2.core.model.ContestTime@18eb47d1
260224 212216.424|INFO|Thread-48|log|   key: PROFILE_LIST is: [Ledu.csus.ecs.pc2.core.model.Profile; [Ledu.csus.ecs.pc2.core.model.Profile;@7f511987
260224 212216.424|INFO|Thread-48|log|   key: CONTEST_TIME_LIST is: [Ledu.csus.ecs.pc2.core.model.ContestTime; [Ledu.csus.ecs.pc2.core.model.ContestTime;@49f920a1
260224 212216.424|INFO|Thread-48|log|   key: CONTEST_INFORMATION is: edu.csus.ecs.pc2.core.model.ContestInformation edu.csus.ecs.pc2.core.model.ContestInformation@1c652f71
260224 212216.424|INFO|Thread-48|log|   key: SITE_LIST is: [Ledu.csus.ecs.pc2.core.model.Site; [Ledu.csus.ecs.pc2.core.model.Site;@5e7226e3
260224 212216.424|INFO|Thread-48|log|   key: RUN_LIST is: [Ledu.csus.ecs.pc2.core.model.Run; [Ledu.csus.ecs.pc2.core.model.Run;@2918918b
260224 212216.424|INFO|Thread-48|log|handlePacket start Packet[LOGIN_SUCCESS] #47 SERVER0 @ site 1 -> TEAM1 @ site 1
260224 212216.424|INFO|Thread-48|log|Packet LOGIN_SUCCESS (Seq #47, o#47 ) handlePacket
260224 212216.424|INFO|Thread-48|log|  From: SERVER0 @ site 1, oSERVER0 @ site 1 (lilsaados @ 169.254.83.107) (Contest Id: Default--8030075252927918473)
260224 212216.424|INFO|Thread-48|log|    To: TEAM1 @ site 1
260224 212216.424|INFO|Thread-48|log|   key: ACCOUNT_ARRAY is: [Ledu.csus.ecs.pc2.core.model.Account; [Ledu.csus.ecs.pc2.core.model.Account;@7146b772
260224 212216.424|INFO|Thread-48|log|   key: GENERAL_PROBLEM is: edu.csus.ecs.pc2.core.model.Problem General
260224 212216.424|INFO|Thread-48|log|   key: SERVER_CLOCK_OFFSET is: java.util.GregorianCalendar java.util.GregorianCalendar[time=1771960936413,areFieldsSet=true,areAllFieldsSet=false,lenient=true,zone=sun.util.calendar.ZoneInfo[id="GMT",offset=0,dstSavings=0,useDaylight=false,transitions=0,lastRule=null],firstDayOfWeek=1,minimalDaysInFirstWeek=1,ERA=1,YEAR=2026,MONTH=1,WEEK_OF_YEAR=9,WEEK_OF_MONTH=4,DAY_OF_MONTH=24,DAY_OF_YEAR=55,DAY_OF_WEEK=3,DAY_OF_WEEK_IN_MONTH=4,AM_PM=1,HOUR=7,HOUR_OF_DAY=19,MINUTE=22,SECOND=16,MILLISECOND=413,ZONE_OFFSET=0,DST_OFFSET=0]
260224 212216.424|INFO|Thread-48|log|   key: JUDGEMENT_LIST is: [Ledu.csus.ecs.pc2.core.model.Judgement; [Ledu.csus.ecs.pc2.core.model.Judgement;@7f81472a
260224 212216.424|INFO|Thread-48|log|   key: PROBLEM_DATA_FILES is: [Ledu.csus.ecs.pc2.core.model.ProblemDataFiles; [Ledu.csus.ecs.pc2.core.model.ProblemDataFiles;@7bbedc02
260224 212216.424|INFO|Thread-48|log|   key: LANGUAGE_LIST is: [Ledu.csus.ecs.pc2.core.model.Language; [Ledu.csus.ecs.pc2.core.model.Language;@3ebc4d11
260224 212216.425|INFO|Thread-48|log|   key: PROFILE is: edu.csus.ecs.pc2.core.model.Profile Default-917756220166097124
260224 212216.425|INFO|Thread-48|log|   key: BALLOON_SETTINGS_LIST is: [Ledu.csus.ecs.pc2.core.model.BalloonSettings; [Ledu.csus.ecs.pc2.core.model.BalloonSettings;@7a058093
260224 212216.425|INFO|Thread-48|log|   key: REMOTE_LOGGED_IN_USERS is: [Ledu.csus.ecs.pc2.core.model.ClientId; [Ledu.csus.ecs.pc2.core.model.ClientId;@f4830ee
260224 212216.425|INFO|Thread-48|log|   key: CLARIFICATION_LIST is: [Ledu.csus.ecs.pc2.core.model.Clarification; [Ledu.csus.ecs.pc2.core.model.Clarification;@21ba3c9
260224 212216.425|INFO|Thread-48|log|   key: CONTEST_IDENTIFIER is: java.lang.String Default--8030075252927918473
260224 212216.425|INFO|Thread-48|log|   key: PROBLEM_LIST is: [Ledu.csus.ecs.pc2.core.model.Problem; [Ledu.csus.ecs.pc2.core.model.Problem;@5e93b25e
260224 212216.425|INFO|Thread-48|log|   key: SITE_NUMBER is: java.lang.Integer 1
260224 212216.425|INFO|Thread-48|log|   key: CATEGORY_LIST is: [Ledu.csus.ecs.pc2.core.model.Category; [Ledu.csus.ecs.pc2.core.model.Category;@844a007
260224 212216.425|INFO|Thread-48|log|   key: CLIENT_SETTINGS_LIST is: [Ledu.csus.ecs.pc2.core.model.ClientSettings; [Ledu.csus.ecs.pc2.core.model.ClientSettings;@46c53ea1
260224 212216.425|INFO|Thread-48|log|   key: LOCAL_LOGGED_IN_USERS is: [Ledu.csus.ecs.pc2.core.model.ClientId; [Ledu.csus.ecs.pc2.core.model.ClientId;@191fc85b
260224 212216.425|INFO|Thread-48|log|   key: CLIENT_ID is: edu.csus.ecs.pc2.core.model.ClientId TEAM1 @ site 1
260224 212216.425|INFO|Thread-48|log|   key: GROUP_LIST is: [Ledu.csus.ecs.pc2.core.model.Group; [Ledu.csus.ecs.pc2.core.model.Group;@5add8864
260224 212216.425|INFO|Thread-48|log|   key: CONNECTION_HANDLE_ID_LIST is: [Ledu.csus.ecs.pc2.core.transport.ConnectionHandlerID; [Ledu.csus.ecs.pc2.core.transport.ConnectionHandlerID;@77344fa0
260224 212216.425|INFO|Thread-48|log|   key: CONTEST_TIME is: edu.csus.ecs.pc2.core.model.ContestTime edu.csus.ecs.pc2.core.model.ContestTime@18eb47d1
260224 212216.425|INFO|Thread-48|log|   key: PROFILE_LIST is: [Ledu.csus.ecs.pc2.core.model.Profile; [Ledu.csus.ecs.pc2.core.model.Profile;@7f511987
260224 212216.425|INFO|Thread-48|log|   key: CONTEST_TIME_LIST is: [Ledu.csus.ecs.pc2.core.model.ContestTime; [Ledu.csus.ecs.pc2.core.model.ContestTime;@49f920a1
260224 212216.425|INFO|Thread-48|log|   key: CONTEST_INFORMATION is: edu.csus.ecs.pc2.core.model.ContestInformation edu.csus.ecs.pc2.core.model.ContestInformation@1c652f71
260224 212216.425|INFO|Thread-48|log|   key: SITE_LIST is: [Ledu.csus.ecs.pc2.core.model.Site; [Ledu.csus.ecs.pc2.core.model.Site;@5e7226e3
260224 212216.425|INFO|Thread-48|log|   key: RUN_LIST is: [Ledu.csus.ecs.pc2.core.model.Run; [Ledu.csus.ecs.pc2.core.model.Run;@2918918b
260302 224521.831|CONFIG|qtp1130478920-16|log|Now logging to /home/shahd/eclipse-workspace/wti1/logs directory.
260302 224521.832|INFO|qtp1130478920-16|log|
260302 224521.832|INFO|qtp1130478920-16|log|Version 9.10.0 () Java ver 11.0.30 build 7065 Linux 6.8.0-100-generic (amd64) 
260302 224521.832|INFO|qtp1130478920-16|log|Login: team1 (aka team1)
260302 224521.833|INFO|qtp1130478920-16|log|Working directory is /home/shahd/eclipse-workspace/wti1
260302 224521.833|INFO|qtp1130478920-16|log|Process id is 17247@shahoda
260302 224521.833|INFO|qtp1130478920-16|log|Contacting server at localhost:50002 as TEAM1 @ site 0
260302 224521.833|INFO|qtp1130478920-16|log|sendLoginRequest start - sending from TEAM1 @ site 0
260302 224521.834|INFO|qtp1130478920-16|log|Sending packet to server Packet[LOGIN_REQUEST] #7 TEAM1 @ site 0 -> SERVER0 @ site 0
260302 224521.834|INFO|qtp1130478920-16|log|Sent    packet to server Packet[LOGIN_REQUEST] #7 TEAM1 @ site 0 -> SERVER0 @ site 0
260302 224521.834|INFO|Thread-37|log|send(Serializable)
260302 224521.841|INFO|Thread-36|log|receiveUnencrypted(TransportWrapper, ConnectionHandlerID=Socket[addr=localhost/127.0.0.1,port=50002,localport=40452]--432686572310691532)
260302 224521.841|INFO|qtp1130478920-16|log|sendLoginRequest end - packet sent.
260302 224521.844|INFO|Thread-36|log|receiveUnencrypted Made a secret key for Socket[addr=localhost/127.0.0.1,port=50002,localport=40452]--432686572310691532 key is com.sun.crypto.provider.DESKey@fffe780e
260302 224521.845|INFO|Thread-36|log|Generating Unencrypted Public Key Packet
260302 224521.846|INFO|Thread-36|log|checking key:= SunJCE Diffie-Hellman Public Key:
y:
    b2cde430 05ae9fa2 c1c3c651 8c6b306f 1883e97f af188ff9 b355be39 1330ae2d
    d3582ace 323bcd4b 6385288b a4bad1b1 d86615e4 61dc8eb1 b84fa984 c95248a9
    d0a29c8a 19ac9950 4f297a70 2ddcec61 a6d6f997 6aa66f59 7fb1fa19 266fd9e8
    aa3d13a7 84453254 eec6ae1f f7882b82 2b15dc22 889d8f82 7e80bce1 1e7bdc87
p:
    f488fd58 4e49dbcd 20b49de4 9107366b 336c380d 451d0f7c 88b31c7c 5b2d8ef6
    f3c923c0 43f0a55b 188d8ebb 558cb85d 38d334fd 7c175743 a31d186c de33212c
    b52aff3c e1b12940 18118d7c 84a70a72 d686c403 19c80729 7aca950c d9969fab
    d00a509b 0246d308 3d66a45d 419f9c7c bd894b22 1926baab a25ec355 e92f78c7
g:
    02
l:
    512
260302 224521.846|INFO|Thread-36|log|packet:= edu.csus.ecs.pc2.core.transport.TransportWrapper@4d3b6ea6
260302 224521.953|INFO|Thread-36|log|public void receive(SealedObject TransportPacket, ConnectionHandlerID connectionHandlerID)
260302 224521.993|INFO|Thread-38|log| receiveObject(S) start got Packet[LOGIN_SUCCESS] #49 SERVER0 @ site 1 -> TEAM1 @ site 1
260302 224521.993|INFO|Thread-38|log|Packet LOGIN_SUCCESS (Seq #49, o#49 ) recieveObject
260302 224521.993|INFO|Thread-38|log|  From: SERVER0 @ site 1, oSERVER0 @ site 1 (shahoda @ 127.0.1.1) (Contest Id: Default--6159007321590187439)
260302 224521.993|INFO|Thread-38|log|    To: TEAM1 @ site 1
260302 224521.994|INFO|Thread-38|log|   key: PROFILE_LIST is: [Ledu.csus.ecs.pc2.core.model.Profile; [Ledu.csus.ecs.pc2.core.model.Profile;@61af43c4
260302 224521.994|INFO|Thread-38|log|   key: GENERAL_PROBLEM is: edu.csus.ecs.pc2.core.model.Problem General
260302 224521.994|INFO|Thread-38|log|   key: CLIENT_SETTINGS_LIST is: [Ledu.csus.ecs.pc2.core.model.ClientSettings; [Ledu.csus.ecs.pc2.core.model.ClientSettings;@6f68a181
260302 224521.994|INFO|Thread-38|log|   key: CONTEST_TIME is: edu.csus.ecs.pc2.core.model.ContestTime edu.csus.ecs.pc2.core.model.ContestTime@6b5728b4
260302 224521.994|INFO|Thread-38|log|   key: CLARIFICATION_LIST is: [Ledu.csus.ecs.pc2.core.model.Clarification; [Ledu.csus.ecs.pc2.core.model.Clarification;@2e55abba
260302 224521.994|INFO|Thread-38|log|   key: CATEGORY_LIST is: [Ledu.csus.ecs.pc2.core.model.Category; [Ledu.csus.ecs.pc2.core.model.Category;@357f7cd7
260302 224521.994|INFO|Thread-38|log|   key: LANGUAGE_LIST is: [Ledu.csus.ecs.pc2.core.model.Language; [Ledu.csus.ecs.pc2.core.model.Language;@1f31a750
260302 224521.994|INFO|Thread-38|log|   key: REMOTE_LOGGED_IN_USERS is: [Ledu.csus.ecs.pc2.core.model.ClientId; [Ledu.csus.ecs.pc2.core.model.ClientId;@4df12e8a
260302 224521.995|INFO|Thread-38|log|   key: CONTEST_TIME_LIST is: [Ledu.csus.ecs.pc2.core.model.ContestTime; [Ledu.csus.ecs.pc2.core.model.ContestTime;@4e7a54f5
260302 224521.995|INFO|Thread-38|log|   key: CONNECTION_HANDLE_ID_LIST is: [Ledu.csus.ecs.pc2.core.transport.ConnectionHandlerID; [Ledu.csus.ecs.pc2.core.transport.ConnectionHandlerID;@ad1029
260302 224521.995|INFO|Thread-38|log|   key: PROFILE is: edu.csus.ecs.pc2.core.model.Profile Default--6159007321590187439
260302 224521.995|INFO|Thread-38|log|   key: CLIENT_ID is: edu.csus.ecs.pc2.core.model.ClientId TEAM1 @ site 1
260302 224521.995|INFO|Thread-38|log|   key: SITE_NUMBER is: java.lang.Integer 1
260302 224521.995|INFO|Thread-38|log|   key: CONTEST_INFORMATION is: edu.csus.ecs.pc2.core.model.ContestInformation edu.csus.ecs.pc2.core.model.ContestInformation@12b42c4b
260302 224521.995|INFO|Thread-38|log|   key: SITE_LIST is: [Ledu.csus.ecs.pc2.core.model.Site; [Ledu.csus.ecs.pc2.core.model.Site;@56f5c5e9
260302 224521.995|INFO|Thread-38|log|   key: PROBLEM_DATA_FILES is: [Ledu.csus.ecs.pc2.core.model.ProblemDataFiles; [Ledu.csus.ecs.pc2.core.model.ProblemDataFiles;@4a34ee3e
260302 224521.996|INFO|Thread-38|log|   key: JUDGEMENT_LIST is: [Ledu.csus.ecs.pc2.core.model.Judgement; [Ledu.csus.ecs.pc2.core.model.Judgement;@22f09309
260302 224521.996|INFO|Thread-38|log|   key: PROBLEM_LIST is: [Ledu.csus.ecs.pc2.core.model.Problem; [Ledu.csus.ecs.pc2.core.model.Problem;@11152568
260302 224522.009|INFO|Thread-38|log|   key: GROUP_LIST is: [Ledu.csus.ecs.pc2.core.model.Group; [Ledu.csus.ecs.pc2.core.model.Group;@6937602e
260302 224522.009|INFO|Thread-38|log|   key: LOCAL_LOGGED_IN_USERS is: [Ledu.csus.ecs.pc2.core.model.ClientId; [Ledu.csus.ecs.pc2.core.model.ClientId;@49f3628
260302 224522.010|INFO|Thread-38|log|   key: SERVER_CLOCK_OFFSET is: java.util.GregorianCalendar java.util.GregorianCalendar[time=1772484321903,areFieldsSet=true,areAllFieldsSet=false,lenient=true,zone=sun.util.calendar.ZoneInfo[id="GMT",offset=0,dstSavings=0,useDaylight=false,transitions=0,lastRule=null],firstDayOfWeek=1,minimalDaysInFirstWeek=1,ERA=1,YEAR=2026,MONTH=2,WEEK_OF_YEAR=10,WEEK_OF_MONTH=1,DAY_OF_MONTH=2,DAY_OF_YEAR=61,DAY_OF_WEEK=2,DAY_OF_WEEK_IN_MONTH=1,AM_PM=1,HOUR=8,HOUR_OF_DAY=20,MINUTE=45,SECOND=21,MILLISECOND=903,ZONE_OFFSET=0,DST_OFFSET=0]
260302 224522.010|INFO|Thread-38|log|   key: CONTEST_IDENTIFIER is: java.lang.String Default--6159007321590187439
260302 224522.010|INFO|Thread-38|log|   key: BALLOON_SETTINGS_LIST is: [Ledu.csus.ecs.pc2.core.model.BalloonSettings; [Ledu.csus.ecs.pc2.core.model.BalloonSettings;@22d19569
260302 224522.010|INFO|Thread-38|log|   key: RUN_LIST is: [Ledu.csus.ecs.pc2.core.model.Run; [Ledu.csus.ecs.pc2.core.model.Run;@1ad7da3e
260302 224522.010|INFO|Thread-38|log|   key: ACCOUNT_ARRAY is: [Ledu.csus.ecs.pc2.core.model.Account; [Ledu.csus.ecs.pc2.core.model.Account;@4833ef5a
260302 224522.011|INFO|Thread-38|log|handlePacket start Packet[LOGIN_SUCCESS] #49 SERVER0 @ site 1 -> TEAM1 @ site 1
260302 224522.011|INFO|Thread-38|log|Packet LOGIN_SUCCESS (Seq #49, o#49 ) handlePacket
260302 224522.011|INFO|Thread-38|log|  From: SERVER0 @ site 1, oSERVER0 @ site 1 (shahoda @ 127.0.1.1) (Contest Id: Default--6159007321590187439)
260302 224522.011|INFO|Thread-38|log|    To: TEAM1 @ site 1
260302 224522.011|INFO|Thread-38|log|   key: PROFILE_LIST is: [Ledu.csus.ecs.pc2.core.model.Profile; [Ledu.csus.ecs.pc2.core.model.Profile;@61af43c4
260302 224522.011|INFO|Thread-38|log|   key: GENERAL_PROBLEM is: edu.csus.ecs.pc2.core.model.Problem General
260302 224522.011|INFO|Thread-38|log|   key: CLIENT_SETTINGS_LIST is: [Ledu.csus.ecs.pc2.core.model.ClientSettings; [Ledu.csus.ecs.pc2.core.model.ClientSettings;@6f68a181
260302 224522.011|INFO|Thread-38|log|   key: CONTEST_TIME is: edu.csus.ecs.pc2.core.model.ContestTime edu.csus.ecs.pc2.core.model.ContestTime@6b5728b4
260302 224522.011|INFO|Thread-38|log|   key: CLARIFICATION_LIST is: [Ledu.csus.ecs.pc2.core.model.Clarification; [Ledu.csus.ecs.pc2.core.model.Clarification;@2e55abba
260302 224522.011|INFO|Thread-38|log|   key: CATEGORY_LIST is: [Ledu.csus.ecs.pc2.core.model.Category; [Ledu.csus.ecs.pc2.core.model.Category;@357f7cd7
260302 224522.011|INFO|Thread-38|log|   key: LANGUAGE_LIST is: [Ledu.csus.ecs.pc2.core.model.Language; [Ledu.csus.ecs.pc2.core.model.Language;@1f31a750
260302 224522.011|INFO|Thread-38|log|   key: REMOTE_LOGGED_IN_USERS is: [Ledu.csus.ecs.pc2.core.model.ClientId; [Ledu.csus.ecs.pc2.core.model.ClientId;@4df12e8a
260302 224522.012|INFO|Thread-38|log|   key: CONTEST_TIME_LIST is: [Ledu.csus.ecs.pc2.core.model.ContestTime; [Ledu.csus.ecs.pc2.core.model.ContestTime;@4e7a54f5
260302 224522.012|INFO|Thread-38|log|   key: CONNECTION_HANDLE_ID_LIST is: [Ledu.csus.ecs.pc2.core.transport.ConnectionHandlerID; [Ledu.csus.ecs.pc2.core.transport.ConnectionHandlerID;@ad1029
260302 224522.012|INFO|Thread-38|log|   key: PROFILE is: edu.csus.ecs.pc2.core.model.Profile Default--6159007321590187439
260302 224522.012|INFO|Thread-38|log|   key: CLIENT_ID is: edu.csus.ecs.pc2.core.model.ClientId TEAM1 @ site 1
260302 224522.012|INFO|Thread-38|log|   key: SITE_NUMBER is: java.lang.Integer 1
260302 224522.012|INFO|Thread-38|log|   key: CONTEST_INFORMATION is: edu.csus.ecs.pc2.core.model.ContestInformation edu.csus.ecs.pc2.core.model.ContestInformation@12b42c4b
260302 224522.012|INFO|Thread-38|log|   key: SITE_LIST is: [Ledu.csus.ecs.pc2.core.model.Site; [Ledu.csus.ecs.pc2.core.model.Site;@56f5c5e9
260302 224522.012|INFO|Thread-38|log|   key: PROBLEM_DATA_FILES is: [Ledu.csus.ecs.pc2.core.model.ProblemDataFiles; [Ledu.csus.ecs.pc2.core.model.ProblemDataFiles;@4a34ee3e
260302 224522.012|INFO|Thread-38|log|   key: JUDGEMENT_LIST is: [Ledu.csus.ecs.pc2.core.model.Judgement; [Ledu.csus.ecs.pc2.core.model.Judgement;@22f09309
260302 224522.012|INFO|Thread-38|log|   key: PROBLEM_LIST is: [Ledu.csus.ecs.pc2.core.model.Problem; [Ledu.csus.ecs.pc2.core.model.Problem;@11152568
260302 224522.012|INFO|Thread-38|log|   key: GROUP_LIST is: [Ledu.csus.ecs.pc2.core.model.Group; [Ledu.csus.ecs.pc2.core.model.Group;@6937602e
260302 224522.013|INFO|Thread-38|log|   key: LOCAL_LOGGED_IN_USERS is: [Ledu.csus.ecs.pc2.core.model.ClientId; [Ledu.csus.ecs.pc2.core.model.ClientId;@49f3628
260302 224522.013|INFO|Thread-38|log|   key: SERVER_CLOCK_OFFSET is: java.util.GregorianCalendar java.util.GregorianCalendar[time=1772484321903,areFieldsSet=true,areAllFieldsSet=false,lenient=true,zone=sun.util.calendar.ZoneInfo[id="GMT",offset=0,dstSavings=0,useDaylight=false,transitions=0,lastRule=null],firstDayOfWeek=1,minimalDaysInFirstWeek=1,ERA=1,YEAR=2026,MONTH=2,WEEK_OF_YEAR=10,WEEK_OF_MONTH=1,DAY_OF_MONTH=2,DAY_OF_YEAR=61,DAY_OF_WEEK=2,DAY_OF_WEEK_IN_MONTH=1,AM_PM=1,HOUR=8,HOUR_OF_DAY=20,MINUTE=45,SECOND=21,MILLISECOND=903,ZONE_OFFSET=0,DST_OFFSET=0]
260302 224522.013|INFO|Thread-38|log|   key: CONTEST_IDENTIFIER is: java.lang.String Default--6159007321590187439
260302 224522.013|INFO|Thread-38|log|   key: BALLOON_SETTINGS_LIST is: [Ledu.csus.ecs.pc2.core.model.BalloonSettings; [Ledu.csus.ecs.pc2.core.model.BalloonSettings;@22d19569
260302 224522.013|INFO|Thread-38|log|   key: RUN_LIST is: [Ledu.csus.ecs.pc2.core.model.Run; [Ledu.csus.ecs.pc2.core.model.Run;@1ad7da3e
260302 224522.013|INFO|Thread-38|log|   key: ACCOUNT_ARRAY is: [Ledu.csus.ecs.pc2.core.model.Account; [Ledu.csus.ecs.pc2.core.model.Account;@4833ef5a
260302 224657.188|INFO|Thread-36|log|connectionDropped(ConnectionHandlerID myConnectionID) 
260319 004056.135|CONFIG|qtp997608398-18|log|Now logging to C:\Users\Lenovo\git\WCF_New_Update\WCF_2026\2shahds_WCF_2026\logs directory.
260319 004056.135|INFO|qtp997608398-18|log|
260319 004056.135|INFO|qtp997608398-18|log|Version 9.10.0 () Java ver 1.8.0_51 build 7065 Windows 8.1 6.3 (amd64) 
260319 004056.135|INFO|qtp997608398-18|log|Login: team1 (aka team1)
260319 004056.135|INFO|qtp997608398-18|log|Working directory is C:\Users\Lenovo\git\WCF_New_Update\WCF_2026\2shahds_WCF_2026
260319 004056.135|INFO|qtp997608398-18|log|Process id is 27160@lilsaados
260319 004056.135|INFO|qtp997608398-18|log|Contacting server at localhost:50002 as TEAM1 @ site 0
260319 004056.136|INFO|qtp997608398-18|log|sendLoginRequest start - sending from TEAM1 @ site 0
260319 004056.136|INFO|qtp997608398-18|log|Sending packet to server Packet[LOGIN_REQUEST] #5 TEAM1 @ site 0 -> SERVER0 @ site 0
260319 004056.136|INFO|qtp997608398-18|log|Sent    packet to server Packet[LOGIN_REQUEST] #5 TEAM1 @ site 0 -> SERVER0 @ site 0
260319 004056.136|INFO|qtp997608398-18|log|sendLoginRequest end - packet sent.
260319 004056.136|INFO|Thread-32|log|receiveUnencrypted Made a secret key for Socket[addr=localhost/127.0.0.1,port=50002,localport=62077]-3255400577318255561 key is com.sun.crypto.provider.DESKey@fffe7882
260319 004056.136|INFO|Thread-33|log|send(Serializable)
260319 004056.140|INFO|Thread-32|log|Generating Unencrypted Public Key Packet
260319 004056.141|INFO|Thread-32|log|checking key:= SunJCE Diffie-Hellman Public Key:
y:
    da7b0ac7 77368dab 023c67ac cc15dc79 9c579596 14f47227 f6967084 b93a8733
    c3a99e78 c3c66517 de9eefa1 588532ce 7c162372 a41c1d36 ff3ce58c 135e2504
    48d7dc04 d215bf6b 969d71bb d60f823d 7fe1fcc7 5cb8437d 9195f069 a7a7c410
    fa90f8e7 e0e18800 c61b04f7 be65a156 407a3227 b359964b 861f8ed7 4d11e0ea
p:
    f488fd58 4e49dbcd 20b49de4 9107366b 336c380d 451d0f7c 88b31c7c 5b2d8ef6
    f3c923c0 43f0a55b 188d8ebb 558cb85d 38d334fd 7c175743 a31d186c de33212c
    b52aff3c e1b12940 18118d7c 84a70a72 d686c403 19c80729 7aca950c d9969fab
    d00a509b 0246d308 3d66a45d 419f9c7c bd894b22 1926baab a25ec355 e92f78c7
g:
    02
l:
    512
260319 004056.141|INFO|Thread-32|log|packet:= edu.csus.ecs.pc2.core.transport.TransportWrapper@31254ca4
260319 004056.159|INFO|Thread-32|log|public void receive(SealedObject TransportPacket, ConnectionHandlerID connectionHandlerID)
260319 004056.163|INFO|Thread-34|log| receiveObject(S) start got Packet[LOGIN_SUCCESS] #68 SERVER0 @ site 1 -> TEAM1 @ site 1
260319 004056.163|INFO|Thread-34|log|Packet LOGIN_SUCCESS (Seq #68, o#68 ) recieveObject
260319 004056.163|INFO|Thread-34|log|  From: SERVER0 @ site 1, oSERVER0 @ site 1 (lilsaados @ 169.254.83.107) (Contest Id: Default--8030075252927918473)
260319 004056.163|INFO|Thread-34|log|    To: TEAM1 @ site 1
260319 004056.163|INFO|Thread-34|log|   key: ACCOUNT_ARRAY is: [Ledu.csus.ecs.pc2.core.model.Account; [Ledu.csus.ecs.pc2.core.model.Account;@56395709
260319 004056.163|INFO|Thread-34|log|   key: GENERAL_PROBLEM is: edu.csus.ecs.pc2.core.model.Problem General
260319 004056.163|INFO|Thread-34|log|   key: SERVER_CLOCK_OFFSET is: java.util.GregorianCalendar java.util.GregorianCalendar[time=1773873656154,areFieldsSet=true,areAllFieldsSet=false,lenient=true,zone=sun.util.calendar.ZoneInfo[id="GMT",offset=0,dstSavings=0,useDaylight=false,transitions=0,lastRule=null],firstDayOfWeek=1,minimalDaysInFirstWeek=1,ERA=1,YEAR=2026,MONTH=2,WEEK_OF_YEAR=12,WEEK_OF_MONTH=3,DAY_OF_MONTH=18,DAY_OF_YEAR=77,DAY_OF_WEEK=4,DAY_OF_WEEK_IN_MONTH=3,AM_PM=1,HOUR=10,HOUR_OF_DAY=22,MINUTE=40,SECOND=56,MILLISECOND=154,ZONE_OFFSET=0,DST_OFFSET=0]
260319 004056.163|INFO|Thread-34|log|   key: JUDGEMENT_LIST is: [Ledu.csus.ecs.pc2.core.model.Judgement; [Ledu.csus.ecs.pc2.core.model.Judgement;@58feb3be
260319 004056.163|INFO|Thread-34|log|   key: PROBLEM_DATA_FILES is: [Ledu.csus.ecs.pc2.core.model.ProblemDataFiles; [Ledu.csus.ecs.pc2.core.model.ProblemDataFiles;@5cc13c79
260319 004056.163|INFO|Thread-34|log|   key: LANGUAGE_LIST is: [Ledu.csus.ecs.pc2.core.model.Language; [Ledu.csus.ecs.pc2.core.model.Language;@19c3b985
260319 004056.163|INFO|Thread-34|log|   key: PROFILE is: edu.csus.ecs.pc2.core.model.Profile Default-917756220166097124
260319 004056.163|INFO|Thread-34|log|   key: BALLOON_SETTINGS_LIST is: [Ledu.csus.ecs.pc2.core.model.BalloonSettings; [Ledu.csus.ecs.pc2.core.model.BalloonSettings;@55e24ab
260319 004056.163|INFO|Thread-34|log|   key: REMOTE_LOGGED_IN_USERS is: [Ledu.csus.ecs.pc2.core.model.ClientId; [Ledu.csus.ecs.pc2.core.model.ClientId;@289004fd
260319 004056.163|INFO|Thread-34|log|   key: CLARIFICATION_LIST is: [Ledu.csus.ecs.pc2.core.model.Clarification; [Ledu.csus.ecs.pc2.core.model.Clarification;@7de7c762
260319 004056.163|INFO|Thread-34|log|   key: CONTEST_IDENTIFIER is: java.lang.String Default--8030075252927918473
260319 004056.163|INFO|Thread-34|log|   key: PROBLEM_LIST is: [Ledu.csus.ecs.pc2.core.model.Problem; [Ledu.csus.ecs.pc2.core.model.Problem;@79ec46ca
260319 004056.163|INFO|Thread-34|log|   key: SITE_NUMBER is: java.lang.Integer 1
260319 004056.164|INFO|Thread-34|log|   key: CATEGORY_LIST is: [Ledu.csus.ecs.pc2.core.model.Category; [Ledu.csus.ecs.pc2.core.model.Category;@d635e20
260319 004056.164|INFO|Thread-34|log|   key: CLIENT_SETTINGS_LIST is: [Ledu.csus.ecs.pc2.core.model.ClientSettings; [Ledu.csus.ecs.pc2.core.model.ClientSettings;@25fc049d
260319 004056.164|INFO|Thread-34|log|   key: LOCAL_LOGGED_IN_USERS is: [Ledu.csus.ecs.pc2.core.model.ClientId; [Ledu.csus.ecs.pc2.core.model.ClientId;@66e30b97
260319 004056.164|INFO|Thread-34|log|   key: CLIENT_ID is: edu.csus.ecs.pc2.core.model.ClientId TEAM1 @ site 1
260319 004056.164|INFO|Thread-34|log|   key: GROUP_LIST is: [Ledu.csus.ecs.pc2.core.model.Group; [Ledu.csus.ecs.pc2.core.model.Group;@7da2db97
260319 004056.164|INFO|Thread-34|log|   key: CONNECTION_HANDLE_ID_LIST is: [Ledu.csus.ecs.pc2.core.transport.ConnectionHandlerID; [Ledu.csus.ecs.pc2.core.transport.ConnectionHandlerID;@6a27185d
260319 004056.164|INFO|Thread-34|log|   key: CONTEST_TIME is: edu.csus.ecs.pc2.core.model.ContestTime edu.csus.ecs.pc2.core.model.ContestTime@2f3a2168
260319 004056.164|INFO|Thread-34|log|   key: PROFILE_LIST is: [Ledu.csus.ecs.pc2.core.model.Profile; [Ledu.csus.ecs.pc2.core.model.Profile;@517b38ab
260319 004056.164|INFO|Thread-34|log|   key: CONTEST_TIME_LIST is: [Ledu.csus.ecs.pc2.core.model.ContestTime; [Ledu.csus.ecs.pc2.core.model.ContestTime;@3a6e2f70
260319 004056.164|INFO|Thread-34|log|   key: CONTEST_INFORMATION is: edu.csus.ecs.pc2.core.model.ContestInformation edu.csus.ecs.pc2.core.model.ContestInformation@68d93d90
260319 004056.164|INFO|Thread-34|log|   key: SITE_LIST is: [Ledu.csus.ecs.pc2.core.model.Site; [Ledu.csus.ecs.pc2.core.model.Site;@16966082
260319 004056.164|INFO|Thread-34|log|   key: RUN_LIST is: [Ledu.csus.ecs.pc2.core.model.Run; [Ledu.csus.ecs.pc2.core.model.Run;@1ea0bc9b
260319 004056.164|INFO|Thread-34|log|handlePacket start Packet[LOGIN_SUCCESS] #68 SERVER0 @ site 1 -> TEAM1 @ site 1
260319 004056.164|INFO|Thread-34|log|Packet LOGIN_SUCCESS (Seq #68, o#68 ) handlePacket
260319 004056.164|INFO|Thread-34|log|  From: SERVER0 @ site 1, oSERVER0 @ site 1 (lilsaados @ 169.254.83.107) (Contest Id: Default--8030075252927918473)
260319 004056.164|INFO|Thread-34|log|    To: TEAM1 @ site 1
260319 004056.164|INFO|Thread-34|log|   key: ACCOUNT_ARRAY is: [Ledu.csus.ecs.pc2.core.model.Account; [Ledu.csus.ecs.pc2.core.model.Account;@56395709
260319 004056.164|INFO|Thread-34|log|   key: GENERAL_PROBLEM is: edu.csus.ecs.pc2.core.model.Problem General
260319 004056.164|INFO|Thread-34|log|   key: SERVER_CLOCK_OFFSET is: java.util.GregorianCalendar java.util.GregorianCalendar[time=1773873656154,areFieldsSet=true,areAllFieldsSet=false,lenient=true,zone=sun.util.calendar.ZoneInfo[id="GMT",offset=0,dstSavings=0,useDaylight=false,transitions=0,lastRule=null],firstDayOfWeek=1,minimalDaysInFirstWeek=1,ERA=1,YEAR=2026,MONTH=2,WEEK_OF_YEAR=12,WEEK_OF_MONTH=3,DAY_OF_MONTH=18,DAY_OF_YEAR=77,DAY_OF_WEEK=4,DAY_OF_WEEK_IN_MONTH=3,AM_PM=1,HOUR=10,HOUR_OF_DAY=22,MINUTE=40,SECOND=56,MILLISECOND=154,ZONE_OFFSET=0,DST_OFFSET=0]
260319 004056.164|INFO|Thread-34|log|   key: JUDGEMENT_LIST is: [Ledu.csus.ecs.pc2.core.model.Judgement; [Ledu.csus.ecs.pc2.core.model.Judgement;@58feb3be
260319 004056.164|INFO|Thread-34|log|   key: PROBLEM_DATA_FILES is: [Ledu.csus.ecs.pc2.core.model.ProblemDataFiles; [Ledu.csus.ecs.pc2.core.model.ProblemDataFiles;@5cc13c79
260319 004056.164|INFO|Thread-34|log|   key: LANGUAGE_LIST is: [Ledu.csus.ecs.pc2.core.model.Language; [Ledu.csus.ecs.pc2.core.model.Language;@19c3b985
260319 004056.164|INFO|Thread-34|log|   key: PROFILE is: edu.csus.ecs.pc2.core.model.Profile Default-917756220166097124
260319 004056.164|INFO|Thread-34|log|   key: BALLOON_SETTINGS_LIST is: [Ledu.csus.ecs.pc2.core.model.BalloonSettings; [Ledu.csus.ecs.pc2.core.model.BalloonSettings;@55e24ab
260319 004056.164|INFO|Thread-34|log|   key: REMOTE_LOGGED_IN_USERS is: [Ledu.csus.ecs.pc2.core.model.ClientId; [Ledu.csus.ecs.pc2.core.model.ClientId;@289004fd
260319 004056.164|INFO|Thread-34|log|   key: CLARIFICATION_LIST is: [Ledu.csus.ecs.pc2.core.model.Clarification; [Ledu.csus.ecs.pc2.core.model.Clarification;@7de7c762
260319 004056.164|INFO|Thread-34|log|   key: CONTEST_IDENTIFIER is: java.lang.String Default--8030075252927918473
260319 004056.166|INFO|Thread-34|log|   key: PROBLEM_LIST is: [Ledu.csus.ecs.pc2.core.model.Problem; [Ledu.csus.ecs.pc2.core.model.Problem;@79ec46ca
260319 004056.166|INFO|Thread-34|log|   key: SITE_NUMBER is: java.lang.Integer 1
260319 004056.166|INFO|Thread-34|log|   key: CATEGORY_LIST is: [Ledu.csus.ecs.pc2.core.model.Category; [Ledu.csus.ecs.pc2.core.model.Category;@d635e20
260319 004056.166|INFO|Thread-34|log|   key: CLIENT_SETTINGS_LIST is: [Ledu.csus.ecs.pc2.core.model.ClientSettings; [Ledu.csus.ecs.pc2.core.model.ClientSettings;@25fc049d
260319 004056.166|INFO|Thread-34|log|   key: LOCAL_LOGGED_IN_USERS is: [Ledu.csus.ecs.pc2.core.model.ClientId; [Ledu.csus.ecs.pc2.core.model.ClientId;@66e30b97
260319 004056.166|INFO|Thread-34|log|   key: CLIENT_ID is: edu.csus.ecs.pc2.core.model.ClientId TEAM1 @ site 1
260319 004056.166|INFO|Thread-34|log|   key: GROUP_LIST is: [Ledu.csus.ecs.pc2.core.model.Group; [Ledu.csus.ecs.pc2.core.model.Group;@7da2db97
260319 004056.166|INFO|Thread-34|log|   key: CONNECTION_HANDLE_ID_LIST is: [Ledu.csus.ecs.pc2.core.transport.ConnectionHandlerID; [Ledu.csus.ecs.pc2.core.transport.ConnectionHandlerID;@6a27185d
260319 004056.166|INFO|Thread-34|log|   key: CONTEST_TIME is: edu.csus.ecs.pc2.core.model.ContestTime edu.csus.ecs.pc2.core.model.ContestTime@2f3a2168
260319 004056.166|INFO|Thread-34|log|   key: PROFILE_LIST is: [Ledu.csus.ecs.pc2.core.model.Profile; [Ledu.csus.ecs.pc2.core.model.Profile;@517b38ab
260319 004056.166|INFO|Thread-34|log|   key: CONTEST_TIME_LIST is: [Ledu.csus.ecs.pc2.core.model.ContestTime; [Ledu.csus.ecs.pc2.core.model.ContestTime;@3a6e2f70
260319 004056.166|INFO|Thread-34|log|   key: CONTEST_INFORMATION is: edu.csus.ecs.pc2.core.model.ContestInformation edu.csus.ecs.pc2.core.model.ContestInformation@68d93d90
260319 004056.166|INFO|Thread-34|log|   key: SITE_LIST is: [Ledu.csus.ecs.pc2.core.model.Site; [Ledu.csus.ecs.pc2.core.model.Site;@16966082
260319 004056.166|INFO|Thread-34|log|   key: RUN_LIST is: [Ledu.csus.ecs.pc2.core.model.Run; [Ledu.csus.ecs.pc2.core.model.Run;@1ea0bc9b
260319 004306.004|INFO|Thread-32|log|connectionDropped(ConnectionHandlerID myConnectionID) 
