260224 212135.703|CONFIG|Thread-40|log|Now logging to C:\Users\Lenovo\git\2shahds_WCF_2026\logs directory.
260224 212135.703|INFO|Thread-40|log|
260224 212135.703|INFO|Thread-40|log|Version 9.10.0 () Java ver 1.8.0_51 build 7065 Windows 8.1 6.3 (amd64) 
260224 212135.703|INFO|Thread-40|log|Login: team2 (aka team2)
260224 212135.703|INFO|Thread-40|log|Working directory is C:\Users\Lenovo\git\2shahds_WCF_2026
260224 212135.704|INFO|Thread-40|log|Process id is 23624@lilsaados
260224 212135.704|INFO|Thread-40|log| handlePacket original LOGIN_SUCCESS after -- all settings loaded 
260224 212135.704|INFO|Thread-40|log|handlePacket end Packet[LOGIN_SUCCESS] #35 SERVER0 @ site 1 -> TEAM2 @ site 1
260224 212135.705|INFO|Thread-40|log| receiveObject(S) end   got Packet[LOGIN_SUCCESS] #35 SERVER0 @ site 1 -> TEAM2 @ site 1
260319 152655.588|CONFIG|Thread-38|log|Now logging to C:\Users\Shahd\git\2shahds_WCF_2026\logs directory.
260319 152655.589|INFO|Thread-38|log|
260319 152655.589|INFO|Thread-38|log|Version 9.10.0 () Java ver 21.0.8 build 7065 Windows 11 10.0 (amd64) 
260319 152655.589|INFO|Thread-38|log|Login: team2 (aka team2)
260319 152655.590|INFO|Thread-38|log|Working directory is C:\Users\Shahd\git\2shahds_WCF_2026
260319 152655.590|INFO|Thread-38|log|Process id is 40728@DESKTOP-5EPLK95
260319 152655.590|INFO|Thread-38|log| handlePacket original LOGIN_SUCCESS after -- all settings loaded 
260319 152655.590|INFO|Thread-38|log|handlePacket end Packet[LOGIN_SUCCESS] #45 SERVER0 @ site 1 -> TEAM2 @ site 1
260319 152655.590|INFO|Thread-38|log| receiveObject(S) end   got Packet[LOGIN_SUCCESS] #45 SERVER0 @ site 1 -> TEAM2 @ site 1
260319 153835.941|CONFIG|Thread-34|log|Now logging to C:\Users\Shahd\git\2shahds_WCF_2026\logs directory.
260319 153835.942|INFO|Thread-34|log|
260319 153835.942|INFO|Thread-34|log|Version 9.10.0 () Java ver 21.0.8 build 7065 Windows 11 10.0 (amd64) 
260319 153835.942|INFO|Thread-34|log|Login: team2 (aka team2)
260319 153835.942|INFO|Thread-34|log|Working directory is C:\Users\Shahd\git\2shahds_WCF_2026
260319 153835.943|INFO|Thread-34|log|Process id is 39588@DESKTOP-5EPLK95
260319 153835.943|INFO|Thread-34|log| handlePacket original LOGIN_SUCCESS after -- all settings loaded 
260319 153835.943|INFO|Thread-34|log|handlePacket end Packet[LOGIN_SUCCESS] #81 SERVER0 @ site 1 -> TEAM2 @ site 1
260319 153835.943|INFO|Thread-34|log| receiveObject(S) end   got Packet[LOGIN_SUCCESS] #81 SERVER0 @ site 1 -> TEAM2 @ site 1
