260417 131748.150|CONFIG|qtp1395089624-35|log|Now logging to C:\Users\Shahd\Documents\WCF_Gitlab\wwfapi\logs directory.
260417 131748.150|INFO|qtp1395089624-35|log|
260417 131748.151|INFO|qtp1395089624-35|log|Version 9.10.0 () Java ver 21.0.8 build 7065 Windows 11 10.0 (amd64) 
260417 131748.151|INFO|qtp1395089624-35|log|Login: team1 (aka team1)
260417 131748.152|INFO|qtp1395089624-35|log|Working directory is C:\Users\Shahd\Documents\WCF_Gitlab\wwfapi
260417 131748.153|INFO|qtp1395089624-35|log|Process id is 33356@DESKTOP-5EPLK95
260417 131748.153|INFO|qtp1395089624-35|log|Contacting server at webworkflow.aast.edu:50002 as TEAM1 @ site 0
260417 131748.155|INFO|qtp1395089624-35|log|sendLoginRequest start - sending from TEAM1 @ site 0
260417 131748.155|INFO|qtp1395089624-35|log|Sending packet to server Packet[LOGIN_REQUEST] #2 TEAM1 @ site 0 -> SERVER0 @ site 0
260417 131748.155|INFO|qtp1395089624-35|log|Sent    packet to server Packet[LOGIN_REQUEST] #2 TEAM1 @ site 0 -> SERVER0 @ site 0
260417 131748.156|INFO|Thread-25|log|send(Serializable)
260417 131748.156|INFO|qtp1395089624-35|log|sendLoginRequest end - packet sent.
260417 131748.362|INFO|Thread-24|log|receiveUnencrypted(TransportWrapper, ConnectionHandlerID=Socket[addr=webworkflow.aast.edu/128.251.8.78,port=50002,localport=52186]-886004991067176711)
260417 131748.364|INFO|Thread-24|log|receiveUnencrypted Made a secret key for Socket[addr=webworkflow.aast.edu/128.251.8.78,port=50002,localport=52186]-886004991067176711 key is com.sun.crypto.provider.DESKey@18466
260417 131748.364|INFO|Thread-24|log|Generating Unencrypted Public Key Packet
260417 131748.365|INFO|Thread-24|log|checking key:= SunJCE Diffie-Hellman Public Key:
y:
    396631eb 1b2618d3 cfbff8c2 51f59856 102550d7 4a2892e7 cc15b50d 32d8c888
    32500af7 7c572629 653daa59 267072d5 77323820 120ce715 71c0a4f6 1a936d1d
    21a43132 9ed9cf4f e1a9350c 627491e1 4b262b23 f3abc597 476e1e7f 7659b303
    5de1cf63 a2d12b59 40f8151b 951be80a d6bfab1f 90a6f520 f801cfb7 b8fcbbbc
p:
    f488fd58 4e49dbcd 20b49de4 9107366b 336c380d 451d0f7c 88b31c7c 5b2d8ef6
    f3c923c0 43f0a55b 188d8ebb 558cb85d 38d334fd 7c175743 a31d186c de33212c
    b52aff3c e1b12940 18118d7c 84a70a72 d686c403 19c80729 7aca950c d9969fab
    d00a509b 0246d308 3d66a45d 419f9c7c bd894b22 1926baab a25ec355 e92f78c7
g:
    02
l:
    512
260417 131748.365|INFO|Thread-24|log|packet:= edu.csus.ecs.pc2.core.transport.TransportWrapper@4ff1b407
260417 131748.610|INFO|Thread-24|log|public void receive(SealedObject TransportPacket, ConnectionHandlerID connectionHandlerID)
260417 131748.624|INFO|Thread-26|log| receiveObject(S) start got Packet[LOGIN_SUCCESS] #581 SERVER0 @ site 1 -> TEAM1 @ site 1
260417 131748.624|INFO|Thread-26|log|Packet LOGIN_SUCCESS (Seq #581, o#581 ) recieveObject
260417 131748.625|INFO|Thread-26|log|  From: SERVER0 @ site 1, oSERVER0 @ site 1 (839172be4875 @ 172.20.0.2) (Contest Id: Default-679776741310026580)
260417 131748.625|INFO|Thread-26|log|    To: TEAM1 @ site 1
260417 131748.625|INFO|Thread-26|log|   key: PROFILE_LIST is: [Ledu.csus.ecs.pc2.core.model.Profile; [Ledu.csus.ecs.pc2.core.model.Profile;@13d39b57
260417 131748.625|INFO|Thread-26|log|   key: GENERAL_PROBLEM is: edu.csus.ecs.pc2.core.model.Problem General
260417 131748.625|INFO|Thread-26|log|   key: CLIENT_SETTINGS_LIST is: [Ledu.csus.ecs.pc2.core.model.ClientSettings; [Ledu.csus.ecs.pc2.core.model.ClientSettings;@1d14675d
260417 131748.625|INFO|Thread-26|log|   key: CONTEST_TIME is: edu.csus.ecs.pc2.core.model.ContestTime edu.csus.ecs.pc2.core.model.ContestTime@192bf027
260417 131748.625|INFO|Thread-26|log|   key: CLARIFICATION_LIST is: [Ledu.csus.ecs.pc2.core.model.Clarification; [Ledu.csus.ecs.pc2.core.model.Clarification;@5c296d66
260417 131748.625|INFO|Thread-26|log|   key: CATEGORY_LIST is: [Ledu.csus.ecs.pc2.core.model.Category; [Ledu.csus.ecs.pc2.core.model.Category;@53af5c97
260417 131748.625|INFO|Thread-26|log|   key: LANGUAGE_LIST is: [Ledu.csus.ecs.pc2.core.model.Language; [Ledu.csus.ecs.pc2.core.model.Language;@6dbff730
260417 131748.625|INFO|Thread-26|log|   key: REMOTE_LOGGED_IN_USERS is: [Ledu.csus.ecs.pc2.core.model.ClientId; [Ledu.csus.ecs.pc2.core.model.ClientId;@2bd39868
260417 131748.626|INFO|Thread-26|log|   key: CONTEST_TIME_LIST is: [Ledu.csus.ecs.pc2.core.model.ContestTime; [Ledu.csus.ecs.pc2.core.model.ContestTime;@3c069229
260417 131748.626|INFO|Thread-26|log|   key: CONNECTION_HANDLE_ID_LIST is: [Ledu.csus.ecs.pc2.core.transport.ConnectionHandlerID; [Ledu.csus.ecs.pc2.core.transport.ConnectionHandlerID;@15643ada
260417 131748.626|INFO|Thread-26|log|   key: PROFILE is: edu.csus.ecs.pc2.core.model.Profile Default-679776741310026580
260417 131748.626|INFO|Thread-26|log|   key: CLIENT_ID is: edu.csus.ecs.pc2.core.model.ClientId TEAM1 @ site 1
260417 131748.626|INFO|Thread-26|log|   key: SITE_NUMBER is: java.lang.Integer 1
260417 131748.626|INFO|Thread-26|log|   key: CONTEST_INFORMATION is: edu.csus.ecs.pc2.core.model.ContestInformation edu.csus.ecs.pc2.core.model.ContestInformation@7f04931
260417 131748.627|INFO|Thread-26|log|   key: SITE_LIST is: [Ledu.csus.ecs.pc2.core.model.Site; [Ledu.csus.ecs.pc2.core.model.Site;@30d7917f
260417 131748.627|INFO|Thread-26|log|   key: PROBLEM_DATA_FILES is: [Ledu.csus.ecs.pc2.core.model.ProblemDataFiles; [Ledu.csus.ecs.pc2.core.model.ProblemDataFiles;@3848ca96
260417 131748.629|INFO|Thread-26|log|   key: JUDGEMENT_LIST is: [Ledu.csus.ecs.pc2.core.model.Judgement; [Ledu.csus.ecs.pc2.core.model.Judgement;@cce85af
260417 131748.630|INFO|Thread-26|log|   key: PROBLEM_LIST is: [Ledu.csus.ecs.pc2.core.model.Problem; [Ledu.csus.ecs.pc2.core.model.Problem;@972ecc6
260417 131748.630|INFO|Thread-26|log|   key: GROUP_LIST is: [Ledu.csus.ecs.pc2.core.model.Group; [Ledu.csus.ecs.pc2.core.model.Group;@522c8fe
260417 131748.630|INFO|Thread-26|log|   key: LOCAL_LOGGED_IN_USERS is: [Ledu.csus.ecs.pc2.core.model.ClientId; [Ledu.csus.ecs.pc2.core.model.ClientId;@7bc0beb6
260417 131748.630|INFO|Thread-26|log|   key: SERVER_CLOCK_OFFSET is: java.util.GregorianCalendar java.util.GregorianCalendar[time=1776424668481,areFieldsSet=true,areAllFieldsSet=false,lenient=true,zone=sun.util.calendar.ZoneInfo[id="GMT",offset=0,dstSavings=0,useDaylight=false,transitions=0,lastRule=null],firstDayOfWeek=1,minimalDaysInFirstWeek=1,ERA=1,YEAR=2026,MONTH=3,WEEK_OF_YEAR=16,WEEK_OF_MONTH=3,DAY_OF_MONTH=17,DAY_OF_YEAR=107,DAY_OF_WEEK=6,DAY_OF_WEEK_IN_MONTH=3,AM_PM=0,HOUR=11,HOUR_OF_DAY=11,MINUTE=17,SECOND=48,MILLISECOND=481,ZONE_OFFSET=0,DST_OFFSET=0]
260417 131748.630|INFO|Thread-26|log|   key: CONTEST_IDENTIFIER is: java.lang.String Default-679776741310026580
260417 131748.630|INFO|Thread-26|log|   key: BALLOON_SETTINGS_LIST is: [Ledu.csus.ecs.pc2.core.model.BalloonSettings; [Ledu.csus.ecs.pc2.core.model.BalloonSettings;@3dbaf9c
260417 131748.630|INFO|Thread-26|log|   key: RUN_LIST is: [Ledu.csus.ecs.pc2.core.model.Run; [Ledu.csus.ecs.pc2.core.model.Run;@1dd177fd
260417 131748.631|INFO|Thread-26|log|   key: ACCOUNT_ARRAY is: [Ledu.csus.ecs.pc2.core.model.Account; [Ledu.csus.ecs.pc2.core.model.Account;@e273981
260417 131748.631|INFO|Thread-26|log|handlePacket start Packet[LOGIN_SUCCESS] #581 SERVER0 @ site 1 -> TEAM1 @ site 1
260417 131748.631|INFO|Thread-26|log|Packet LOGIN_SUCCESS (Seq #581, o#581 ) handlePacket
260417 131748.631|INFO|Thread-26|log|  From: SERVER0 @ site 1, oSERVER0 @ site 1 (839172be4875 @ 172.20.0.2) (Contest Id: Default-679776741310026580)
260417 131748.631|INFO|Thread-26|log|    To: TEAM1 @ site 1
260417 131748.631|INFO|Thread-26|log|   key: PROFILE_LIST is: [Ledu.csus.ecs.pc2.core.model.Profile; [Ledu.csus.ecs.pc2.core.model.Profile;@13d39b57
260417 131748.631|INFO|Thread-26|log|   key: GENERAL_PROBLEM is: edu.csus.ecs.pc2.core.model.Problem General
260417 131748.632|INFO|Thread-26|log|   key: CLIENT_SETTINGS_LIST is: [Ledu.csus.ecs.pc2.core.model.ClientSettings; [Ledu.csus.ecs.pc2.core.model.ClientSettings;@1d14675d
260417 131748.632|INFO|Thread-26|log|   key: CONTEST_TIME is: edu.csus.ecs.pc2.core.model.ContestTime edu.csus.ecs.pc2.core.model.ContestTime@192bf027
260417 131748.633|INFO|Thread-26|log|   key: CLARIFICATION_LIST is: [Ledu.csus.ecs.pc2.core.model.Clarification; [Ledu.csus.ecs.pc2.core.model.Clarification;@5c296d66
260417 131748.633|INFO|Thread-26|log|   key: CATEGORY_LIST is: [Ledu.csus.ecs.pc2.core.model.Category; [Ledu.csus.ecs.pc2.core.model.Category;@53af5c97
260417 131748.633|INFO|Thread-26|log|   key: LANGUAGE_LIST is: [Ledu.csus.ecs.pc2.core.model.Language; [Ledu.csus.ecs.pc2.core.model.Language;@6dbff730
260417 131748.633|INFO|Thread-26|log|   key: REMOTE_LOGGED_IN_USERS is: [Ledu.csus.ecs.pc2.core.model.ClientId; [Ledu.csus.ecs.pc2.core.model.ClientId;@2bd39868
260417 131748.633|INFO|Thread-26|log|   key: CONTEST_TIME_LIST is: [Ledu.csus.ecs.pc2.core.model.ContestTime; [Ledu.csus.ecs.pc2.core.model.ContestTime;@3c069229
260417 131748.634|INFO|Thread-26|log|   key: CONNECTION_HANDLE_ID_LIST is: [Ledu.csus.ecs.pc2.core.transport.ConnectionHandlerID; [Ledu.csus.ecs.pc2.core.transport.ConnectionHandlerID;@15643ada
260417 131748.634|INFO|Thread-26|log|   key: PROFILE is: edu.csus.ecs.pc2.core.model.Profile Default-679776741310026580
260417 131748.634|INFO|Thread-26|log|   key: CLIENT_ID is: edu.csus.ecs.pc2.core.model.ClientId TEAM1 @ site 1
260417 131748.634|INFO|Thread-26|log|   key: SITE_NUMBER is: java.lang.Integer 1
260417 131748.634|INFO|Thread-26|log|   key: CONTEST_INFORMATION is: edu.csus.ecs.pc2.core.model.ContestInformation edu.csus.ecs.pc2.core.model.ContestInformation@7f04931
260417 131748.634|INFO|Thread-26|log|   key: SITE_LIST is: [Ledu.csus.ecs.pc2.core.model.Site; [Ledu.csus.ecs.pc2.core.model.Site;@30d7917f
260417 131748.634|INFO|Thread-26|log|   key: PROBLEM_DATA_FILES is: [Ledu.csus.ecs.pc2.core.model.ProblemDataFiles; [Ledu.csus.ecs.pc2.core.model.ProblemDataFiles;@3848ca96
260417 131748.635|INFO|Thread-26|log|   key: JUDGEMENT_LIST is: [Ledu.csus.ecs.pc2.core.model.Judgement; [Ledu.csus.ecs.pc2.core.model.Judgement;@cce85af
260417 131748.635|INFO|Thread-26|log|   key: PROBLEM_LIST is: [Ledu.csus.ecs.pc2.core.model.Problem; [Ledu.csus.ecs.pc2.core.model.Problem;@972ecc6
260417 131748.635|INFO|Thread-26|log|   key: GROUP_LIST is: [Ledu.csus.ecs.pc2.core.model.Group; [Ledu.csus.ecs.pc2.core.model.Group;@522c8fe
260417 131748.636|INFO|Thread-26|log|   key: LOCAL_LOGGED_IN_USERS is: [Ledu.csus.ecs.pc2.core.model.ClientId; [Ledu.csus.ecs.pc2.core.model.ClientId;@7bc0beb6
260417 131748.636|INFO|Thread-26|log|   key: SERVER_CLOCK_OFFSET is: java.util.GregorianCalendar java.util.GregorianCalendar[time=1776424668481,areFieldsSet=true,areAllFieldsSet=false,lenient=true,zone=sun.util.calendar.ZoneInfo[id="GMT",offset=0,dstSavings=0,useDaylight=false,transitions=0,lastRule=null],firstDayOfWeek=1,minimalDaysInFirstWeek=1,ERA=1,YEAR=2026,MONTH=3,WEEK_OF_YEAR=16,WEEK_OF_MONTH=3,DAY_OF_MONTH=17,DAY_OF_YEAR=107,DAY_OF_WEEK=6,DAY_OF_WEEK_IN_MONTH=3,AM_PM=0,HOUR=11,HOUR_OF_DAY=11,MINUTE=17,SECOND=48,MILLISECOND=481,ZONE_OFFSET=0,DST_OFFSET=0]
260417 131748.636|INFO|Thread-26|log|   key: CONTEST_IDENTIFIER is: java.lang.String Default-679776741310026580
260417 131748.636|INFO|Thread-26|log|   key: BALLOON_SETTINGS_LIST is: [Ledu.csus.ecs.pc2.core.model.BalloonSettings; [Ledu.csus.ecs.pc2.core.model.BalloonSettings;@3dbaf9c
260417 131748.636|INFO|Thread-26|log|   key: RUN_LIST is: [Ledu.csus.ecs.pc2.core.model.Run; [Ledu.csus.ecs.pc2.core.model.Run;@1dd177fd
260417 131748.636|INFO|Thread-26|log|   key: ACCOUNT_ARRAY is: [Ledu.csus.ecs.pc2.core.model.Account; [Ledu.csus.ecs.pc2.core.model.Account;@e273981
260417 132011.807|INFO|Thread-24|log|connectionDropped(ConnectionHandlerID myConnectionID) 
