260319 004619.494|CONFIG|qtp997608398-75|log|Now logging to C:\Users\Lenovo\git\WCF_New_Update\WCF_2026\2shahds_WCF_2026\logs directory.
260319 004619.494|INFO|qtp997608398-75|log|
260319 004619.494|INFO|qtp997608398-75|log|Version 9.10.0 () Java ver 1.8.0_51 build 7065 Windows 8.1 6.3 (amd64) 
260319 004619.495|INFO|qtp997608398-75|log|Login: team1 (aka team1)
260319 004619.495|INFO|qtp997608398-75|log|Working directory is C:\Users\Lenovo\git\WCF_New_Update\WCF_2026\2shahds_WCF_2026
260319 004619.495|INFO|qtp997608398-75|log|Process id is 27160@lilsaados
260319 004619.495|INFO|qtp997608398-75|log|Contacting server at localhost:50002 as TEAM1 @ site 0
260319 004619.495|INFO|qtp997608398-75|log|sendLoginRequest start - sending from TEAM1 @ site 0
260319 004619.496|INFO|qtp997608398-75|log|Sending packet to server Packet[LOGIN_REQUEST] #13 TEAM1 @ site 0 -> SERVER0 @ site 0
260319 004619.496|INFO|qtp997608398-75|log|Sent    packet to server Packet[LOGIN_REQUEST] #13 TEAM1 @ site 0 -> SERVER0 @ site 0
260319 004619.496|INFO|qtp997608398-75|log|sendLoginRequest end - packet sent.
260319 004619.497|INFO|Thread-74|log|receiveUnencrypted(TransportWrapper, ConnectionHandlerID=Socket[addr=localhost/127.0.0.1,port=50002,localport=55277]-2454382912728404574)
260319 004619.497|INFO|Thread-75|log|send(Serializable)
260319 004619.500|INFO|Thread-74|log|receiveUnencrypted Made a secret key for Socket[addr=localhost/127.0.0.1,port=50002,localport=55277]-2454382912728404574 key is com.sun.crypto.provider.DESKey@18472
260319 004619.500|INFO|Thread-74|log|Generating Unencrypted Public Key Packet
260319 004619.500|INFO|Thread-74|log|checking key:= SunJCE Diffie-Hellman Public Key:
y:
    f450229f e60bfb7e 20e6e0e0 3ca07387 cc63a4fb adbc24be 92a8f6d7 153ddd17
    1dbfcbd2 ff5c11be 5a773f0c 9a8ee762 884bc224 1f1fee65 0537d2c5 9b05dfbc
    7ef99929 80e4dd3f 193493f2 b36e4091 c55ab044 e27bd71f 2fca4a65 4ce8df78
    a6adc63e c6d7cf07 ae03fa6f edb950f7 6efbfd11 805ee1b7 3fa7407e 68c73c8f
p:
    f488fd58 4e49dbcd 20b49de4 9107366b 336c380d 451d0f7c 88b31c7c 5b2d8ef6
    f3c923c0 43f0a55b 188d8ebb 558cb85d 38d334fd 7c175743 a31d186c de33212c
    b52aff3c e1b12940 18118d7c 84a70a72 d686c403 19c80729 7aca950c d9969fab
    d00a509b 0246d308 3d66a45d 419f9c7c bd894b22 1926baab a25ec355 e92f78c7
g:
    02
l:
    512
260319 004619.500|INFO|Thread-74|log|packet:= edu.csus.ecs.pc2.core.transport.TransportWrapper@2f6cf885
260319 004619.512|INFO|Thread-74|log|public void receive(SealedObject TransportPacket, ConnectionHandlerID connectionHandlerID)
260319 004619.512|INFO|Thread-76|log| receiveObject(S) start got Packet[LOGIN_FAILED] #105 SERVER0 @ site 1 -> TEAM1 @ site 0
260319 004619.513|INFO|Thread-76|log|Packet LOGIN_FAILED (Seq #105, o#105 ) recieveObject
260319 004619.513|INFO|Thread-76|log|  From: SERVER0 @ site 1, oSERVER0 @ site 1 (lilsaados @ 169.254.83.107) (Contest Id: Default--8030075252927918473)
260319 004619.513|INFO|Thread-76|log|    To: TEAM1 @ site 0
260319 004619.513|INFO|Thread-76|log|   key: MESSAGE_STRING is: java.lang.String Invalid password
260319 004619.513|INFO|Thread-76|log|handlePacket start Packet[LOGIN_FAILED] #105 SERVER0 @ site 1 -> TEAM1 @ site 0
260319 004619.513|INFO|Thread-76|log|Packet LOGIN_FAILED (Seq #105, o#105 ) handlePacket
260319 004619.513|INFO|Thread-76|log|  From: SERVER0 @ site 1, oSERVER0 @ site 1 (lilsaados @ 169.254.83.107) (Contest Id: Default--8030075252927918473)
260319 004619.513|INFO|Thread-76|log|    To: TEAM1 @ site 0
260319 004619.513|INFO|Thread-76|log|   key: MESSAGE_STRING is: java.lang.String Invalid password
260319 004619.513|INFO|Thread-76|log| receiveObject(S) end   got Packet[LOGIN_FAILED] #105 SERVER0 @ site 1 -> TEAM1 @ site 0
