260224 212216.429|CONFIG|Thread-48|log|Now logging to C:\Users\Lenovo\git\2shahds_WCF_2026\logs directory.
260224 212216.429|INFO|Thread-48|log|
260224 212216.429|INFO|Thread-48|log|Version 9.10.0 () Java ver 1.8.0_51 build 7065 Windows 8.1 6.3 (amd64) 
260224 212216.429|INFO|Thread-48|log|Login: team1 (aka team1)
260224 212216.429|INFO|Thread-48|log|Working directory is C:\Users\Lenovo\git\2shahds_WCF_2026
260224 212216.429|INFO|Thread-48|log|Process id is 23624@lilsaados
260224 212216.430|INFO|Thread-48|log| handlePacket original LOGIN_SUCCESS after -- all settings loaded 
260224 212216.430|INFO|Thread-48|log|handlePacket end Packet[LOGIN_SUCCESS] #47 SERVER0 @ site 1 -> TEAM1 @ site 1
260224 212216.430|INFO|Thread-48|log| receiveObject(S) end   got Packet[LOGIN_SUCCESS] #47 SERVER0 @ site 1 -> TEAM1 @ site 1
260302 224522.016|CONFIG|Thread-38|log|Now logging to /home/shahd/eclipse-workspace/wti1/logs directory.
260302 224522.017|INFO|Thread-38|log|
260302 224522.018|INFO|Thread-38|log|Version 9.10.0 () Java ver 11.0.30 build 7065 Linux 6.8.0-100-generic (amd64) 
260302 224522.018|INFO|Thread-38|log|Login: team1 (aka team1)
260302 224522.018|INFO|Thread-38|log|Working directory is /home/shahd/eclipse-workspace/wti1
260302 224522.019|INFO|Thread-38|log|Process id is 17247@shahoda
260302 224522.023|INFO|Thread-38|log| handlePacket original LOGIN_SUCCESS after -- all settings loaded 
260302 224522.023|INFO|Thread-38|log|handlePacket end Packet[LOGIN_SUCCESS] #49 SERVER0 @ site 1 -> TEAM1 @ site 1
260302 224522.023|INFO|Thread-38|log| receiveObject(S) end   got Packet[LOGIN_SUCCESS] #49 SERVER0 @ site 1 -> TEAM1 @ site 1
260418 223014.475|CONFIG|Thread-99|log|Now logging to C:\Users\Shahd\git\2shahds_WCF_2026\logs directory.
260418 223014.476|INFO|Thread-99|log|
260418 223014.476|INFO|Thread-99|log|Version 9.10.0 () Java ver 21.0.8 build 7065 Windows 11 10.0 (amd64) 
260418 223014.476|INFO|Thread-99|log|Login: team1 (aka team1)
260418 223014.476|INFO|Thread-99|log|Working directory is C:\Users\Shahd\git\2shahds_WCF_2026
260418 223014.476|INFO|Thread-99|log|Process id is 18736@DESKTOP-5EPLK95
260418 223014.476|INFO|Thread-99|log| handlePacket original LOGIN_SUCCESS after -- all settings loaded 
260418 223014.476|INFO|Thread-99|log|handlePacket end Packet[LOGIN_SUCCESS] #80 SERVER0 @ site 1 -> TEAM1 @ site 1
260418 223014.476|INFO|Thread-99|log| receiveObject(S) end   got Packet[LOGIN_SUCCESS] #80 SERVER0 @ site 1 -> TEAM1 @ site 1
