260217 210346.601|CONFIG|Thread-18|log|Now logging to /home/shahd/eclipse-workspace/wti1/logs directory.
260217 210346.601|INFO|Thread-18|log|
260217 210346.601|INFO|Thread-18|log|Version 9.10.0 () Java ver 11.0.30 build 7065 Linux 6.8.0-90-generic (amd64) 
260217 210346.602|INFO|Thread-18|log|Login: team1 (aka team1)
260217 210346.602|INFO|Thread-18|log|Working directory is /home/shahd/eclipse-workspace/wti1
260217 210346.602|INFO|Thread-18|log|Process id is 71985@shahoda
260217 210346.603|INFO|Thread-18|log| handlePacket original LOGIN_SUCCESS after -- all settings loaded 
260217 210346.603|INFO|Thread-18|log|handlePacket end Packet[LOGIN_SUCCESS] #31 SERVER0 @ site 1 -> TEAM1 @ site 1
260217 210346.603|INFO|Thread-18|log| receiveObject(S) end   got Packet[LOGIN_SUCCESS] #31 SERVER0 @ site 1 -> TEAM1 @ site 1
260217 210346.939|INFO|qtp1130478920-23|log|Sending packet to server Packet[LOGOUT] #4 TEAM1 @ site 1 -> SERVER0 @ site 1
260217 210346.941|INFO|qtp1130478920-23|log|Sent    packet to server Packet[LOGOUT] #4 TEAM1 @ site 1 -> SERVER0 @ site 1
260221 232141.923|CONFIG|Thread-17|log|Now logging to /home/shahd/eclipse-workspace/wti1/logs directory.
260221 232141.923|INFO|Thread-17|log|
260221 232141.923|INFO|Thread-17|log|Version 9.10.0 () Java ver 11.0.30 build 7065 Linux 6.8.0-94-generic (amd64) 
260221 232141.924|INFO|Thread-17|log|Login: team1 (aka team1)
260221 232141.924|INFO|Thread-17|log|Working directory is /home/shahd/eclipse-workspace/wti1
260221 232141.924|INFO|Thread-17|log|Process id is 39643@shahoda
260221 232141.925|INFO|Thread-17|log| handlePacket original LOGIN_SUCCESS after -- all settings loaded 
260221 232141.926|INFO|Thread-17|log|handlePacket end Packet[LOGIN_SUCCESS] #26 SERVER0 @ site 1 -> TEAM1 @ site 1
260221 232141.926|INFO|Thread-17|log| receiveObject(S) end   got Packet[LOGIN_SUCCESS] #26 SERVER0 @ site 1 -> TEAM1 @ site 1
260221 235533.671|CONFIG|Thread-17|log|Now logging to /home/shahd/eclipse-workspace/wti1/logs directory.
260221 235533.672|INFO|Thread-17|log|
260221 235533.672|INFO|Thread-17|log|Version 9.10.0 () Java ver 11.0.30 build 7065 Linux 6.8.0-94-generic (amd64) 
260221 235533.672|INFO|Thread-17|log|Login: team1 (aka team1)
260221 235533.673|INFO|Thread-17|log|Working directory is /home/shahd/eclipse-workspace/wti1
260221 235533.673|INFO|Thread-17|log|Process id is 43835@shahoda
260221 235533.675|INFO|Thread-17|log| handlePacket original LOGIN_SUCCESS after -- all settings loaded 
260221 235533.676|INFO|Thread-17|log|handlePacket end Packet[LOGIN_SUCCESS] #58 SERVER0 @ site 1 -> TEAM1 @ site 1
260221 235533.676|INFO|Thread-17|log| receiveObject(S) end   got Packet[LOGIN_SUCCESS] #58 SERVER0 @ site 1 -> TEAM1 @ site 1
260222 012842.892|CONFIG|Thread-26|log|Now logging to C:\Users\Shahd\git\2shahds_WCF_2026\logs directory.
260222 012842.892|INFO|Thread-26|log|
260222 012842.893|INFO|Thread-26|log|Version 9.10.0 () Java ver 21.0.8 build 7065 Windows 11 10.0 (amd64) 
260222 012842.893|INFO|Thread-26|log|Login: team1 (aka team1)
260222 012842.893|INFO|Thread-26|log|Working directory is C:\Users\Shahd\git\2shahds_WCF_2026
260222 012842.893|INFO|Thread-26|log|Process id is 31660@DESKTOP-5EPLK95
260222 012842.894|INFO|Thread-26|log| handlePacket original LOGIN_SUCCESS after -- all settings loaded 
260222 012842.894|INFO|Thread-26|log|handlePacket end Packet[LOGIN_SUCCESS] #11 SERVER0 @ site 1 -> TEAM1 @ site 1
260222 012842.894|INFO|Thread-26|log| receiveObject(S) end   got Packet[LOGIN_SUCCESS] #11 SERVER0 @ site 1 -> TEAM1 @ site 1
260222 015326.856|CONFIG|Thread-29|log|Now logging to C:\Users\Shahd\git\2shahds_WCF_2026\logs directory.
260222 015326.857|INFO|Thread-29|log|
260222 015326.857|INFO|Thread-29|log|Version 9.10.0 () Java ver 21.0.8 build 7065 Windows 11 10.0 (amd64) 
260222 015326.858|INFO|Thread-29|log|Login: team1 (aka team1)
260222 015326.859|INFO|Thread-29|log|Working directory is C:\Users\Shahd\git\2shahds_WCF_2026
260222 015326.860|INFO|Thread-29|log|Process id is 7032@DESKTOP-5EPLK95
260222 015326.860|INFO|Thread-29|log| handlePacket original LOGIN_SUCCESS after -- all settings loaded 
260222 015326.860|INFO|Thread-29|log|handlePacket end Packet[LOGIN_SUCCESS] #43 SERVER0 @ site 1 -> TEAM1 @ site 1
260222 015326.860|INFO|Thread-29|log| receiveObject(S) end   got Packet[LOGIN_SUCCESS] #43 SERVER0 @ site 1 -> TEAM1 @ site 1
260223 230128.282|CONFIG|Thread-35|log|Now logging to C:\Users\Lenovo\git\2shahds_WCF_2026\logs directory.
260223 230128.284|INFO|Thread-35|log|
260223 230128.284|INFO|Thread-35|log|Version 9.10.0 () Java ver 1.8.0_51 build 7065 Windows 8.1 6.3 (amd64) 
260223 230128.284|INFO|Thread-35|log|Login: team1 (aka team1)
260223 230128.284|INFO|Thread-35|log|Working directory is C:\Users\Lenovo\git\2shahds_WCF_2026
260223 230128.285|INFO|Thread-35|log|Process id is 12576@lilsaados
260223 230128.285|INFO|Thread-35|log| handlePacket original LOGIN_SUCCESS after -- all settings loaded 
260223 230128.285|INFO|Thread-35|log|handlePacket end Packet[LOGIN_SUCCESS] #19 SERVER0 @ site 1 -> TEAM1 @ site 1
260223 230128.285|INFO|Thread-35|log| receiveObject(S) end   got Packet[LOGIN_SUCCESS] #19 SERVER0 @ site 1 -> TEAM1 @ site 1
260224 211848.367|CONFIG|Thread-20|log|Now logging to C:\Users\Lenovo\git\2shahds_WCF_2026\logs directory.
260224 211848.367|INFO|Thread-20|log|
260224 211848.368|INFO|Thread-20|log|Version 9.10.0 () Java ver 1.8.0_51 build 7065 Windows 8.1 6.3 (amd64) 
260224 211848.368|INFO|Thread-20|log|Login: team1 (aka team1)
260224 211848.368|INFO|Thread-20|log|Working directory is C:\Users\Lenovo\git\2shahds_WCF_2026
260224 211848.368|INFO|Thread-20|log|Process id is 23624@lilsaados
260224 211848.369|INFO|Thread-20|log| handlePacket original LOGIN_SUCCESS after -- all settings loaded 
260224 211848.369|INFO|Thread-20|log|handlePacket end Packet[LOGIN_SUCCESS] #11 SERVER0 @ site 1 -> TEAM1 @ site 1
260224 211848.369|INFO|Thread-20|log| receiveObject(S) end   got Packet[LOGIN_SUCCESS] #11 SERVER0 @ site 1 -> TEAM1 @ site 1
260224 212910.302|CONFIG|Thread-29|log|Now logging to C:\Users\Lenovo\git\2shahds_WCF_2026\logs directory.
260224 212910.303|INFO|Thread-29|log|
260224 212910.303|INFO|Thread-29|log|Version 9.10.0 () Java ver 1.8.0_51 build 7065 Windows 8.1 6.3 (amd64) 
260224 212910.303|INFO|Thread-29|log|Login: team1 (aka team1)
260224 212910.303|INFO|Thread-29|log|Working directory is C:\Users\Lenovo\git\2shahds_WCF_2026
260224 212910.303|INFO|Thread-29|log|Process id is 19300@lilsaados
260224 212910.303|INFO|Thread-29|log| handlePacket original LOGIN_SUCCESS after -- all settings loaded 
260224 212910.303|INFO|Thread-29|log|handlePacket end Packet[LOGIN_SUCCESS] #18 SERVER0 @ site 1 -> TEAM1 @ site 1
260224 212910.303|INFO|Thread-29|log| receiveObject(S) end   got Packet[LOGIN_SUCCESS] #18 SERVER0 @ site 1 -> TEAM1 @ site 1
260224 213435.791|CONFIG|Thread-24|log|Now logging to C:\Users\Lenovo\git\2shahds_WCF_2026\logs directory.
260224 213435.791|INFO|Thread-24|log|
260224 213435.792|INFO|Thread-24|log|Version 9.10.0 () Java ver 1.8.0_51 build 7065 Windows 8.1 6.3 (amd64) 
260224 213435.794|INFO|Thread-24|log|Login: team1 (aka team1)
260224 213435.794|INFO|Thread-24|log|Working directory is C:\Users\Lenovo\git\2shahds_WCF_2026
260224 213435.794|INFO|Thread-24|log|Process id is 13332@lilsaados
260224 213435.794|INFO|Thread-24|log| handlePacket original LOGIN_SUCCESS after -- all settings loaded 
260224 213435.794|INFO|Thread-24|log|handlePacket end Packet[LOGIN_SUCCESS] #42 SERVER0 @ site 1 -> TEAM1 @ site 1
260224 213435.794|INFO|Thread-24|log| receiveObject(S) end   got Packet[LOGIN_SUCCESS] #42 SERVER0 @ site 1 -> TEAM1 @ site 1
260224 213635.556|CONFIG|Thread-20|log|Now logging to C:\Users\Lenovo\git\2shahds_WCF_2026\logs directory.
260224 213635.557|INFO|Thread-20|log|
260224 213635.557|INFO|Thread-20|log|Version 9.10.0 () Java ver 1.8.0_51 build 7065 Windows 8.1 6.3 (amd64) 
260224 213635.557|INFO|Thread-20|log|Login: team1 (aka team1)
260224 213635.557|INFO|Thread-20|log|Working directory is C:\Users\Lenovo\git\2shahds_WCF_2026
260224 213635.557|INFO|Thread-20|log|Process id is 10084@lilsaados
260224 213635.559|INFO|Thread-20|log| handlePacket original LOGIN_SUCCESS after -- all settings loaded 
260224 213635.559|INFO|Thread-20|log|handlePacket end Packet[LOGIN_SUCCESS] #55 SERVER0 @ site 1 -> TEAM1 @ site 1
260224 213635.559|INFO|Thread-20|log| receiveObject(S) end   got Packet[LOGIN_SUCCESS] #55 SERVER0 @ site 1 -> TEAM1 @ site 1
260224 214330.127|CONFIG|Thread-20|log|Now logging to C:\Users\Lenovo\git\2shahds_WCF_2026\logs directory.
260224 214330.127|INFO|Thread-20|log|
260224 214330.127|INFO|Thread-20|log|Version 9.10.0 () Java ver 1.8.0_51 build 7065 Windows 8.1 6.3 (amd64) 
260224 214330.127|INFO|Thread-20|log|Login: team1 (aka team1)
260224 214330.127|INFO|Thread-20|log|Working directory is C:\Users\Lenovo\git\2shahds_WCF_2026
260224 214330.128|INFO|Thread-20|log|Process id is 11584@lilsaados
260224 214330.128|INFO|Thread-20|log| handlePacket original LOGIN_SUCCESS after -- all settings loaded 
260224 214330.128|INFO|Thread-20|log|handlePacket end Packet[LOGIN_SUCCESS] #87 SERVER0 @ site 1 -> TEAM1 @ site 1
260224 214330.128|INFO|Thread-20|log| receiveObject(S) end   got Packet[LOGIN_SUCCESS] #87 SERVER0 @ site 1 -> TEAM1 @ site 1
260302 215707.374|CONFIG|Thread-20|log|Now logging to /home/shahd/eclipse-workspace/wti1/logs directory.
260302 215707.375|INFO|Thread-20|log|
260302 215707.375|INFO|Thread-20|log|Version 9.10.0 () Java ver 11.0.30 build 7065 Linux 6.8.0-100-generic (amd64) 
260302 215707.375|INFO|Thread-20|log|Login: team1 (aka team1)
260302 215707.376|INFO|Thread-20|log|Working directory is /home/shahd/eclipse-workspace/wti1
260302 215707.377|INFO|Thread-20|log|Process id is 13769@shahoda
260302 215707.377|INFO|Thread-20|log| handlePacket original LOGIN_SUCCESS after -- all settings loaded 
260302 215707.378|INFO|Thread-20|log|handlePacket end Packet[LOGIN_SUCCESS] #16 SERVER0 @ site 1 -> TEAM1 @ site 1
260302 215707.378|INFO|Thread-20|log| receiveObject(S) end   got Packet[LOGIN_SUCCESS] #16 SERVER0 @ site 1 -> TEAM1 @ site 1
260302 223902.618|CONFIG|Thread-16|log|Now logging to /home/shahd/eclipse-workspace/wti1/logs directory.
260302 223902.623|INFO|Thread-16|log|
260302 223902.625|INFO|Thread-16|log|Version 9.10.0 () Java ver 11.0.30 build 7065 Linux 6.8.0-100-generic (amd64) 
260302 223902.625|INFO|Thread-16|log|Login: team1 (aka team1)
260302 223902.626|INFO|Thread-16|log|Working directory is /home/shahd/eclipse-workspace/wti1
260302 223902.626|INFO|Thread-16|log|Process id is 17247@shahoda
260302 223902.630|INFO|Thread-16|log| handlePacket original LOGIN_SUCCESS after -- all settings loaded 
260302 223902.631|INFO|Thread-16|log|handlePacket end Packet[LOGIN_SUCCESS] #27 SERVER0 @ site 1 -> TEAM1 @ site 1
260302 223902.634|INFO|Thread-16|log| receiveObject(S) end   got Packet[LOGIN_SUCCESS] #27 SERVER0 @ site 1 -> TEAM1 @ site 1
260309 014856.641|CONFIG|Thread-17|log|Now logging to /home/shahd/eclipse-workspace/wti1/logs directory.
260309 014856.643|INFO|Thread-17|log|
260309 014856.643|INFO|Thread-17|log|Version 9.10.0 () Java ver 11.0.30 build 7065 Linux 6.8.0-100-generic (amd64) 
260309 014856.644|INFO|Thread-17|log|Login: team1 (aka team1)
260309 014856.644|INFO|Thread-17|log|Working directory is /home/shahd/eclipse-workspace/wti1
260309 014856.645|INFO|Thread-17|log|Process id is 9012@shahoda
260309 014856.648|INFO|Thread-17|log| handlePacket original LOGIN_SUCCESS after -- all settings loaded 
260309 014856.648|INFO|Thread-17|log|handlePacket end Packet[LOGIN_SUCCESS] #13 SERVER0 @ site 1 -> TEAM1 @ site 1
260309 014856.649|INFO|Thread-17|log| receiveObject(S) end   got Packet[LOGIN_SUCCESS] #13 SERVER0 @ site 1 -> TEAM1 @ site 1
260309 043932.098|CONFIG|Thread-18|log|Now logging to /home/shahd/eclipse-workspace/wti1/logs directory.
260309 043932.099|INFO|Thread-18|log|
260309 043932.099|INFO|Thread-18|log|Version 9.10.0 () Java ver 11.0.30 build 7065 Linux 6.8.0-100-generic (amd64) 
260309 043932.099|INFO|Thread-18|log|Login: team1 (aka team1)
260309 043932.099|INFO|Thread-18|log|Working directory is /home/shahd/eclipse-workspace/wti1
260309 043932.100|INFO|Thread-18|log|Process id is 24697@shahoda
260309 043932.100|INFO|Thread-18|log| handlePacket original LOGIN_SUCCESS after -- all settings loaded 
260309 043932.100|INFO|Thread-18|log|handlePacket end Packet[LOGIN_SUCCESS] #39 SERVER0 @ site 1 -> TEAM1 @ site 1
260309 043932.100|INFO|Thread-18|log| receiveObject(S) end   got Packet[LOGIN_SUCCESS] #39 SERVER0 @ site 1 -> TEAM1 @ site 1
260309 050448.681|CONFIG|Thread-23|log|Now logging to /home/shahd/eclipse-workspace/wti1/logs directory.
260309 050448.681|INFO|Thread-23|log|
260309 050448.681|INFO|Thread-23|log|Version 9.10.0 () Java ver 11.0.30 build 7065 Linux 6.8.0-100-generic (amd64) 
260309 050448.681|INFO|Thread-23|log|Login: team1 (aka team1)
260309 050448.682|INFO|Thread-23|log|Working directory is /home/shahd/eclipse-workspace/wti1
260309 050448.682|INFO|Thread-23|log|Process id is 26709@shahoda
260309 050448.683|INFO|Thread-23|log| handlePacket original LOGIN_SUCCESS after -- all settings loaded 
260309 050448.683|INFO|Thread-23|log|handlePacket end Packet[LOGIN_SUCCESS] #60 SERVER0 @ site 1 -> TEAM1 @ site 1
260309 050448.683|INFO|Thread-23|log| receiveObject(S) end   got Packet[LOGIN_SUCCESS] #60 SERVER0 @ site 1 -> TEAM1 @ site 1
260315 204133.075|CONFIG|Thread-17|log|Now logging to /home/shahd/eclipse-workspace/wti1/logs directory.
260315 204133.076|INFO|Thread-17|log|
260315 204133.076|INFO|Thread-17|log|Version 9.10.0 () Java ver 11.0.30 build 7065 Linux 6.8.0-101-generic (amd64) 
260315 204133.077|INFO|Thread-17|log|Login: team1 (aka team1)
260315 204133.077|INFO|Thread-17|log|Working directory is /home/shahd/eclipse-workspace/wti1
260315 204133.077|INFO|Thread-17|log|Process id is 6382@shahoda
260315 204133.078|INFO|Thread-17|log| handlePacket original LOGIN_SUCCESS after -- all settings loaded 
260315 204133.078|INFO|Thread-17|log|handlePacket end Packet[LOGIN_SUCCESS] #8 SERVER0 @ site 1 -> TEAM1 @ site 1
260315 204133.078|INFO|Thread-17|log| receiveObject(S) end   got Packet[LOGIN_SUCCESS] #8 SERVER0 @ site 1 -> TEAM1 @ site 1
260319 053021.816|CONFIG|Thread-34|log|Now logging to C:\Users\Shahd\git\2shahds_WCF_2026\logs directory.
260319 053021.817|INFO|Thread-34|log|
260319 053021.817|INFO|Thread-34|log|Version 9.10.0 () Java ver 21.0.8 build 7065 Windows 11 10.0 (amd64) 
260319 053021.818|INFO|Thread-34|log|Login: team1 (aka team1)
260319 053021.818|INFO|Thread-34|log|Working directory is C:\Users\Shahd\git\2shahds_WCF_2026
260319 053021.819|INFO|Thread-34|log|Process id is 43708@DESKTOP-5EPLK95
260319 053021.819|INFO|Thread-34|log| handlePacket original LOGIN_SUCCESS after -- all settings loaded 
260319 053021.819|INFO|Thread-34|log|handlePacket end Packet[LOGIN_SUCCESS] #23 SERVER0 @ site 1 -> TEAM1 @ site 1
260319 053021.820|INFO|Thread-34|log| receiveObject(S) end   got Packet[LOGIN_SUCCESS] #23 SERVER0 @ site 1 -> TEAM1 @ site 1
260319 060558.353|CONFIG|Thread-26|log|Now logging to C:\Users\Shahd\git\2shahds_WCF_2026\logs directory.
260319 060558.354|INFO|Thread-26|log|
260319 060558.354|INFO|Thread-26|log|Version 9.10.0 () Java ver 21.0.8 build 7065 Windows 11 10.0 (amd64) 
260319 060558.354|INFO|Thread-26|log|Login: team1 (aka team1)
260319 060558.355|INFO|Thread-26|log|Working directory is C:\Users\Shahd\git\2shahds_WCF_2026
260319 060558.355|INFO|Thread-26|log|Process id is 41688@DESKTOP-5EPLK95
260319 060558.355|INFO|Thread-26|log| handlePacket original LOGIN_SUCCESS after -- all settings loaded 
260319 060558.356|INFO|Thread-26|log|handlePacket end Packet[LOGIN_SUCCESS] #36 SERVER0 @ site 1 -> TEAM1 @ site 1
260319 060558.356|INFO|Thread-26|log| receiveObject(S) end   got Packet[LOGIN_SUCCESS] #36 SERVER0 @ site 1 -> TEAM1 @ site 1
260327 052014.332|CONFIG|Thread-17|log|Now logging to /home/shahd/eclipse-workspace/wti1/logs directory.
260327 052014.333|INFO|Thread-17|log|
260327 052014.333|INFO|Thread-17|log|Version 9.10.0 () Java ver 11.0.30 build 7065 Linux 6.8.0-106-generic (amd64) 
260327 052014.333|INFO|Thread-17|log|Login: team1 (aka team1)
260327 052014.333|INFO|Thread-17|log|Working directory is /home/shahd/eclipse-workspace/wti1
260327 052014.334|INFO|Thread-17|log|Process id is 15959@shahoda
260327 052014.335|INFO|Thread-17|log| handlePacket original LOGIN_SUCCESS after -- all settings loaded 
260327 052014.335|INFO|Thread-17|log|handlePacket end Packet[LOGIN_SUCCESS] #41 SERVER0 @ site 1 -> TEAM1 @ site 1
260327 052014.335|INFO|Thread-17|log| receiveObject(S) end   got Packet[LOGIN_SUCCESS] #41 SERVER0 @ site 1 -> TEAM1 @ site 1
260327 053452.784|CONFIG|Thread-17|log|Now logging to /home/shahd/eclipse-workspace/wti1/logs directory.
260327 053452.785|INFO|Thread-17|log|
260327 053452.785|INFO|Thread-17|log|Version 9.10.0 () Java ver 11.0.30 build 7065 Linux 6.8.0-106-generic (amd64) 
260327 053452.785|INFO|Thread-17|log|Login: team1 (aka team1)
260327 053452.786|INFO|Thread-17|log|Working directory is /home/shahd/eclipse-workspace/wti1
260327 053452.786|INFO|Thread-17|log|Process id is 18194@shahoda
260327 053452.789|INFO|Thread-17|log| handlePacket original LOGIN_SUCCESS after -- all settings loaded 
260327 053452.789|INFO|Thread-17|log|handlePacket end Packet[LOGIN_SUCCESS] #67 SERVER0 @ site 1 -> TEAM1 @ site 1
260327 053452.790|INFO|Thread-17|log| receiveObject(S) end   got Packet[LOGIN_SUCCESS] #67 SERVER0 @ site 1 -> TEAM1 @ site 1
260328 163754.519|CONFIG|Thread-20|log|Now logging to /home/shahd/eclipse-workspace/wti1/logs directory.
260328 163754.523|INFO|Thread-20|log|
260328 163754.524|INFO|Thread-20|log|Version 9.10.0 () Java ver 11.0.30 build 7065 Linux 6.8.0-106-generic (amd64) 
260328 163754.525|INFO|Thread-20|log|Login: team1 (aka team1)
260328 163754.525|INFO|Thread-20|log|Working directory is /home/shahd/eclipse-workspace/wti1
260328 163754.525|INFO|Thread-20|log|Process id is 5760@shahoda
260328 163754.526|INFO|Thread-20|log| handlePacket original LOGIN_SUCCESS after -- all settings loaded 
260328 163754.526|INFO|Thread-20|log|handlePacket end Packet[LOGIN_SUCCESS] #15 SERVER0 @ site 1 -> TEAM1 @ site 1
260328 163754.527|INFO|Thread-20|log| receiveObject(S) end   got Packet[LOGIN_SUCCESS] #15 SERVER0 @ site 1 -> TEAM1 @ site 1
260330 193505.925|CONFIG|Thread-18|log|Now logging to /home/shahd/eclipse-workspace/wti1/logs directory.
260330 193505.926|INFO|Thread-18|log|
260330 193505.926|INFO|Thread-18|log|Version 9.10.0 () Java ver 11.0.30 build 7065 Linux 6.8.0-106-generic (amd64) 
260330 193505.927|INFO|Thread-18|log|Login: team1 (aka team1)
260330 193505.927|INFO|Thread-18|log|Working directory is /home/shahd/eclipse-workspace/wti1
260330 193505.927|INFO|Thread-18|log|Process id is 5233@shahoda
260330 193505.928|INFO|Thread-18|log| handlePacket original LOGIN_SUCCESS after -- all settings loaded 
260330 193505.928|INFO|Thread-18|log|handlePacket end Packet[LOGIN_SUCCESS] #8 SERVER0 @ site 1 -> TEAM1 @ site 1
260330 193505.928|INFO|Thread-18|log| receiveObject(S) end   got Packet[LOGIN_SUCCESS] #8 SERVER0 @ site 1 -> TEAM1 @ site 1
260330 193610.069|INFO|Thread-19|log| receiveObject(S) start got Packet[CLOCK_STARTED] #13 SERVER0 @ site 1 -> SERVER0 @ site 0
260330 193610.070|INFO|Thread-19|log|Packet CLOCK_STARTED (Seq #13, o#13 ) recieveObject
260330 193610.070|INFO|Thread-19|log|  From: SERVER0 @ site 1, oSERVER0 @ site 1 (shahoda @ 127.0.1.1) (Contest Id: Default--6159007321590187439)
260330 193610.070|INFO|Thread-19|log|    To: SERVER0 @ site 0
260330 193610.071|INFO|Thread-19|log|   key: SITE_NUMBER is: java.lang.Integer 1
260330 193610.071|INFO|Thread-19|log|   key: CLIENT_ID is: edu.csus.ecs.pc2.core.model.ClientId ADMINISTRATOR1 @ site 1
260330 193610.071|INFO|Thread-19|log|   key: SERVER_CLOCK_OFFSET is: java.util.GregorianCalendar java.util.GregorianCalendar[time=1774892170059,areFieldsSet=true,areAllFieldsSet=false,lenient=true,zone=sun.util.calendar.ZoneInfo[id="GMT",offset=0,dstSavings=0,useDaylight=false,transitions=0,lastRule=null],firstDayOfWeek=1,minimalDaysInFirstWeek=1,ERA=1,YEAR=2026,MONTH=2,WEEK_OF_YEAR=14,WEEK_OF_MONTH=5,DAY_OF_MONTH=30,DAY_OF_YEAR=89,DAY_OF_WEEK=2,DAY_OF_WEEK_IN_MONTH=5,AM_PM=1,HOUR=5,HOUR_OF_DAY=17,MINUTE=36,SECOND=10,MILLISECOND=59,ZONE_OFFSET=0,DST_OFFSET=0]
260330 193610.072|INFO|Thread-19|log|handlePacket start Packet[CLOCK_STARTED] #13 SERVER0 @ site 1 -> SERVER0 @ site 0
260330 193610.072|INFO|Thread-19|log|Packet CLOCK_STARTED (Seq #13, o#13 ) handlePacket
260330 193610.072|INFO|Thread-19|log|  From: SERVER0 @ site 1, oSERVER0 @ site 1 (shahoda @ 127.0.1.1) (Contest Id: Default--6159007321590187439)
260330 193610.072|INFO|Thread-19|log|    To: SERVER0 @ site 0
260330 193610.073|INFO|Thread-19|log|   key: SITE_NUMBER is: java.lang.Integer 1
260330 193610.073|INFO|Thread-19|log|   key: CLIENT_ID is: edu.csus.ecs.pc2.core.model.ClientId ADMINISTRATOR1 @ site 1
260330 193610.073|INFO|Thread-19|log|   key: SERVER_CLOCK_OFFSET is: java.util.GregorianCalendar java.util.GregorianCalendar[time=1774892170059,areFieldsSet=true,areAllFieldsSet=false,lenient=true,zone=sun.util.calendar.ZoneInfo[id="GMT",offset=0,dstSavings=0,useDaylight=false,transitions=0,lastRule=null],firstDayOfWeek=1,minimalDaysInFirstWeek=1,ERA=1,YEAR=2026,MONTH=2,WEEK_OF_YEAR=14,WEEK_OF_MONTH=5,DAY_OF_MONTH=30,DAY_OF_YEAR=89,DAY_OF_WEEK=2,DAY_OF_WEEK_IN_MONTH=5,AM_PM=1,HOUR=5,HOUR_OF_DAY=17,MINUTE=36,SECOND=10,MILLISECOND=59,ZONE_OFFSET=0,DST_OFFSET=0]
260330 193610.094|INFO|Thread-19|log|Clock for site 1 started by ADMINISTRATOR1 @ site 1 elapsed 0:00:13
260330 193610.095|INFO|Thread-19|log| receiveObject(S) end   got Packet[CLOCK_STARTED] #13 SERVER0 @ site 1 -> SERVER0 @ site 0
260330 193629.322|INFO|Thread-20|log| receiveObject(S) start got Packet[CLOCK_STOPPED] #14 SERVER0 @ site 1 -> SERVER0 @ site 0
260330 193629.323|INFO|Thread-20|log|Packet CLOCK_STOPPED (Seq #14, o#14 ) recieveObject
260330 193629.323|INFO|Thread-20|log|  From: SERVER0 @ site 1, oSERVER0 @ site 1 (shahoda @ 127.0.1.1) (Contest Id: Default--6159007321590187439)
260330 193629.323|INFO|Thread-20|log|    To: SERVER0 @ site 0
260330 193629.323|INFO|Thread-20|log|   key: SITE_NUMBER is: java.lang.Integer 1
260330 193629.324|INFO|Thread-20|log|   key: CLIENT_ID is: edu.csus.ecs.pc2.core.model.ClientId ADMINISTRATOR1 @ site 1
260330 193629.324|INFO|Thread-20|log|handlePacket start Packet[CLOCK_STOPPED] #14 SERVER0 @ site 1 -> SERVER0 @ site 0
260330 193629.324|INFO|Thread-20|log|Packet CLOCK_STOPPED (Seq #14, o#14 ) handlePacket
260330 193629.328|INFO|Thread-20|log|  From: SERVER0 @ site 1, oSERVER0 @ site 1 (shahoda @ 127.0.1.1) (Contest Id: Default--6159007321590187439)
260330 193629.329|INFO|Thread-20|log|    To: SERVER0 @ site 0
260330 193629.329|INFO|Thread-20|log|   key: SITE_NUMBER is: java.lang.Integer 1
260330 193629.329|INFO|Thread-20|log|   key: CLIENT_ID is: edu.csus.ecs.pc2.core.model.ClientId ADMINISTRATOR1 @ site 1
260330 193629.331|INFO|Thread-20|log|Clock for site 1 stopped by ADMINISTRATOR1 @ site 1 elapsed 0:00:32
260330 193629.332|INFO|Thread-20|log| receiveObject(S) end   got Packet[CLOCK_STOPPED] #14 SERVER0 @ site 1 -> SERVER0 @ site 0
260330 193646.466|INFO|Thread-21|log| receiveObject(S) start got Packet[UPDATE_SETTING] #15 SERVER0 @ site 1 -> SERVER0 @ site 0
260330 193646.467|INFO|Thread-21|log|Packet UPDATE_SETTING (Seq #15, o#5 ) recieveObject
260330 193646.467|INFO|Thread-21|log|  From: SERVER0 @ site 1, oADMINISTRATOR1 @ site 1 (shahoda @ 127.0.1.1) (Contest Id: Default--6159007321590187439)
260330 193646.467|INFO|Thread-21|log|    To: SERVER0 @ site 0
260330 193646.467|INFO|Thread-21|log|   key: CONTEST_INFORMATION is: edu.csus.ecs.pc2.core.model.ContestInformation edu.csus.ecs.pc2.core.model.ContestInformation@bf7d7dc
260330 193646.468|INFO|Thread-21|log|handlePacket start Packet[UPDATE_SETTING] #15 SERVER0 @ site 1 -> SERVER0 @ site 0
260330 193646.468|INFO|Thread-21|log|Packet UPDATE_SETTING (Seq #15, o#5 ) handlePacket
260330 193646.468|INFO|Thread-21|log|  From: SERVER0 @ site 1, oADMINISTRATOR1 @ site 1 (shahoda @ 127.0.1.1) (Contest Id: Default--6159007321590187439)
260330 193646.468|INFO|Thread-21|log|    To: SERVER0 @ site 0
260330 193646.468|INFO|Thread-21|log|   key: CONTEST_INFORMATION is: edu.csus.ecs.pc2.core.model.ContestInformation edu.csus.ecs.pc2.core.model.ContestInformation@bf7d7dc
260330 193646.474|INFO|Thread-21|log|handlePacket end Packet[UPDATE_SETTING] #15 SERVER0 @ site 1 -> SERVER0 @ site 0
260330 193646.475|INFO|Thread-21|log| receiveObject(S) end   got Packet[UPDATE_SETTING] #15 SERVER0 @ site 1 -> SERVER0 @ site 0
260330 193646.479|INFO|Thread-22|log| receiveObject(S) start got Packet[UPDATE_SETTING] #16 SERVER0 @ site 1 -> SERVER0 @ site 0
260330 193646.479|INFO|Thread-22|log|Packet UPDATE_SETTING (Seq #16, o#4 ) recieveObject
260330 193646.479|INFO|Thread-22|log|  From: SERVER0 @ site 1, oADMINISTRATOR1 @ site 1 (shahoda @ 127.0.1.1) (Contest Id: Default--6159007321590187439)
260330 193646.479|INFO|Thread-22|log|    To: SERVER0 @ site 0
260330 193646.480|INFO|Thread-22|log|   key: CONTEST_TIME is: edu.csus.ecs.pc2.core.model.ContestTime edu.csus.ecs.pc2.core.model.ContestTime@2392e5f7
260330 193646.480|INFO|Thread-22|log|handlePacket start Packet[UPDATE_SETTING] #16 SERVER0 @ site 1 -> SERVER0 @ site 0
260330 193646.480|INFO|Thread-22|log|Packet UPDATE_SETTING (Seq #16, o#4 ) handlePacket
260330 193646.480|INFO|Thread-22|log|  From: SERVER0 @ site 1, oADMINISTRATOR1 @ site 1 (shahoda @ 127.0.1.1) (Contest Id: Default--6159007321590187439)
260330 193646.481|INFO|Thread-22|log|    To: SERVER0 @ site 0
260330 193646.481|INFO|Thread-22|log|   key: CONTEST_TIME is: edu.csus.ecs.pc2.core.model.ContestTime edu.csus.ecs.pc2.core.model.ContestTime@2392e5f7
260330 193646.482|INFO|Thread-22|log|handlePacket end Packet[UPDATE_SETTING] #16 SERVER0 @ site 1 -> SERVER0 @ site 0
260330 193646.483|INFO|Thread-22|log| receiveObject(S) end   got Packet[UPDATE_SETTING] #16 SERVER0 @ site 1 -> SERVER0 @ site 0
260403 165902.930|CONFIG|Thread-40|log|Now logging to /home/shahd/eclipse-workspace/wti1/logs directory.
260403 165902.931|INFO|Thread-40|log|
260403 165902.932|INFO|Thread-40|log|Version 9.10.0 () Java ver 11.0.30 build 7065 Linux 6.8.0-106-generic (amd64) 
260403 165902.932|INFO|Thread-40|log|Login: team1 (aka team1)
260403 165902.932|INFO|Thread-40|log|Working directory is /home/shahd/eclipse-workspace/wti1
260403 165902.932|INFO|Thread-40|log|Process id is 8440@shahoda
260403 165902.933|INFO|Thread-40|log| handlePacket original LOGIN_SUCCESS after -- all settings loaded 
260403 165902.934|INFO|Thread-40|log|handlePacket end Packet[LOGIN_SUCCESS] #49 SERVER0 @ site 1 -> TEAM1 @ site 1
260403 165902.934|INFO|Thread-40|log| receiveObject(S) end   got Packet[LOGIN_SUCCESS] #49 SERVER0 @ site 1 -> TEAM1 @ site 1
260403 173621.554|CONFIG|Thread-19|log|Now logging to /home/shahd/eclipse-workspace/wti1/logs directory.
260403 173621.555|INFO|Thread-19|log|
260403 173621.555|INFO|Thread-19|log|Version 9.10.0 () Java ver 11.0.30 build 7065 Linux 6.8.0-106-generic (amd64) 
260403 173621.555|INFO|Thread-19|log|Login: team1 (aka team1)
260403 173621.556|INFO|Thread-19|log|Working directory is /home/shahd/eclipse-workspace/wti1
260403 173621.556|INFO|Thread-19|log|Process id is 14759@shahoda
260403 173621.561|INFO|Thread-19|log| handlePacket original LOGIN_SUCCESS after -- all settings loaded 
260403 173621.562|INFO|Thread-19|log|handlePacket end Packet[LOGIN_SUCCESS] #82 SERVER0 @ site 1 -> TEAM1 @ site 1
260403 173621.562|INFO|Thread-19|log| receiveObject(S) end   got Packet[LOGIN_SUCCESS] #82 SERVER0 @ site 1 -> TEAM1 @ site 1
260403 215029.041|CONFIG|Thread-18|log|Now logging to /home/shahd/eclipse-workspace/wti1/logs directory.
260403 215029.043|INFO|Thread-18|log|
260403 215029.043|INFO|Thread-18|log|Version 9.10.0 () Java ver 11.0.30 build 7065 Linux 6.8.0-106-generic (amd64) 
260403 215029.043|INFO|Thread-18|log|Login: team1 (aka team1)
260403 215029.043|INFO|Thread-18|log|Working directory is /home/shahd/eclipse-workspace/wti1
260403 215029.044|INFO|Thread-18|log|Process id is 8837@shahoda
260403 215029.044|INFO|Thread-18|log| handlePacket original LOGIN_SUCCESS after -- all settings loaded 
260403 215029.045|INFO|Thread-18|log|handlePacket end Packet[LOGIN_SUCCESS] #28 SERVER0 @ site 1 -> TEAM1 @ site 1
260403 215029.045|INFO|Thread-18|log| receiveObject(S) end   got Packet[LOGIN_SUCCESS] #28 SERVER0 @ site 1 -> TEAM1 @ site 1
260404 023302.055|CONFIG|Thread-16|log|Now logging to /home/shahd/eclipse-workspace/wti1/logs directory.
260404 023302.055|INFO|Thread-16|log|
260404 023302.056|INFO|Thread-16|log|Version 9.10.0 () Java ver 11.0.30 build 7065 Linux 6.8.0-106-generic (amd64) 
260404 023302.056|INFO|Thread-16|log|Login: team1 (aka team1)
260404 023302.057|INFO|Thread-16|log|Working directory is /home/shahd/eclipse-workspace/wti1
260404 023302.057|INFO|Thread-16|log|Process id is 13139@shahoda
260404 023302.057|INFO|Thread-16|log| handlePacket original LOGIN_SUCCESS after -- all settings loaded 
260404 023302.058|INFO|Thread-16|log|handlePacket end Packet[LOGIN_SUCCESS] #31 SERVER0 @ site 1 -> TEAM1 @ site 1
260404 023302.058|INFO|Thread-16|log| receiveObject(S) end   got Packet[LOGIN_SUCCESS] #31 SERVER0 @ site 1 -> TEAM1 @ site 1
