260223 230208.199|CONFIG|qtp38997010-41|log|Now logging to C:\Users\Lenovo\git\2shahds_WCF_2026\logs directory.
260223 230208.199|INFO|qtp38997010-41|log|
260223 230208.199|INFO|qtp38997010-41|log|Version 9.10.0 () Java ver 1.8.0_51 build 7065 Windows 8.1 6.3 (amd64) 
260223 230208.199|INFO|qtp38997010-41|log|Login: team12 (aka team12)
260223 230208.200|INFO|qtp38997010-41|log|Working directory is C:\Users\Lenovo\git\2shahds_WCF_2026
260223 230208.200|INFO|qtp38997010-41|log|Process id is 12576@lilsaados
260223 230208.201|INFO|qtp38997010-41|log|Contacting server at localhost:50002 as TEAM12 @ site 0
260223 230208.202|INFO|qtp38997010-41|log|sendLoginRequest start - sending from TEAM12 @ site 0
260223 230208.202|INFO|Thread-37|log|receiveUnencrypted(TransportWrapper, ConnectionHandlerID=Socket[addr=localhost/127.0.0.1,port=50002,localport=64987]--3237824248374248327)
260223 230208.202|INFO|qtp38997010-41|log|Sending packet to server Packet[LOGIN_REQUEST] #4 TEAM12 @ site 0 -> SERVER0 @ site 0
260223 230208.205|INFO|qtp38997010-41|log|Sent    packet to server Packet[LOGIN_REQUEST] #4 TEAM12 @ site 0 -> SERVER0 @ site 0
260223 230208.205|INFO|Thread-38|log|send(Serializable)
260223 230208.205|INFO|qtp38997010-41|log|sendLoginRequest end - packet sent.
260223 230208.209|INFO|Thread-37|log|receiveUnencrypted Made a secret key for Socket[addr=localhost/127.0.0.1,port=50002,localport=64987]--3237824248374248327 key is com.sun.crypto.provider.DESKey@fffe79ca
260223 230208.209|INFO|Thread-37|log|Generating Unencrypted Public Key Packet
260223 230208.210|INFO|Thread-37|log|checking key:= SunJCE Diffie-Hellman Public Key:
y:
    29bec966 152718a8 9e967229 297bce63 6aa41201 90c0faa0 114e9c78 5824c9fe
    ed6b31b7 7019772f be485aa9 aae32846 0852c001 e10fd9da adbe5e98 d03e4331
    4fd69631 96dac7c4 269613c0 d7bc7384 aebd5cf7 c20f6163 da8bca33 1df3d308
    1227cc13 4c7e9b71 7d927277 d01973cb ae090cba 2950367a 4e29bce1 42ab35b2
p:
    f488fd58 4e49dbcd 20b49de4 9107366b 336c380d 451d0f7c 88b31c7c 5b2d8ef6
    f3c923c0 43f0a55b 188d8ebb 558cb85d 38d334fd 7c175743 a31d186c de33212c
    b52aff3c e1b12940 18118d7c 84a70a72 d686c403 19c80729 7aca950c d9969fab
    d00a509b 0246d308 3d66a45d 419f9c7c bd894b22 1926baab a25ec355 e92f78c7
g:
    02
l:
    512
260223 230208.210|INFO|Thread-37|log|packet:= edu.csus.ecs.pc2.core.transport.TransportWrapper@2e78f8e4
260223 230208.226|INFO|Thread-37|log|public void receive(SealedObject TransportPacket, ConnectionHandlerID connectionHandlerID)
260223 230208.226|INFO|Thread-39|log| receiveObject(S) start got Packet[LOGIN_FAILED] #22 SERVER0 @ site 1 -> TEAM12 @ site 0
260223 230208.227|INFO|Thread-39|log|Packet LOGIN_FAILED (Seq #22, o#22 ) recieveObject
260223 230208.227|INFO|Thread-39|log|  From: SERVER0 @ site 1, oSERVER0 @ site 1 (lilsaados @ 169.254.83.107) (Contest Id: Default--8030075252927918473)
260223 230208.227|INFO|Thread-39|log|    To: TEAM12 @ site 0
260223 230208.227|INFO|Thread-39|log|   key: MESSAGE_STRING is: java.lang.String No such account
260223 230208.227|INFO|Thread-39|log|handlePacket start Packet[LOGIN_FAILED] #22 SERVER0 @ site 1 -> TEAM12 @ site 0
260223 230208.227|INFO|Thread-39|log|Packet LOGIN_FAILED (Seq #22, o#22 ) handlePacket
260223 230208.227|INFO|Thread-39|log|  From: SERVER0 @ site 1, oSERVER0 @ site 1 (lilsaados @ 169.254.83.107) (Contest Id: Default--8030075252927918473)
260223 230208.227|INFO|Thread-39|log|    To: TEAM12 @ site 0
260223 230208.227|INFO|Thread-39|log|   key: MESSAGE_STRING is: java.lang.String No such account
260223 230208.228|INFO|Thread-39|log| receiveObject(S) end   got Packet[LOGIN_FAILED] #22 SERVER0 @ site 1 -> TEAM12 @ site 0
260319 151952.906|CONFIG|qtp1890627974-59|log|Now logging to C:\Users\Shahd\git\2shahds_WCF_2026\logs directory.
260319 151952.908|INFO|qtp1890627974-59|log|
260319 151952.909|INFO|qtp1890627974-59|log|Version 9.10.0 () Java ver 21.0.8 build 7065 Windows 11 10.0 (amd64) 
260319 151952.915|INFO|qtp1890627974-59|log|Login: team12 (aka team12)
260319 151952.920|INFO|qtp1890627974-59|log|Working directory is C:\Users\Shahd\git\2shahds_WCF_2026
260319 151952.921|INFO|qtp1890627974-59|log|Process id is 36860@DESKTOP-5EPLK95
260319 151952.922|INFO|qtp1890627974-59|log|Contacting server at localhost:50002 as TEAM12 @ site 0
260319 151952.922|INFO|qtp1890627974-59|log|sendLoginRequest start - sending from TEAM12 @ site 0
260319 151952.923|INFO|qtp1890627974-59|log|Sending packet to server Packet[LOGIN_REQUEST] #2 TEAM12 @ site 0 -> SERVER0 @ site 0
260319 151952.926|INFO|Thread-24|log|receiveUnencrypted Made a secret key for Socket[addr=localhost/127.0.0.1,port=50002,localport=61142]-5764142128019110426 key is com.sun.crypto.provider.DESKey@185ab
260319 151952.926|INFO|qtp1890627974-59|log|Sent    packet to server Packet[LOGIN_REQUEST] #2 TEAM12 @ site 0 -> SERVER0 @ site 0
260319 151952.926|INFO|Thread-25|log|send(Serializable)
260319 151952.926|INFO|Thread-24|log|Generating Unencrypted Public Key Packet
260319 151952.927|INFO|qtp1890627974-59|log|sendLoginRequest end - packet sent.
260319 151952.930|INFO|Thread-24|log|checking key:= SunJCE Diffie-Hellman Public Key:
y:
    c7906fc4 f897083f 8dd458e8 4561d984 5fa5fc0f 3ca8ef72 b6f8af4b 410161e6
    17ee958e 47adb5cf 8d7366cd c2cd4799 8c69d7e4 c50cea79 51c72358 7930fb32
    0bc5ec60 025d122a c0f8dd66 707c8ade 3233eb63 833e06e7 bbf069d3 d71da568
    bfcd856f fa2c07c4 19d694a1 ee8395f0 87b4750b a78e50f7 064c2ac1 d58f2322
p:
    f488fd58 4e49dbcd 20b49de4 9107366b 336c380d 451d0f7c 88b31c7c 5b2d8ef6
    f3c923c0 43f0a55b 188d8ebb 558cb85d 38d334fd 7c175743 a31d186c de33212c
    b52aff3c e1b12940 18118d7c 84a70a72 d686c403 19c80729 7aca950c d9969fab
    d00a509b 0246d308 3d66a45d 419f9c7c bd894b22 1926baab a25ec355 e92f78c7
g:
    02
l:
    512
260319 151952.931|INFO|Thread-24|log|packet:= edu.csus.ecs.pc2.core.transport.TransportWrapper@1ec498a2
260319 151952.948|INFO|Thread-24|log|public void receive(SealedObject TransportPacket, ConnectionHandlerID connectionHandlerID)
260319 151952.951|INFO|Thread-26|log| receiveObject(S) start got Packet[LOGIN_FAILED] #18 SERVER0 @ site 1 -> TEAM12 @ site 0
260319 151952.951|INFO|Thread-26|log|Packet LOGIN_FAILED (Seq #18, o#18 ) recieveObject
260319 151952.952|INFO|Thread-26|log|  From: SERVER0 @ site 1, oSERVER0 @ site 1 (DESKTOP-5EPLK95 @ 192.168.0.1) (Contest Id: Default--8496739082754078555)
260319 151952.952|INFO|Thread-26|log|    To: TEAM12 @ site 0
260319 151952.953|INFO|Thread-26|log|   key: MESSAGE_STRING is: java.lang.String No such account
260319 151952.954|INFO|Thread-26|log|handlePacket start Packet[LOGIN_FAILED] #18 SERVER0 @ site 1 -> TEAM12 @ site 0
260319 151952.954|INFO|Thread-26|log|Packet LOGIN_FAILED (Seq #18, o#18 ) handlePacket
260319 151952.954|INFO|Thread-26|log|  From: SERVER0 @ site 1, oSERVER0 @ site 1 (DESKTOP-5EPLK95 @ 192.168.0.1) (Contest Id: Default--8496739082754078555)
260319 151952.954|INFO|Thread-26|log|    To: TEAM12 @ site 0
260319 151952.955|INFO|Thread-26|log|   key: MESSAGE_STRING is: java.lang.String No such account
260319 151952.959|INFO|Thread-26|log| receiveObject(S) end   got Packet[LOGIN_FAILED] #18 SERVER0 @ site 1 -> TEAM12 @ site 0
260319 152303.098|CONFIG|qtp1890627974-41|log|Now logging to C:\Users\Shahd\git\2shahds_WCF_2026\logs directory.
260319 152303.099|INFO|qtp1890627974-41|log|
260319 152303.100|INFO|qtp1890627974-41|log|Version 9.10.0 () Java ver 21.0.8 build 7065 Windows 11 10.0 (amd64) 
260319 152303.101|INFO|qtp1890627974-41|log|Login: team12 (aka team12)
260319 152303.102|INFO|qtp1890627974-41|log|Working directory is C:\Users\Shahd\git\2shahds_WCF_2026
260319 152303.103|INFO|qtp1890627974-41|log|Process id is 23624@DESKTOP-5EPLK95
260319 152303.106|INFO|qtp1890627974-41|log|Contacting server at localhost:50002 as TEAM12 @ site 0
260319 152303.107|INFO|qtp1890627974-41|log|sendLoginRequest start - sending from TEAM12 @ site 0
260319 152303.116|INFO|qtp1890627974-41|log|Sending packet to server Packet[LOGIN_REQUEST] #1 TEAM12 @ site 0 -> SERVER0 @ site 0
260319 152303.121|INFO|Thread-21|log|send(Serializable)
260319 152303.124|INFO|qtp1890627974-41|log|Sent    packet to server Packet[LOGIN_REQUEST] #1 TEAM12 @ site 0 -> SERVER0 @ site 0
260319 152303.124|INFO|qtp1890627974-41|log|sendLoginRequest end - packet sent.
260319 152303.137|INFO|Thread-20|log|receiveUnencrypted(TransportWrapper, ConnectionHandlerID=Socket[addr=localhost/127.0.0.1,port=50002,localport=61159]--8033268211795290853)
260319 152303.157|INFO|Thread-20|log|receiveUnencrypted Made a secret key for Socket[addr=localhost/127.0.0.1,port=50002,localport=61159]--8033268211795290853 key is com.sun.crypto.provider.DESKey@1850a
260319 152303.157|INFO|Thread-20|log|Generating Unencrypted Public Key Packet
260319 152303.158|INFO|Thread-20|log|checking key:= SunJCE Diffie-Hellman Public Key:
y:
    56ff9588 fced58e0 a124449c 5dd0294d 03a01f6d 533030bb 637644ab 195224df
    0c238a54 c38a2c8d b5ba285e 740e262e f857498d 8d1b0df6 15bc3075 f52b6971
    3ec317ed c629fe8a d23f7f39 142c2eb1 c0b34b4d a2b9b15c e0c6d6b2 e3b3503b
    cdf03ee3 fb4d75db 8d96c279 ffe14fed e424e329 79005f44 42e13cc0 f81d3824
p:
    f488fd58 4e49dbcd 20b49de4 9107366b 336c380d 451d0f7c 88b31c7c 5b2d8ef6
    f3c923c0 43f0a55b 188d8ebb 558cb85d 38d334fd 7c175743 a31d186c de33212c
    b52aff3c e1b12940 18118d7c 84a70a72 d686c403 19c80729 7aca950c d9969fab
    d00a509b 0246d308 3d66a45d 419f9c7c bd894b22 1926baab a25ec355 e92f78c7
g:
    02
l:
    512
260319 152303.159|INFO|Thread-20|log|packet:= edu.csus.ecs.pc2.core.transport.TransportWrapper@4c071a34
260319 152303.195|INFO|Thread-20|log|public void receive(SealedObject TransportPacket, ConnectionHandlerID connectionHandlerID)
260319 152303.203|INFO|Thread-22|log| receiveObject(S) start got Packet[LOGIN_FAILED] #26 SERVER0 @ site 1 -> TEAM12 @ site 0
260319 152303.203|INFO|Thread-22|log|Packet LOGIN_FAILED (Seq #26, o#26 ) recieveObject
260319 152303.203|INFO|Thread-22|log|  From: SERVER0 @ site 1, oSERVER0 @ site 1 (DESKTOP-5EPLK95 @ 192.168.0.1) (Contest Id: Default--8496739082754078555)
260319 152303.203|INFO|Thread-22|log|    To: TEAM12 @ site 0
260319 152303.204|INFO|Thread-22|log|   key: MESSAGE_STRING is: java.lang.String No such account
260319 152303.204|INFO|Thread-22|log|handlePacket start Packet[LOGIN_FAILED] #26 SERVER0 @ site 1 -> TEAM12 @ site 0
260319 152303.204|INFO|Thread-22|log|Packet LOGIN_FAILED (Seq #26, o#26 ) handlePacket
260319 152303.204|INFO|Thread-22|log|  From: SERVER0 @ site 1, oSERVER0 @ site 1 (DESKTOP-5EPLK95 @ 192.168.0.1) (Contest Id: Default--8496739082754078555)
260319 152303.205|INFO|Thread-22|log|    To: TEAM12 @ site 0
260319 152303.205|INFO|Thread-22|log|   key: MESSAGE_STRING is: java.lang.String No such account
260319 152303.208|INFO|Thread-22|log| receiveObject(S) end   got Packet[LOGIN_FAILED] #26 SERVER0 @ site 1 -> TEAM12 @ site 0
260319 152516.681|CONFIG|qtp1890627974-41|log|Now logging to C:\Users\Shahd\git\2shahds_WCF_2026\logs directory.
260319 152516.682|INFO|qtp1890627974-41|log|
260319 152516.682|INFO|qtp1890627974-41|log|Version 9.10.0 () Java ver 21.0.8 build 7065 Windows 11 10.0 (amd64) 
260319 152516.684|INFO|qtp1890627974-41|log|Login: team12 (aka team12)
260319 152516.690|INFO|qtp1890627974-41|log|Working directory is C:\Users\Shahd\git\2shahds_WCF_2026
260319 152516.693|INFO|qtp1890627974-41|log|Process id is 40728@DESKTOP-5EPLK95
260319 152516.697|INFO|qtp1890627974-41|log|Contacting server at localhost:50002 as TEAM12 @ site 0
260319 152516.697|INFO|qtp1890627974-41|log|sendLoginRequest start - sending from TEAM12 @ site 0
260319 152516.705|INFO|qtp1890627974-41|log|Sending packet to server Packet[LOGIN_REQUEST] #1 TEAM12 @ site 0 -> SERVER0 @ site 0
260319 152516.709|INFO|Thread-21|log|send(Serializable)
260319 152516.711|INFO|qtp1890627974-41|log|Sent    packet to server Packet[LOGIN_REQUEST] #1 TEAM12 @ site 0 -> SERVER0 @ site 0
260319 152516.712|INFO|qtp1890627974-41|log|sendLoginRequest end - packet sent.
260319 152516.727|INFO|Thread-20|log|receiveUnencrypted(TransportWrapper, ConnectionHandlerID=Socket[addr=localhost/127.0.0.1,port=50002,localport=61169]-3925432349945692032)
260319 152516.796|INFO|Thread-20|log|receiveUnencrypted Made a secret key for Socket[addr=localhost/127.0.0.1,port=50002,localport=61169]-3925432349945692032 key is com.sun.crypto.provider.DESKey@fffe7f56
260319 152516.796|INFO|Thread-20|log|Generating Unencrypted Public Key Packet
260319 152516.798|INFO|Thread-20|log|checking key:= SunJCE Diffie-Hellman Public Key:
y:
    16d8f5e7 5d37b8d7 09d7fb34 e745939c fd9e0e7d 95ff4aac 7d2568b4 0fede6f5
    52d99a16 7010995c 7de00a3c 41c899b8 07dcba6d 43258eeb 1feee9a6 05700203
    059d7ea6 e00a0c5d 43b2993f 733a01d2 d6ee3b93 d310d145 14828fce 4b9d3b3d
    22dd0653 1c3729c1 a68e00a4 203a2ceb 776dd327 2e0e36c9 357dac77 b940b055
p:
    f488fd58 4e49dbcd 20b49de4 9107366b 336c380d 451d0f7c 88b31c7c 5b2d8ef6
    f3c923c0 43f0a55b 188d8ebb 558cb85d 38d334fd 7c175743 a31d186c de33212c
    b52aff3c e1b12940 18118d7c 84a70a72 d686c403 19c80729 7aca950c d9969fab
    d00a509b 0246d308 3d66a45d 419f9c7c bd894b22 1926baab a25ec355 e92f78c7
g:
    02
l:
    512
260319 152516.801|INFO|Thread-20|log|packet:= edu.csus.ecs.pc2.core.transport.TransportWrapper@775de090
260319 152516.870|INFO|Thread-20|log|public void receive(SealedObject TransportPacket, ConnectionHandlerID connectionHandlerID)
260319 152516.926|INFO|Thread-22|log| receiveObject(S) start got Packet[LOGIN_FAILED] #29 SERVER0 @ site 1 -> TEAM12 @ site 0
260319 152516.927|INFO|Thread-22|log|Packet LOGIN_FAILED (Seq #29, o#29 ) recieveObject
260319 152516.927|INFO|Thread-22|log|  From: SERVER0 @ site 1, oSERVER0 @ site 1 (DESKTOP-5EPLK95 @ 192.168.0.1) (Contest Id: Default--8496739082754078555)
260319 152516.927|INFO|Thread-22|log|    To: TEAM12 @ site 0
260319 152516.927|INFO|Thread-22|log|   key: MESSAGE_STRING is: java.lang.String No such account
260319 152516.928|INFO|Thread-22|log|handlePacket start Packet[LOGIN_FAILED] #29 SERVER0 @ site 1 -> TEAM12 @ site 0
260319 152516.929|INFO|Thread-22|log|Packet LOGIN_FAILED (Seq #29, o#29 ) handlePacket
260319 152516.929|INFO|Thread-22|log|  From: SERVER0 @ site 1, oSERVER0 @ site 1 (DESKTOP-5EPLK95 @ 192.168.0.1) (Contest Id: Default--8496739082754078555)
260319 152516.930|INFO|Thread-22|log|    To: TEAM12 @ site 0
260319 152516.930|INFO|Thread-22|log|   key: MESSAGE_STRING is: java.lang.String No such account
260319 152516.933|INFO|Thread-22|log| receiveObject(S) end   got Packet[LOGIN_FAILED] #29 SERVER0 @ site 1 -> TEAM12 @ site 0
