260319 005015.294|CONFIG|qtp997608398-15|log|Now logging to C:\Users\Lenovo\git\WCF_New_Update\WCF_2026\2shahds_WCF_2026\logs directory.
260319 005015.295|INFO|qtp997608398-15|log|
260319 005015.296|INFO|qtp997608398-15|log|Version 9.10.0 () Java ver 1.8.0_51 build 7065 Windows 8.1 6.3 (amd64) 
260319 005015.296|INFO|qtp997608398-15|log|Login: team1 (aka team1)
260319 005015.296|INFO|qtp997608398-15|log|Working directory is C:\Users\Lenovo\git\WCF_New_Update\WCF_2026\2shahds_WCF_2026
260319 005015.298|INFO|qtp997608398-15|log|Process id is 27160@lilsaados
260319 005015.298|INFO|qtp997608398-15|log|Contacting server at localhost:50002 as TEAM1 @ site 0
260319 005015.298|INFO|qtp997608398-15|log|sendLoginRequest start - sending from TEAM1 @ site 0
260319 005015.298|INFO|qtp997608398-15|log|Sending packet to server Packet[LOGIN_REQUEST] #18 TEAM1 @ site 0 -> SERVER0 @ site 0
260319 005015.298|INFO|qtp997608398-15|log|Sent    packet to server Packet[LOGIN_REQUEST] #18 TEAM1 @ site 0 -> SERVER0 @ site 0
260319 005015.298|INFO|qtp997608398-15|log|sendLoginRequest end - packet sent.
260319 005015.298|INFO|Thread-99|log|send(Serializable)
260319 005015.300|INFO|Thread-98|log|receiveUnencrypted Made a secret key for Socket[addr=localhost/127.0.0.1,port=50002,localport=52002]--890843294637664547 key is com.sun.crypto.provider.DESKey@fffe7ff0
260319 005015.300|INFO|Thread-98|log|Generating Unencrypted Public Key Packet
260319 005015.300|INFO|Thread-98|log|checking key:= SunJCE Diffie-Hellman Public Key:
y:
    f0dff46f 50c49488 ae8954ec f87d205d 2f799114 d0ce20e6 a3b44796 6b723fe1
    cca17340 7424aa26 f1fd51e6 d396fa16 21732d07 65e69763 fca10d68 ba709a24
    09d031d5 fc603545 9497ac51 88c82538 2fcd6503 a02369f4 a2ea04c1 ec2e0c1c
    996b2c23 c40ef882 e4e0e543 119de847 a5c390a3 b540195a e93c3db1 44674978
p:
    f488fd58 4e49dbcd 20b49de4 9107366b 336c380d 451d0f7c 88b31c7c 5b2d8ef6
    f3c923c0 43f0a55b 188d8ebb 558cb85d 38d334fd 7c175743 a31d186c de33212c
    b52aff3c e1b12940 18118d7c 84a70a72 d686c403 19c80729 7aca950c d9969fab
    d00a509b 0246d308 3d66a45d 419f9c7c bd894b22 1926baab a25ec355 e92f78c7
g:
    02
l:
    512
260319 005015.300|INFO|Thread-98|log|packet:= edu.csus.ecs.pc2.core.transport.TransportWrapper@29484503
260319 005015.307|INFO|Thread-98|log|public void receive(SealedObject TransportPacket, ConnectionHandlerID connectionHandlerID)
260319 005015.313|INFO|Thread-100|log| receiveObject(S) start got Packet[LOGIN_FAILED] #119 SERVER0 @ site 1 -> TEAM1 @ site 0
260319 005015.313|INFO|Thread-100|log|Packet LOGIN_FAILED (Seq #119, o#119 ) recieveObject
260319 005015.313|INFO|Thread-100|log|  From: SERVER0 @ site 1, oSERVER0 @ site 1 (lilsaados @ 169.254.83.107) (Contest Id: Default--8030075252927918473)
260319 005015.314|INFO|Thread-100|log|    To: TEAM1 @ site 0
260319 005015.314|INFO|Thread-100|log|   key: MESSAGE_STRING is: java.lang.String Invalid password
260319 005015.314|INFO|Thread-100|log|handlePacket start Packet[LOGIN_FAILED] #119 SERVER0 @ site 1 -> TEAM1 @ site 0
260319 005015.314|INFO|Thread-100|log|Packet LOGIN_FAILED (Seq #119, o#119 ) handlePacket
260319 005015.314|INFO|Thread-100|log|  From: SERVER0 @ site 1, oSERVER0 @ site 1 (lilsaados @ 169.254.83.107) (Contest Id: Default--8030075252927918473)
260319 005015.314|INFO|Thread-100|log|    To: TEAM1 @ site 0
260319 005015.314|INFO|Thread-100|log|   key: MESSAGE_STRING is: java.lang.String Invalid password
260319 005015.314|INFO|Thread-100|log| receiveObject(S) end   got Packet[LOGIN_FAILED] #119 SERVER0 @ site 1 -> TEAM1 @ site 0
