260319 005053.752|CONFIG|qtp997608398-22|log|Now logging to C:\Users\Lenovo\git\WCF_New_Update\WCF_2026\2shahds_WCF_2026\logs directory.
260319 005053.752|INFO|qtp997608398-22|log|
260319 005053.752|INFO|qtp997608398-22|log|Version 9.10.0 () Java ver 1.8.0_51 build 7065 Windows 8.1 6.3 (amd64) 
260319 005053.752|INFO|qtp997608398-22|log|Login: team1 (aka team1)
260319 005053.752|INFO|qtp997608398-22|log|Working directory is C:\Users\Lenovo\git\WCF_New_Update\WCF_2026\2shahds_WCF_2026
260319 005053.754|INFO|qtp997608398-22|log|Process id is 27160@lilsaados
260319 005053.754|INFO|qtp997608398-22|log|Contacting server at localhost:50002 as TEAM1 @ site 0
260319 005053.754|INFO|qtp997608398-22|log|sendLoginRequest start - sending from TEAM1 @ site 0
260319 005053.754|INFO|qtp997608398-22|log|Sending packet to server Packet[LOGIN_REQUEST] #20 TEAM1 @ site 0 -> SERVER0 @ site 0
260319 005053.754|INFO|qtp997608398-22|log|Sent    packet to server Packet[LOGIN_REQUEST] #20 TEAM1 @ site 0 -> SERVER0 @ site 0
260319 005053.754|INFO|Thread-107|log|send(Serializable)
260319 005053.754|INFO|Thread-106|log|receiveUnencrypted(TransportWrapper, ConnectionHandlerID=Socket[addr=localhost/127.0.0.1,port=50002,localport=52007]-3607112485603093473)
260319 005053.755|INFO|qtp997608398-22|log|sendLoginRequest end - packet sent.
260319 005053.757|INFO|Thread-106|log|receiveUnencrypted Made a secret key for Socket[addr=localhost/127.0.0.1,port=50002,localport=52007]-3607112485603093473 key is com.sun.crypto.provider.DESKey@18412
260319 005053.757|INFO|Thread-106|log|Generating Unencrypted Public Key Packet
260319 005053.757|INFO|Thread-106|log|checking key:= SunJCE Diffie-Hellman Public Key:
y:
    f0161f89 0a4d1132 148f28fd 68056020 d410a4b1 c2a2065e 7a8988bf 4dd896b0
    457f89e2 f6e7f2bf f8940b56 13140a78 83ae463b 1207581e 300cdbdf 8d4b2f95
    fd485588 20b6a0bd fb190f20 af5bb219 0e4b9d81 4a30a5ee 4a2285a8 5594bd5b
    2e8c081c 8c0f8046 cf5edcf7 aa7fc760 cc78f8e9 9b38a438 fd31233c f81cee6d
p:
    f488fd58 4e49dbcd 20b49de4 9107366b 336c380d 451d0f7c 88b31c7c 5b2d8ef6
    f3c923c0 43f0a55b 188d8ebb 558cb85d 38d334fd 7c175743 a31d186c de33212c
    b52aff3c e1b12940 18118d7c 84a70a72 d686c403 19c80729 7aca950c d9969fab
    d00a509b 0246d308 3d66a45d 419f9c7c bd894b22 1926baab a25ec355 e92f78c7
g:
    02
l:
    512
260319 005053.757|INFO|Thread-106|log|packet:= edu.csus.ecs.pc2.core.transport.TransportWrapper@2baad0f
260319 005053.769|INFO|Thread-106|log|public void receive(SealedObject TransportPacket, ConnectionHandlerID connectionHandlerID)
260319 005053.772|INFO|Thread-108|log| receiveObject(S) start got Packet[LOGIN_SUCCESS] #130 SERVER0 @ site 1 -> TEAM1 @ site 1
260319 005053.772|INFO|Thread-108|log|Packet LOGIN_SUCCESS (Seq #130, o#130 ) recieveObject
260319 005053.773|INFO|Thread-108|log|  From: SERVER0 @ site 1, oSERVER0 @ site 1 (lilsaados @ 169.254.83.107) (Contest Id: Default--8030075252927918473)
260319 005053.773|INFO|Thread-108|log|    To: TEAM1 @ site 1
260319 005053.773|INFO|Thread-108|log|   key: ACCOUNT_ARRAY is: [Ledu.csus.ecs.pc2.core.model.Account; [Ledu.csus.ecs.pc2.core.model.Account;@66f4d6
260319 005053.773|INFO|Thread-108|log|   key: GENERAL_PROBLEM is: edu.csus.ecs.pc2.core.model.Problem General
260319 005053.773|INFO|Thread-108|log|   key: SERVER_CLOCK_OFFSET is: java.util.GregorianCalendar java.util.GregorianCalendar[time=1773874253766,areFieldsSet=true,areAllFieldsSet=false,lenient=true,zone=sun.util.calendar.ZoneInfo[id="GMT",offset=0,dstSavings=0,useDaylight=false,transitions=0,lastRule=null],firstDayOfWeek=1,minimalDaysInFirstWeek=1,ERA=1,YEAR=2026,MONTH=2,WEEK_OF_YEAR=12,WEEK_OF_MONTH=3,DAY_OF_MONTH=18,DAY_OF_YEAR=77,DAY_OF_WEEK=4,DAY_OF_WEEK_IN_MONTH=3,AM_PM=1,HOUR=10,HOUR_OF_DAY=22,MINUTE=50,SECOND=53,MILLISECOND=766,ZONE_OFFSET=0,DST_OFFSET=0]
260319 005053.773|INFO|Thread-108|log|   key: JUDGEMENT_LIST is: [Ledu.csus.ecs.pc2.core.model.Judgement; [Ledu.csus.ecs.pc2.core.model.Judgement;@ea10aaa
260319 005053.773|INFO|Thread-108|log|   key: PROBLEM_DATA_FILES is: [Ledu.csus.ecs.pc2.core.model.ProblemDataFiles; [Ledu.csus.ecs.pc2.core.model.ProblemDataFiles;@a9e9fa6
260319 005053.773|INFO|Thread-108|log|   key: LANGUAGE_LIST is: [Ledu.csus.ecs.pc2.core.model.Language; [Ledu.csus.ecs.pc2.core.model.Language;@4f9c0091
260319 005053.773|INFO|Thread-108|log|   key: PROFILE is: edu.csus.ecs.pc2.core.model.Profile Default-917756220166097124
260319 005053.773|INFO|Thread-108|log|   key: BALLOON_SETTINGS_LIST is: [Ledu.csus.ecs.pc2.core.model.BalloonSettings; [Ledu.csus.ecs.pc2.core.model.BalloonSettings;@786b9df0
260319 005053.773|INFO|Thread-108|log|   key: REMOTE_LOGGED_IN_USERS is: [Ledu.csus.ecs.pc2.core.model.ClientId; [Ledu.csus.ecs.pc2.core.model.ClientId;@7e192c0d
260319 005053.773|INFO|Thread-108|log|   key: CLARIFICATION_LIST is: [Ledu.csus.ecs.pc2.core.model.Clarification; [Ledu.csus.ecs.pc2.core.model.Clarification;@4efc7
260319 005053.773|INFO|Thread-108|log|   key: CONTEST_IDENTIFIER is: java.lang.String Default--8030075252927918473
260319 005053.773|INFO|Thread-108|log|   key: PROBLEM_LIST is: [Ledu.csus.ecs.pc2.core.model.Problem; [Ledu.csus.ecs.pc2.core.model.Problem;@2fb3ffde
260319 005053.773|INFO|Thread-108|log|   key: SITE_NUMBER is: java.lang.Integer 1
260319 005053.773|INFO|Thread-108|log|   key: CATEGORY_LIST is: [Ledu.csus.ecs.pc2.core.model.Category; [Ledu.csus.ecs.pc2.core.model.Category;@b9363c5
260319 005053.773|INFO|Thread-108|log|   key: CLIENT_SETTINGS_LIST is: [Ledu.csus.ecs.pc2.core.model.ClientSettings; [Ledu.csus.ecs.pc2.core.model.ClientSettings;@3c5d4ffe
260319 005053.773|INFO|Thread-108|log|   key: LOCAL_LOGGED_IN_USERS is: [Ledu.csus.ecs.pc2.core.model.ClientId; [Ledu.csus.ecs.pc2.core.model.ClientId;@1b00e565
260319 005053.773|INFO|Thread-108|log|   key: CLIENT_ID is: edu.csus.ecs.pc2.core.model.ClientId TEAM1 @ site 1
260319 005053.773|INFO|Thread-108|log|   key: GROUP_LIST is: [Ledu.csus.ecs.pc2.core.model.Group; [Ledu.csus.ecs.pc2.core.model.Group;@2bfda4d4
260319 005053.773|INFO|Thread-108|log|   key: CONNECTION_HANDLE_ID_LIST is: [Ledu.csus.ecs.pc2.core.transport.ConnectionHandlerID; [Ledu.csus.ecs.pc2.core.transport.ConnectionHandlerID;@3b607725
260319 005053.773|INFO|Thread-108|log|   key: CONTEST_TIME is: edu.csus.ecs.pc2.core.model.ContestTime edu.csus.ecs.pc2.core.model.ContestTime@6d94fd08
260319 005053.773|INFO|Thread-108|log|   key: PROFILE_LIST is: [Ledu.csus.ecs.pc2.core.model.Profile; [Ledu.csus.ecs.pc2.core.model.Profile;@71a31612
260319 005053.773|INFO|Thread-108|log|   key: CONTEST_TIME_LIST is: [Ledu.csus.ecs.pc2.core.model.ContestTime; [Ledu.csus.ecs.pc2.core.model.ContestTime;@373ec7f6
260319 005053.773|INFO|Thread-108|log|   key: CONTEST_INFORMATION is: edu.csus.ecs.pc2.core.model.ContestInformation edu.csus.ecs.pc2.core.model.ContestInformation@f5f476b
260319 005053.773|INFO|Thread-108|log|   key: SITE_LIST is: [Ledu.csus.ecs.pc2.core.model.Site; [Ledu.csus.ecs.pc2.core.model.Site;@45e99735
260319 005053.773|INFO|Thread-108|log|   key: RUN_LIST is: [Ledu.csus.ecs.pc2.core.model.Run; [Ledu.csus.ecs.pc2.core.model.Run;@2c930a1c
260319 005053.773|INFO|Thread-108|log|handlePacket start Packet[LOGIN_SUCCESS] #130 SERVER0 @ site 1 -> TEAM1 @ site 1
260319 005053.773|INFO|Thread-108|log|Packet LOGIN_SUCCESS (Seq #130, o#130 ) handlePacket
260319 005053.773|INFO|Thread-108|log|  From: SERVER0 @ site 1, oSERVER0 @ site 1 (lilsaados @ 169.254.83.107) (Contest Id: Default--8030075252927918473)
260319 005053.773|INFO|Thread-108|log|    To: TEAM1 @ site 1
260319 005053.773|INFO|Thread-108|log|   key: ACCOUNT_ARRAY is: [Ledu.csus.ecs.pc2.core.model.Account; [Ledu.csus.ecs.pc2.core.model.Account;@66f4d6
260319 005053.773|INFO|Thread-108|log|   key: GENERAL_PROBLEM is: edu.csus.ecs.pc2.core.model.Problem General
260319 005053.773|INFO|Thread-108|log|   key: SERVER_CLOCK_OFFSET is: java.util.GregorianCalendar java.util.GregorianCalendar[time=1773874253766,areFieldsSet=true,areAllFieldsSet=false,lenient=true,zone=sun.util.calendar.ZoneInfo[id="GMT",offset=0,dstSavings=0,useDaylight=false,transitions=0,lastRule=null],firstDayOfWeek=1,minimalDaysInFirstWeek=1,ERA=1,YEAR=2026,MONTH=2,WEEK_OF_YEAR=12,WEEK_OF_MONTH=3,DAY_OF_MONTH=18,DAY_OF_YEAR=77,DAY_OF_WEEK=4,DAY_OF_WEEK_IN_MONTH=3,AM_PM=1,HOUR=10,HOUR_OF_DAY=22,MINUTE=50,SECOND=53,MILLISECOND=766,ZONE_OFFSET=0,DST_OFFSET=0]
260319 005053.774|INFO|Thread-108|log|   key: JUDGEMENT_LIST is: [Ledu.csus.ecs.pc2.core.model.Judgement; [Ledu.csus.ecs.pc2.core.model.Judgement;@ea10aaa
260319 005053.774|INFO|Thread-108|log|   key: PROBLEM_DATA_FILES is: [Ledu.csus.ecs.pc2.core.model.ProblemDataFiles; [Ledu.csus.ecs.pc2.core.model.ProblemDataFiles;@a9e9fa6
260319 005053.774|INFO|Thread-108|log|   key: LANGUAGE_LIST is: [Ledu.csus.ecs.pc2.core.model.Language; [Ledu.csus.ecs.pc2.core.model.Language;@4f9c0091
260319 005053.774|INFO|Thread-108|log|   key: PROFILE is: edu.csus.ecs.pc2.core.model.Profile Default-917756220166097124
260319 005053.774|INFO|Thread-108|log|   key: BALLOON_SETTINGS_LIST is: [Ledu.csus.ecs.pc2.core.model.BalloonSettings; [Ledu.csus.ecs.pc2.core.model.BalloonSettings;@786b9df0
260319 005053.774|INFO|Thread-108|log|   key: REMOTE_LOGGED_IN_USERS is: [Ledu.csus.ecs.pc2.core.model.ClientId; [Ledu.csus.ecs.pc2.core.model.ClientId;@7e192c0d
260319 005053.774|INFO|Thread-108|log|   key: CLARIFICATION_LIST is: [Ledu.csus.ecs.pc2.core.model.Clarification; [Ledu.csus.ecs.pc2.core.model.Clarification;@4efc7
260319 005053.774|INFO|Thread-108|log|   key: CONTEST_IDENTIFIER is: java.lang.String Default--8030075252927918473
260319 005053.774|INFO|Thread-108|log|   key: PROBLEM_LIST is: [Ledu.csus.ecs.pc2.core.model.Problem; [Ledu.csus.ecs.pc2.core.model.Problem;@2fb3ffde
260319 005053.774|INFO|Thread-108|log|   key: SITE_NUMBER is: java.lang.Integer 1
260319 005053.774|INFO|Thread-108|log|   key: CATEGORY_LIST is: [Ledu.csus.ecs.pc2.core.model.Category; [Ledu.csus.ecs.pc2.core.model.Category;@b9363c5
260319 005053.774|INFO|Thread-108|log|   key: CLIENT_SETTINGS_LIST is: [Ledu.csus.ecs.pc2.core.model.ClientSettings; [Ledu.csus.ecs.pc2.core.model.ClientSettings;@3c5d4ffe
260319 005053.774|INFO|Thread-108|log|   key: LOCAL_LOGGED_IN_USERS is: [Ledu.csus.ecs.pc2.core.model.ClientId; [Ledu.csus.ecs.pc2.core.model.ClientId;@1b00e565
260319 005053.774|INFO|Thread-108|log|   key: CLIENT_ID is: edu.csus.ecs.pc2.core.model.ClientId TEAM1 @ site 1
260319 005053.774|INFO|Thread-108|log|   key: GROUP_LIST is: [Ledu.csus.ecs.pc2.core.model.Group; [Ledu.csus.ecs.pc2.core.model.Group;@2bfda4d4
260319 005053.774|INFO|Thread-108|log|   key: CONNECTION_HANDLE_ID_LIST is: [Ledu.csus.ecs.pc2.core.transport.ConnectionHandlerID; [Ledu.csus.ecs.pc2.core.transport.ConnectionHandlerID;@3b607725
260319 005053.774|INFO|Thread-108|log|   key: CONTEST_TIME is: edu.csus.ecs.pc2.core.model.ContestTime edu.csus.ecs.pc2.core.model.ContestTime@6d94fd08
260319 005053.774|INFO|Thread-108|log|   key: PROFILE_LIST is: [Ledu.csus.ecs.pc2.core.model.Profile; [Ledu.csus.ecs.pc2.core.model.Profile;@71a31612
260319 005053.774|INFO|Thread-108|log|   key: CONTEST_TIME_LIST is: [Ledu.csus.ecs.pc2.core.model.ContestTime; [Ledu.csus.ecs.pc2.core.model.ContestTime;@373ec7f6
260319 005053.774|INFO|Thread-108|log|   key: CONTEST_INFORMATION is: edu.csus.ecs.pc2.core.model.ContestInformation edu.csus.ecs.pc2.core.model.ContestInformation@f5f476b
260319 005053.774|INFO|Thread-108|log|   key: SITE_LIST is: [Ledu.csus.ecs.pc2.core.model.Site; [Ledu.csus.ecs.pc2.core.model.Site;@45e99735
260319 005053.774|INFO|Thread-108|log|   key: RUN_LIST is: [Ledu.csus.ecs.pc2.core.model.Run; [Ledu.csus.ecs.pc2.core.model.Run;@2c930a1c
