260319 004629.953|CONFIG|qtp997608398-18|log|Now logging to C:\Users\Lenovo\git\WCF_New_Update\WCF_2026\2shahds_WCF_2026\logs directory.
260319 004629.955|INFO|qtp997608398-18|log|
260319 004629.955|INFO|qtp997608398-18|log|Version 9.10.0 () Java ver 1.8.0_51 build 7065 Windows 8.1 6.3 (amd64) 
260319 004629.955|INFO|qtp997608398-18|log|Login: team1 (aka team1)
260319 004629.955|INFO|qtp997608398-18|log|Working directory is C:\Users\Lenovo\git\WCF_New_Update\WCF_2026\2shahds_WCF_2026
260319 004629.955|INFO|qtp997608398-18|log|Process id is 27160@lilsaados
260319 004629.955|INFO|qtp997608398-18|log|Contacting server at localhost:50002 as TEAM1 @ site 0
260319 004629.957|INFO|qtp997608398-18|log|sendLoginRequest start - sending from TEAM1 @ site 0
260319 004629.957|INFO|qtp997608398-18|log|Sending packet to server Packet[LOGIN_REQUEST] #14 TEAM1 @ site 0 -> SERVER0 @ site 0
260319 004629.957|INFO|qtp997608398-18|log|Sent    packet to server Packet[LOGIN_REQUEST] #14 TEAM1 @ site 0 -> SERVER0 @ site 0
260319 004629.957|INFO|qtp997608398-18|log|sendLoginRequest end - packet sent.
260319 004629.957|INFO|Thread-80|log|send(Serializable)
260319 004629.957|INFO|Thread-79|log|receiveUnencrypted Made a secret key for Socket[addr=localhost/127.0.0.1,port=50002,localport=55505]--6527444232509185276 key is com.sun.crypto.provider.DESKey@fffe7f3b
260319 004629.957|INFO|Thread-79|log|Generating Unencrypted Public Key Packet
260319 004629.957|INFO|Thread-79|log|checking key:= SunJCE Diffie-Hellman Public Key:
y:
    db4a8ca3 8c4251a7 f5111024 09df61cf 690aaabe f12cb740 e61d059d e9d58de8
    735caa27 add2125e aea98bb4 6cf4a9b4 ac7e6842 3445c0f4 8652cbee 94bc8217
    94cc681f c0eb5a54 2847d01a 40cbe915 473e56dc 8975025c 4c3a3d6a b5fa4f47
    5c889404 21ee0da7 5f811379 2bdf93f0 bbd9f173 4f9aa805 c6327094 e9080b03
p:
    f488fd58 4e49dbcd 20b49de4 9107366b 336c380d 451d0f7c 88b31c7c 5b2d8ef6
    f3c923c0 43f0a55b 188d8ebb 558cb85d 38d334fd 7c175743 a31d186c de33212c
    b52aff3c e1b12940 18118d7c 84a70a72 d686c403 19c80729 7aca950c d9969fab
    d00a509b 0246d308 3d66a45d 419f9c7c bd894b22 1926baab a25ec355 e92f78c7
g:
    02
l:
    512
260319 004629.957|INFO|Thread-79|log|packet:= edu.csus.ecs.pc2.core.transport.TransportWrapper@13709234
260319 004629.966|INFO|Thread-79|log|public void receive(SealedObject TransportPacket, ConnectionHandlerID connectionHandlerID)
260319 004629.966|INFO|Thread-81|log| receiveObject(S) start got Packet[LOGIN_FAILED] #107 SERVER0 @ site 1 -> TEAM1 @ site 0
260319 004629.966|INFO|Thread-81|log|Packet LOGIN_FAILED (Seq #107, o#107 ) recieveObject
260319 004629.966|INFO|Thread-81|log|  From: SERVER0 @ site 1, oSERVER0 @ site 1 (lilsaados @ 169.254.83.107) (Contest Id: Default--8030075252927918473)
260319 004629.966|INFO|Thread-81|log|    To: TEAM1 @ site 0
260319 004629.966|INFO|Thread-81|log|   key: MESSAGE_STRING is: java.lang.String Invalid password
260319 004629.966|INFO|Thread-81|log|handlePacket start Packet[LOGIN_FAILED] #107 SERVER0 @ site 1 -> TEAM1 @ site 0
260319 004629.966|INFO|Thread-81|log|Packet LOGIN_FAILED (Seq #107, o#107 ) handlePacket
260319 004629.966|INFO|Thread-81|log|  From: SERVER0 @ site 1, oSERVER0 @ site 1 (lilsaados @ 169.254.83.107) (Contest Id: Default--8030075252927918473)
260319 004629.966|INFO|Thread-81|log|    To: TEAM1 @ site 0
260319 004629.966|INFO|Thread-81|log|   key: MESSAGE_STRING is: java.lang.String Invalid password
260319 004629.966|INFO|Thread-81|log| receiveObject(S) end   got Packet[LOGIN_FAILED] #107 SERVER0 @ site 1 -> TEAM1 @ site 0
