260416 005940.406|CONFIG|qtp792791759-35|log|Now logging to C:\Users\Shahd\Documents\WCF_Gitlab\wwfapi\logs directory.
260416 005940.406|INFO|qtp792791759-35|log|
260416 005940.406|INFO|qtp792791759-35|log|Version 9.10.0 () Java ver 21.0.8 build 7065 Windows 11 10.0 (amd64) 
260416 005940.407|INFO|qtp792791759-35|log|Login: team2 (aka team2)
260416 005940.408|INFO|qtp792791759-35|log|Working directory is C:\Users\Shahd\Documents\WCF_Gitlab\wwfapi
260416 005940.410|INFO|qtp792791759-35|log|Process id is 3552@DESKTOP-5EPLK95
260416 005940.412|INFO|Thread-22|log|receiveUnencrypted(TransportWrapper, ConnectionHandlerID=Socket[addr=localhost/127.0.0.1,port=50002,localport=50394]--1665203277679570049)
260416 005940.412|INFO|qtp792791759-35|log|Contacting server at localhost:50002 as TEAM2 @ site 0
260416 005940.414|INFO|qtp792791759-35|log|sendLoginRequest start - sending from TEAM2 @ site 0
260416 005940.417|INFO|Thread-22|log|receiveUnencrypted Made a secret key for Socket[addr=localhost/127.0.0.1,port=50002,localport=50394]--1665203277679570049 key is com.sun.crypto.provider.DESKey@fffe7e92
260416 005940.418|INFO|Thread-22|log|Generating Unencrypted Public Key Packet
260416 005940.421|INFO|qtp792791759-35|log|Sending packet to server Packet[LOGIN_REQUEST] #1 TEAM2 @ site 0 -> SERVER0 @ site 0
260416 005940.421|INFO|Thread-22|log|checking key:= SunJCE Diffie-Hellman Public Key:
y:
    6d76154c cceb20ce b7a59936 9338ff17 6fb7b507 0d34d973 5c218d8d bfc5223b
    f95f8e54 34bafb10 d2335b27 c67c6fa3 22ba480f c3389c1d 1251b525 729bb01a
    215f181c 8cc2efd7 d5fb1037 0718d19a 799f7578 0e59cbde d6ac98bd cbc56ecd
    291f12f4 41c55356 401ee770 ab618a04 e001afc8 41cc6165 98607a71 974edd7b
p:
    f488fd58 4e49dbcd 20b49de4 9107366b 336c380d 451d0f7c 88b31c7c 5b2d8ef6
    f3c923c0 43f0a55b 188d8ebb 558cb85d 38d334fd 7c175743 a31d186c de33212c
    b52aff3c e1b12940 18118d7c 84a70a72 d686c403 19c80729 7aca950c d9969fab
    d00a509b 0246d308 3d66a45d 419f9c7c bd894b22 1926baab a25ec355 e92f78c7
g:
    02
l:
    512
260416 005940.424|INFO|Thread-22|log|packet:= edu.csus.ecs.pc2.core.transport.TransportWrapper@1f174d16
260416 005940.425|INFO|Thread-23|log|send(Serializable)
260416 005940.425|INFO|qtp792791759-35|log|Sent    packet to server Packet[LOGIN_REQUEST] #1 TEAM2 @ site 0 -> SERVER0 @ site 0
260416 005940.426|INFO|qtp792791759-35|log|sendLoginRequest end - packet sent.
260416 005940.461|INFO|Thread-22|log|public void receive(SealedObject TransportPacket, ConnectionHandlerID connectionHandlerID)
260416 005940.560|INFO|Thread-24|log| receiveObject(S) start got Packet[LOGIN_SUCCESS] #6 SERVER0 @ site 1 -> TEAM2 @ site 1
260416 005940.562|INFO|Thread-24|log|Packet LOGIN_SUCCESS (Seq #6, o#6 ) recieveObject
260416 005940.562|INFO|Thread-24|log|  From: SERVER0 @ site 1, oSERVER0 @ site 1 (DESKTOP-5EPLK95 @ 192.168.0.1) (Contest Id: Default--8496739082754078555)
260416 005940.562|INFO|Thread-24|log|    To: TEAM2 @ site 1
260416 005940.562|INFO|Thread-24|log|   key: PROFILE_LIST is: [Ledu.csus.ecs.pc2.core.model.Profile; [Ledu.csus.ecs.pc2.core.model.Profile;@24e18030
260416 005940.562|INFO|Thread-24|log|   key: GENERAL_PROBLEM is: edu.csus.ecs.pc2.core.model.Problem General
260416 005940.563|INFO|Thread-24|log|   key: CLIENT_SETTINGS_LIST is: [Ledu.csus.ecs.pc2.core.model.ClientSettings; [Ledu.csus.ecs.pc2.core.model.ClientSettings;@2a266adc
260416 005940.563|INFO|Thread-24|log|   key: CONTEST_TIME is: edu.csus.ecs.pc2.core.model.ContestTime edu.csus.ecs.pc2.core.model.ContestTime@2e19eb40
260416 005940.563|INFO|Thread-24|log|   key: CLARIFICATION_LIST is: [Ledu.csus.ecs.pc2.core.model.Clarification; [Ledu.csus.ecs.pc2.core.model.Clarification;@6b1b60e7
260416 005940.563|INFO|Thread-24|log|   key: CATEGORY_LIST is: [Ledu.csus.ecs.pc2.core.model.Category; [Ledu.csus.ecs.pc2.core.model.Category;@43538db4
260416 005940.563|INFO|Thread-24|log|   key: LANGUAGE_LIST is: [Ledu.csus.ecs.pc2.core.model.Language; [Ledu.csus.ecs.pc2.core.model.Language;@5a3a6f88
260416 005940.564|INFO|Thread-24|log|   key: REMOTE_LOGGED_IN_USERS is: [Ledu.csus.ecs.pc2.core.model.ClientId; [Ledu.csus.ecs.pc2.core.model.ClientId;@3b98dc64
260416 005940.564|INFO|Thread-24|log|   key: CONTEST_TIME_LIST is: [Ledu.csus.ecs.pc2.core.model.ContestTime; [Ledu.csus.ecs.pc2.core.model.ContestTime;@b349fa8
260416 005940.565|INFO|Thread-24|log|   key: CONNECTION_HANDLE_ID_LIST is: [Ledu.csus.ecs.pc2.core.transport.ConnectionHandlerID; [Ledu.csus.ecs.pc2.core.transport.ConnectionHandlerID;@54559d57
260416 005940.565|INFO|Thread-24|log|   key: PROFILE is: edu.csus.ecs.pc2.core.model.Profile Default--2865323470823757023
260416 005940.565|INFO|Thread-24|log|   key: CLIENT_ID is: edu.csus.ecs.pc2.core.model.ClientId TEAM2 @ site 1
260416 005940.566|INFO|Thread-24|log|   key: SITE_NUMBER is: java.lang.Integer 1
260416 005940.566|INFO|Thread-24|log|   key: CONTEST_INFORMATION is: edu.csus.ecs.pc2.core.model.ContestInformation edu.csus.ecs.pc2.core.model.ContestInformation@5d1aee7a
260416 005940.566|INFO|Thread-24|log|   key: SITE_LIST is: [Ledu.csus.ecs.pc2.core.model.Site; [Ledu.csus.ecs.pc2.core.model.Site;@209c7241
260416 005940.567|INFO|Thread-24|log|   key: PROBLEM_DATA_FILES is: [Ledu.csus.ecs.pc2.core.model.ProblemDataFiles; [Ledu.csus.ecs.pc2.core.model.ProblemDataFiles;@f7a6025
260416 005940.567|INFO|Thread-24|log|   key: JUDGEMENT_LIST is: [Ledu.csus.ecs.pc2.core.model.Judgement; [Ledu.csus.ecs.pc2.core.model.Judgement;@77bdfbb8
260416 005940.567|INFO|Thread-24|log|   key: PROBLEM_LIST is: [Ledu.csus.ecs.pc2.core.model.Problem; [Ledu.csus.ecs.pc2.core.model.Problem;@7ddea20b
260416 005940.567|INFO|Thread-24|log|   key: GROUP_LIST is: [Ledu.csus.ecs.pc2.core.model.Group; [Ledu.csus.ecs.pc2.core.model.Group;@3e13d98b
260416 005940.567|INFO|Thread-24|log|   key: LOCAL_LOGGED_IN_USERS is: [Ledu.csus.ecs.pc2.core.model.ClientId; [Ledu.csus.ecs.pc2.core.model.ClientId;@62b4fd24
260416 005940.567|INFO|Thread-24|log|   key: SERVER_CLOCK_OFFSET is: java.util.GregorianCalendar java.util.GregorianCalendar[time=1776293980450,areFieldsSet=true,areAllFieldsSet=false,lenient=true,zone=sun.util.calendar.ZoneInfo[id="GMT",offset=0,dstSavings=0,useDaylight=false,transitions=0,lastRule=null],firstDayOfWeek=1,minimalDaysInFirstWeek=1,ERA=1,YEAR=2026,MONTH=3,WEEK_OF_YEAR=16,WEEK_OF_MONTH=3,DAY_OF_MONTH=15,DAY_OF_YEAR=105,DAY_OF_WEEK=4,DAY_OF_WEEK_IN_MONTH=3,AM_PM=1,HOUR=10,HOUR_OF_DAY=22,MINUTE=59,SECOND=40,MILLISECOND=450,ZONE_OFFSET=0,DST_OFFSET=0]
260416 005940.567|INFO|Thread-24|log|   key: CONTEST_IDENTIFIER is: java.lang.String Default--8496739082754078555
260416 005940.567|INFO|Thread-24|log|   key: BALLOON_SETTINGS_LIST is: [Ledu.csus.ecs.pc2.core.model.BalloonSettings; [Ledu.csus.ecs.pc2.core.model.BalloonSettings;@7a4caaf1
260416 005940.567|INFO|Thread-24|log|   key: RUN_LIST is: [Ledu.csus.ecs.pc2.core.model.Run; [Ledu.csus.ecs.pc2.core.model.Run;@720a8149
260416 005940.568|INFO|Thread-24|log|   key: ACCOUNT_ARRAY is: [Ledu.csus.ecs.pc2.core.model.Account; [Ledu.csus.ecs.pc2.core.model.Account;@52f5d102
260416 005940.568|INFO|Thread-24|log|handlePacket start Packet[LOGIN_SUCCESS] #6 SERVER0 @ site 1 -> TEAM2 @ site 1
260416 005940.568|INFO|Thread-24|log|Packet LOGIN_SUCCESS (Seq #6, o#6 ) handlePacket
260416 005940.568|INFO|Thread-24|log|  From: SERVER0 @ site 1, oSERVER0 @ site 1 (DESKTOP-5EPLK95 @ 192.168.0.1) (Contest Id: Default--8496739082754078555)
260416 005940.569|INFO|Thread-24|log|    To: TEAM2 @ site 1
260416 005940.569|INFO|Thread-24|log|   key: PROFILE_LIST is: [Ledu.csus.ecs.pc2.core.model.Profile; [Ledu.csus.ecs.pc2.core.model.Profile;@24e18030
260416 005940.569|INFO|Thread-24|log|   key: GENERAL_PROBLEM is: edu.csus.ecs.pc2.core.model.Problem General
260416 005940.569|INFO|Thread-24|log|   key: CLIENT_SETTINGS_LIST is: [Ledu.csus.ecs.pc2.core.model.ClientSettings; [Ledu.csus.ecs.pc2.core.model.ClientSettings;@2a266adc
260416 005940.569|INFO|Thread-24|log|   key: CONTEST_TIME is: edu.csus.ecs.pc2.core.model.ContestTime edu.csus.ecs.pc2.core.model.ContestTime@2e19eb40
260416 005940.569|INFO|Thread-24|log|   key: CLARIFICATION_LIST is: [Ledu.csus.ecs.pc2.core.model.Clarification; [Ledu.csus.ecs.pc2.core.model.Clarification;@6b1b60e7
260416 005940.569|INFO|Thread-24|log|   key: CATEGORY_LIST is: [Ledu.csus.ecs.pc2.core.model.Category; [Ledu.csus.ecs.pc2.core.model.Category;@43538db4
260416 005940.571|INFO|Thread-24|log|   key: LANGUAGE_LIST is: [Ledu.csus.ecs.pc2.core.model.Language; [Ledu.csus.ecs.pc2.core.model.Language;@5a3a6f88
260416 005940.571|INFO|Thread-24|log|   key: REMOTE_LOGGED_IN_USERS is: [Ledu.csus.ecs.pc2.core.model.ClientId; [Ledu.csus.ecs.pc2.core.model.ClientId;@3b98dc64
260416 005940.571|INFO|Thread-24|log|   key: CONTEST_TIME_LIST is: [Ledu.csus.ecs.pc2.core.model.ContestTime; [Ledu.csus.ecs.pc2.core.model.ContestTime;@b349fa8
260416 005940.571|INFO|Thread-24|log|   key: CONNECTION_HANDLE_ID_LIST is: [Ledu.csus.ecs.pc2.core.transport.ConnectionHandlerID; [Ledu.csus.ecs.pc2.core.transport.ConnectionHandlerID;@54559d57
260416 005940.572|INFO|Thread-24|log|   key: PROFILE is: edu.csus.ecs.pc2.core.model.Profile Default--2865323470823757023
260416 005940.572|INFO|Thread-24|log|   key: CLIENT_ID is: edu.csus.ecs.pc2.core.model.ClientId TEAM2 @ site 1
260416 005940.572|INFO|Thread-24|log|   key: SITE_NUMBER is: java.lang.Integer 1
260416 005940.572|INFO|Thread-24|log|   key: CONTEST_INFORMATION is: edu.csus.ecs.pc2.core.model.ContestInformation edu.csus.ecs.pc2.core.model.ContestInformation@5d1aee7a
260416 005940.572|INFO|Thread-24|log|   key: SITE_LIST is: [Ledu.csus.ecs.pc2.core.model.Site; [Ledu.csus.ecs.pc2.core.model.Site;@209c7241
260416 005940.573|INFO|Thread-24|log|   key: PROBLEM_DATA_FILES is: [Ledu.csus.ecs.pc2.core.model.ProblemDataFiles; [Ledu.csus.ecs.pc2.core.model.ProblemDataFiles;@f7a6025
260416 005940.573|INFO|Thread-24|log|   key: JUDGEMENT_LIST is: [Ledu.csus.ecs.pc2.core.model.Judgement; [Ledu.csus.ecs.pc2.core.model.Judgement;@77bdfbb8
260416 005940.573|INFO|Thread-24|log|   key: PROBLEM_LIST is: [Ledu.csus.ecs.pc2.core.model.Problem; [Ledu.csus.ecs.pc2.core.model.Problem;@7ddea20b
260416 005940.573|INFO|Thread-24|log|   key: GROUP_LIST is: [Ledu.csus.ecs.pc2.core.model.Group; [Ledu.csus.ecs.pc2.core.model.Group;@3e13d98b
260416 005940.574|INFO|Thread-24|log|   key: LOCAL_LOGGED_IN_USERS is: [Ledu.csus.ecs.pc2.core.model.ClientId; [Ledu.csus.ecs.pc2.core.model.ClientId;@62b4fd24
260416 005940.574|INFO|Thread-24|log|   key: SERVER_CLOCK_OFFSET is: java.util.GregorianCalendar java.util.GregorianCalendar[time=1776293980450,areFieldsSet=true,areAllFieldsSet=false,lenient=true,zone=sun.util.calendar.ZoneInfo[id="GMT",offset=0,dstSavings=0,useDaylight=false,transitions=0,lastRule=null],firstDayOfWeek=1,minimalDaysInFirstWeek=1,ERA=1,YEAR=2026,MONTH=3,WEEK_OF_YEAR=16,WEEK_OF_MONTH=3,DAY_OF_MONTH=15,DAY_OF_YEAR=105,DAY_OF_WEEK=4,DAY_OF_WEEK_IN_MONTH=3,AM_PM=1,HOUR=10,HOUR_OF_DAY=22,MINUTE=59,SECOND=40,MILLISECOND=450,ZONE_OFFSET=0,DST_OFFSET=0]
260416 005940.574|INFO|Thread-24|log|   key: CONTEST_IDENTIFIER is: java.lang.String Default--8496739082754078555
260416 005940.574|INFO|Thread-24|log|   key: BALLOON_SETTINGS_LIST is: [Ledu.csus.ecs.pc2.core.model.BalloonSettings; [Ledu.csus.ecs.pc2.core.model.BalloonSettings;@7a4caaf1
260416 005940.574|INFO|Thread-24|log|   key: RUN_LIST is: [Ledu.csus.ecs.pc2.core.model.Run; [Ledu.csus.ecs.pc2.core.model.Run;@720a8149
260416 005940.574|INFO|Thread-24|log|   key: ACCOUNT_ARRAY is: [Ledu.csus.ecs.pc2.core.model.Account; [Ledu.csus.ecs.pc2.core.model.Account;@52f5d102
260416 010051.470|INFO|Thread-26|log|send(Serializable)
260416 010051.509|INFO|Thread-22|log|public void receive(SealedObject TransportPacket, ConnectionHandlerID connectionHandlerID)
