260319 005028.462|CONFIG|qtp997608398-27|log|Now logging to C:\Users\Lenovo\git\WCF_New_Update\WCF_2026\2shahds_WCF_2026\logs directory.
260319 005028.462|INFO|qtp997608398-27|log|
260319 005028.462|INFO|qtp997608398-27|log|Version 9.10.0 () Java ver 1.8.0_51 build 7065 Windows 8.1 6.3 (amd64) 
260319 005028.462|INFO|qtp997608398-27|log|Login: team1 (aka team1)
260319 005028.462|INFO|qtp997608398-27|log|Working directory is C:\Users\Lenovo\git\WCF_New_Update\WCF_2026\2shahds_WCF_2026
260319 005028.462|INFO|qtp997608398-27|log|Process id is 27160@lilsaados
260319 005028.462|INFO|qtp997608398-27|log|Contacting server at localhost:50002 as TEAM1 @ site 0
260319 005028.464|INFO|qtp997608398-27|log|sendLoginRequest start - sending from TEAM1 @ site 0
260319 005028.464|INFO|Thread-102|log|receiveUnencrypted(TransportWrapper, ConnectionHandlerID=Socket[addr=localhost/127.0.0.1,port=50002,localport=52005]--6638480406664847756)
260319 005028.465|INFO|qtp997608398-27|log|Sending packet to server Packet[LOGIN_REQUEST] #19 TEAM1 @ site 0 -> SERVER0 @ site 0
260319 005028.465|INFO|qtp997608398-27|log|Sent    packet to server Packet[LOGIN_REQUEST] #19 TEAM1 @ site 0 -> SERVER0 @ site 0
260319 005028.465|INFO|qtp997608398-27|log|sendLoginRequest end - packet sent.
260319 005028.465|INFO|Thread-103|log|send(Serializable)
260319 005028.466|INFO|Thread-102|log|receiveUnencrypted Made a secret key for Socket[addr=localhost/127.0.0.1,port=50002,localport=52005]--6638480406664847756 key is com.sun.crypto.provider.DESKey@181ae
260319 005028.466|INFO|Thread-102|log|Generating Unencrypted Public Key Packet
260319 005028.466|INFO|Thread-102|log|checking key:= SunJCE Diffie-Hellman Public Key:
y:
    a239f3a3 58609667 b97e07b0 ea7cd64d 52a5cc3b fbb99180 69495a87 7271e498
    f4a3f38f ab7acf1d f16a3361 9d51933a 0205bd31 c400b000 a049c2f4 21978d30
    d8f67818 77773965 069be2a4 e60fb79f cb0cce57 dad0715f 2650927f abbe3901
    4b16fe05 31e15933 a1b9ad85 bce8f798 2c2ef014 5e2120a8 5b695535 23becfe1
p:
    f488fd58 4e49dbcd 20b49de4 9107366b 336c380d 451d0f7c 88b31c7c 5b2d8ef6
    f3c923c0 43f0a55b 188d8ebb 558cb85d 38d334fd 7c175743 a31d186c de33212c
    b52aff3c e1b12940 18118d7c 84a70a72 d686c403 19c80729 7aca950c d9969fab
    d00a509b 0246d308 3d66a45d 419f9c7c bd894b22 1926baab a25ec355 e92f78c7
g:
    02
l:
    512
260319 005028.466|INFO|Thread-102|log|packet:= edu.csus.ecs.pc2.core.transport.TransportWrapper@23bdee15
260319 005028.479|INFO|Thread-102|log|public void receive(SealedObject TransportPacket, ConnectionHandlerID connectionHandlerID)
260319 005028.483|INFO|Thread-104|log| receiveObject(S) start got Packet[LOGIN_SUCCESS] #124 SERVER0 @ site 1 -> TEAM1 @ site 1
260319 005028.483|INFO|Thread-104|log|Packet LOGIN_SUCCESS (Seq #124, o#124 ) recieveObject
260319 005028.483|INFO|Thread-104|log|  From: SERVER0 @ site 1, oSERVER0 @ site 1 (lilsaados @ 169.254.83.107) (Contest Id: Default--8030075252927918473)
260319 005028.483|INFO|Thread-104|log|    To: TEAM1 @ site 1
260319 005028.483|INFO|Thread-104|log|   key: ACCOUNT_ARRAY is: [Ledu.csus.ecs.pc2.core.model.Account; [Ledu.csus.ecs.pc2.core.model.Account;@529f8118
260319 005028.483|INFO|Thread-104|log|   key: GENERAL_PROBLEM is: edu.csus.ecs.pc2.core.model.Problem General
260319 005028.483|INFO|Thread-104|log|   key: SERVER_CLOCK_OFFSET is: java.util.GregorianCalendar java.util.GregorianCalendar[time=1773874228476,areFieldsSet=true,areAllFieldsSet=false,lenient=true,zone=sun.util.calendar.ZoneInfo[id="GMT",offset=0,dstSavings=0,useDaylight=false,transitions=0,lastRule=null],firstDayOfWeek=1,minimalDaysInFirstWeek=1,ERA=1,YEAR=2026,MONTH=2,WEEK_OF_YEAR=12,WEEK_OF_MONTH=3,DAY_OF_MONTH=18,DAY_OF_YEAR=77,DAY_OF_WEEK=4,DAY_OF_WEEK_IN_MONTH=3,AM_PM=1,HOUR=10,HOUR_OF_DAY=22,MINUTE=50,SECOND=28,MILLISECOND=476,ZONE_OFFSET=0,DST_OFFSET=0]
260319 005028.483|INFO|Thread-104|log|   key: JUDGEMENT_LIST is: [Ledu.csus.ecs.pc2.core.model.Judgement; [Ledu.csus.ecs.pc2.core.model.Judgement;@5c58653b
260319 005028.483|INFO|Thread-104|log|   key: PROBLEM_DATA_FILES is: [Ledu.csus.ecs.pc2.core.model.ProblemDataFiles; [Ledu.csus.ecs.pc2.core.model.ProblemDataFiles;@5867ea68
260319 005028.483|INFO|Thread-104|log|   key: LANGUAGE_LIST is: [Ledu.csus.ecs.pc2.core.model.Language; [Ledu.csus.ecs.pc2.core.model.Language;@1d656f00
260319 005028.483|INFO|Thread-104|log|   key: PROFILE is: edu.csus.ecs.pc2.core.model.Profile Default-917756220166097124
260319 005028.483|INFO|Thread-104|log|   key: BALLOON_SETTINGS_LIST is: [Ledu.csus.ecs.pc2.core.model.BalloonSettings; [Ledu.csus.ecs.pc2.core.model.BalloonSettings;@33dcbaf5
260319 005028.483|INFO|Thread-104|log|   key: REMOTE_LOGGED_IN_USERS is: [Ledu.csus.ecs.pc2.core.model.ClientId; [Ledu.csus.ecs.pc2.core.model.ClientId;@2c327008
260319 005028.483|INFO|Thread-104|log|   key: CLARIFICATION_LIST is: [Ledu.csus.ecs.pc2.core.model.Clarification; [Ledu.csus.ecs.pc2.core.model.Clarification;@4b61fb4c
260319 005028.483|INFO|Thread-104|log|   key: CONTEST_IDENTIFIER is: java.lang.String Default--8030075252927918473
260319 005028.483|INFO|Thread-104|log|   key: PROBLEM_LIST is: [Ledu.csus.ecs.pc2.core.model.Problem; [Ledu.csus.ecs.pc2.core.model.Problem;@7d4a904f
260319 005028.483|INFO|Thread-104|log|   key: SITE_NUMBER is: java.lang.Integer 1
260319 005028.483|INFO|Thread-104|log|   key: CATEGORY_LIST is: [Ledu.csus.ecs.pc2.core.model.Category; [Ledu.csus.ecs.pc2.core.model.Category;@2b979601
260319 005028.483|INFO|Thread-104|log|   key: CLIENT_SETTINGS_LIST is: [Ledu.csus.ecs.pc2.core.model.ClientSettings; [Ledu.csus.ecs.pc2.core.model.ClientSettings;@141a114b
260319 005028.483|INFO|Thread-104|log|   key: LOCAL_LOGGED_IN_USERS is: [Ledu.csus.ecs.pc2.core.model.ClientId; [Ledu.csus.ecs.pc2.core.model.ClientId;@5065331f
260319 005028.483|INFO|Thread-104|log|   key: CLIENT_ID is: edu.csus.ecs.pc2.core.model.ClientId TEAM1 @ site 1
260319 005028.483|INFO|Thread-104|log|   key: GROUP_LIST is: [Ledu.csus.ecs.pc2.core.model.Group; [Ledu.csus.ecs.pc2.core.model.Group;@790409b4
260319 005028.483|INFO|Thread-104|log|   key: CONNECTION_HANDLE_ID_LIST is: [Ledu.csus.ecs.pc2.core.transport.ConnectionHandlerID; [Ledu.csus.ecs.pc2.core.transport.ConnectionHandlerID;@6eb4bf0b
260319 005028.483|INFO|Thread-104|log|   key: CONTEST_TIME is: edu.csus.ecs.pc2.core.model.ContestTime edu.csus.ecs.pc2.core.model.ContestTime@2ae07bdf
260319 005028.483|INFO|Thread-104|log|   key: PROFILE_LIST is: [Ledu.csus.ecs.pc2.core.model.Profile; [Ledu.csus.ecs.pc2.core.model.Profile;@53e44857
260319 005028.483|INFO|Thread-104|log|   key: CONTEST_TIME_LIST is: [Ledu.csus.ecs.pc2.core.model.ContestTime; [Ledu.csus.ecs.pc2.core.model.ContestTime;@af4b236
260319 005028.483|INFO|Thread-104|log|   key: CONTEST_INFORMATION is: edu.csus.ecs.pc2.core.model.ContestInformation edu.csus.ecs.pc2.core.model.ContestInformation@41f30884
260319 005028.483|INFO|Thread-104|log|   key: SITE_LIST is: [Ledu.csus.ecs.pc2.core.model.Site; [Ledu.csus.ecs.pc2.core.model.Site;@68e4ade6
260319 005028.483|INFO|Thread-104|log|   key: RUN_LIST is: [Ledu.csus.ecs.pc2.core.model.Run; [Ledu.csus.ecs.pc2.core.model.Run;@19b3e65d
260319 005028.483|INFO|Thread-104|log|handlePacket start Packet[LOGIN_SUCCESS] #124 SERVER0 @ site 1 -> TEAM1 @ site 1
260319 005028.483|INFO|Thread-104|log|Packet LOGIN_SUCCESS (Seq #124, o#124 ) handlePacket
260319 005028.483|INFO|Thread-104|log|  From: SERVER0 @ site 1, oSERVER0 @ site 1 (lilsaados @ 169.254.83.107) (Contest Id: Default--8030075252927918473)
260319 005028.483|INFO|Thread-104|log|    To: TEAM1 @ site 1
260319 005028.483|INFO|Thread-104|log|   key: ACCOUNT_ARRAY is: [Ledu.csus.ecs.pc2.core.model.Account; [Ledu.csus.ecs.pc2.core.model.Account;@529f8118
260319 005028.484|INFO|Thread-104|log|   key: GENERAL_PROBLEM is: edu.csus.ecs.pc2.core.model.Problem General
260319 005028.484|INFO|Thread-104|log|   key: SERVER_CLOCK_OFFSET is: java.util.GregorianCalendar java.util.GregorianCalendar[time=1773874228476,areFieldsSet=true,areAllFieldsSet=false,lenient=true,zone=sun.util.calendar.ZoneInfo[id="GMT",offset=0,dstSavings=0,useDaylight=false,transitions=0,lastRule=null],firstDayOfWeek=1,minimalDaysInFirstWeek=1,ERA=1,YEAR=2026,MONTH=2,WEEK_OF_YEAR=12,WEEK_OF_MONTH=3,DAY_OF_MONTH=18,DAY_OF_YEAR=77,DAY_OF_WEEK=4,DAY_OF_WEEK_IN_MONTH=3,AM_PM=1,HOUR=10,HOUR_OF_DAY=22,MINUTE=50,SECOND=28,MILLISECOND=476,ZONE_OFFSET=0,DST_OFFSET=0]
260319 005028.484|INFO|Thread-104|log|   key: JUDGEMENT_LIST is: [Ledu.csus.ecs.pc2.core.model.Judgement; [Ledu.csus.ecs.pc2.core.model.Judgement;@5c58653b
260319 005028.484|INFO|Thread-104|log|   key: PROBLEM_DATA_FILES is: [Ledu.csus.ecs.pc2.core.model.ProblemDataFiles; [Ledu.csus.ecs.pc2.core.model.ProblemDataFiles;@5867ea68
260319 005028.484|INFO|Thread-104|log|   key: LANGUAGE_LIST is: [Ledu.csus.ecs.pc2.core.model.Language; [Ledu.csus.ecs.pc2.core.model.Language;@1d656f00
260319 005028.484|INFO|Thread-104|log|   key: PROFILE is: edu.csus.ecs.pc2.core.model.Profile Default-917756220166097124
260319 005028.484|INFO|Thread-104|log|   key: BALLOON_SETTINGS_LIST is: [Ledu.csus.ecs.pc2.core.model.BalloonSettings; [Ledu.csus.ecs.pc2.core.model.BalloonSettings;@33dcbaf5
260319 005028.484|INFO|Thread-104|log|   key: REMOTE_LOGGED_IN_USERS is: [Ledu.csus.ecs.pc2.core.model.ClientId; [Ledu.csus.ecs.pc2.core.model.ClientId;@2c327008
260319 005028.484|INFO|Thread-104|log|   key: CLARIFICATION_LIST is: [Ledu.csus.ecs.pc2.core.model.Clarification; [Ledu.csus.ecs.pc2.core.model.Clarification;@4b61fb4c
260319 005028.484|INFO|Thread-104|log|   key: CONTEST_IDENTIFIER is: java.lang.String Default--8030075252927918473
260319 005028.484|INFO|Thread-104|log|   key: PROBLEM_LIST is: [Ledu.csus.ecs.pc2.core.model.Problem; [Ledu.csus.ecs.pc2.core.model.Problem;@7d4a904f
260319 005028.484|INFO|Thread-104|log|   key: SITE_NUMBER is: java.lang.Integer 1
260319 005028.484|INFO|Thread-104|log|   key: CATEGORY_LIST is: [Ledu.csus.ecs.pc2.core.model.Category; [Ledu.csus.ecs.pc2.core.model.Category;@2b979601
260319 005028.484|INFO|Thread-104|log|   key: CLIENT_SETTINGS_LIST is: [Ledu.csus.ecs.pc2.core.model.ClientSettings; [Ledu.csus.ecs.pc2.core.model.ClientSettings;@141a114b
260319 005028.484|INFO|Thread-104|log|   key: LOCAL_LOGGED_IN_USERS is: [Ledu.csus.ecs.pc2.core.model.ClientId; [Ledu.csus.ecs.pc2.core.model.ClientId;@5065331f
260319 005028.484|INFO|Thread-104|log|   key: CLIENT_ID is: edu.csus.ecs.pc2.core.model.ClientId TEAM1 @ site 1
260319 005028.484|INFO|Thread-104|log|   key: GROUP_LIST is: [Ledu.csus.ecs.pc2.core.model.Group; [Ledu.csus.ecs.pc2.core.model.Group;@790409b4
260319 005028.484|INFO|Thread-104|log|   key: CONNECTION_HANDLE_ID_LIST is: [Ledu.csus.ecs.pc2.core.transport.ConnectionHandlerID; [Ledu.csus.ecs.pc2.core.transport.ConnectionHandlerID;@6eb4bf0b
260319 005028.484|INFO|Thread-104|log|   key: CONTEST_TIME is: edu.csus.ecs.pc2.core.model.ContestTime edu.csus.ecs.pc2.core.model.ContestTime@2ae07bdf
260319 005028.484|INFO|Thread-104|log|   key: PROFILE_LIST is: [Ledu.csus.ecs.pc2.core.model.Profile; [Ledu.csus.ecs.pc2.core.model.Profile;@53e44857
260319 005028.484|INFO|Thread-104|log|   key: CONTEST_TIME_LIST is: [Ledu.csus.ecs.pc2.core.model.ContestTime; [Ledu.csus.ecs.pc2.core.model.ContestTime;@af4b236
260319 005028.484|INFO|Thread-104|log|   key: CONTEST_INFORMATION is: edu.csus.ecs.pc2.core.model.ContestInformation edu.csus.ecs.pc2.core.model.ContestInformation@41f30884
260319 005028.484|INFO|Thread-104|log|   key: SITE_LIST is: [Ledu.csus.ecs.pc2.core.model.Site; [Ledu.csus.ecs.pc2.core.model.Site;@68e4ade6
260319 005028.484|INFO|Thread-104|log|   key: RUN_LIST is: [Ledu.csus.ecs.pc2.core.model.Run; [Ledu.csus.ecs.pc2.core.model.Run;@19b3e65d
260319 005053.765|INFO|Thread-102|log|connectionDropped(ConnectionHandlerID myConnectionID) 
