260217 210810.413|CONFIG|qtp1130478920-36|log|Now logging to /home/shahd/eclipse-workspace/wti1/logs directory.
260217 210810.414|INFO|qtp1130478920-36|log|
260217 210810.414|INFO|qtp1130478920-36|log|Version 9.10.0 () Java ver 11.0.30 build 7065 Linux 6.8.0-90-generic (amd64) 
260217 210810.414|INFO|qtp1130478920-36|log|Login: team11 (aka team11)
260217 210810.414|INFO|qtp1130478920-36|log|Working directory is /home/shahd/eclipse-workspace/wti1
260217 210810.415|INFO|qtp1130478920-36|log|Process id is 71985@shahoda
260217 210810.415|INFO|qtp1130478920-36|log|Contacting server at localhost:50002 as TEAM11 @ site 0
260217 210810.415|INFO|qtp1130478920-36|log|sendLoginRequest start - sending from TEAM11 @ site 0
260217 210810.416|INFO|qtp1130478920-36|log|Sending packet to server Packet[LOGIN_REQUEST] #5 TEAM11 @ site 0 -> SERVER0 @ site 0
260217 210810.416|INFO|qtp1130478920-36|log|Sent    packet to server Packet[LOGIN_REQUEST] #5 TEAM11 @ site 0 -> SERVER0 @ site 0
260217 210810.416|INFO|Thread-26|log|send(Serializable)
260217 210810.418|INFO|qtp1130478920-36|log|sendLoginRequest end - packet sent.
260217 210810.464|INFO|Thread-25|log|receiveUnencrypted(TransportWrapper, ConnectionHandlerID=Socket[addr=localhost/127.0.0.1,port=50002,localport=36346]-2453350625090007201)
260217 210810.468|INFO|Thread-25|log|receiveUnencrypted Made a secret key for Socket[addr=localhost/127.0.0.1,port=50002,localport=36346]-2453350625090007201 key is com.sun.crypto.provider.DESKey@fffe7b8d
260217 210810.468|INFO|Thread-25|log|Generating Unencrypted Public Key Packet
260217 210810.469|INFO|Thread-25|log|checking key:= SunJCE Diffie-Hellman Public Key:
y:
    d036e761 e154943b fdc461e1 7b331b20 cdfe47b6 bc60bd6d 4bd11aa1 ddaa8e81
    661dd638 ef11c628 45c06f6a d6c4253d 510fffd2 5a4e7ed8 f8d9a8f0 c96e88a3
    6560b358 ee3b2c14 50b24d2d 339aa64c edcffa91 48e21487 ac23c801 c07d47de
    066fbc02 031e385d 57cda00b 2d88fe0e 20f39959 c55965dd fda3d57c e67dc5e8
p:
    f488fd58 4e49dbcd 20b49de4 9107366b 336c380d 451d0f7c 88b31c7c 5b2d8ef6
    f3c923c0 43f0a55b 188d8ebb 558cb85d 38d334fd 7c175743 a31d186c de33212c
    b52aff3c e1b12940 18118d7c 84a70a72 d686c403 19c80729 7aca950c d9969fab
    d00a509b 0246d308 3d66a45d 419f9c7c bd894b22 1926baab a25ec355 e92f78c7
g:
    02
l:
    512
260217 210810.469|INFO|Thread-25|log|packet:= edu.csus.ecs.pc2.core.transport.TransportWrapper@650733fb
260217 210810.559|INFO|Thread-25|log|public void receive(SealedObject TransportPacket, ConnectionHandlerID connectionHandlerID)
260217 210810.561|INFO|Thread-27|log| receiveObject(S) start got Packet[LOGIN_FAILED] #40 SERVER0 @ site 1 -> TEAM11 @ site 0
260217 210810.562|INFO|Thread-27|log|Packet LOGIN_FAILED (Seq #40, o#40 ) recieveObject
260217 210810.562|INFO|Thread-27|log|  From: SERVER0 @ site 1, oSERVER0 @ site 1 (shahoda @ 127.0.1.1) (Contest Id: Default--6159007321590187439)
260217 210810.562|INFO|Thread-27|log|    To: TEAM11 @ site 0
260217 210810.562|INFO|Thread-27|log|   key: MESSAGE_STRING is: java.lang.String No such account
260217 210810.562|INFO|Thread-27|log|handlePacket start Packet[LOGIN_FAILED] #40 SERVER0 @ site 1 -> TEAM11 @ site 0
260217 210810.562|INFO|Thread-27|log|Packet LOGIN_FAILED (Seq #40, o#40 ) handlePacket
260217 210810.563|INFO|Thread-27|log|  From: SERVER0 @ site 1, oSERVER0 @ site 1 (shahoda @ 127.0.1.1) (Contest Id: Default--6159007321590187439)
260217 210810.563|INFO|Thread-27|log|    To: TEAM11 @ site 0
260217 210810.563|INFO|Thread-27|log|   key: MESSAGE_STRING is: java.lang.String No such account
260217 210810.564|INFO|Thread-27|log| receiveObject(S) end   got Packet[LOGIN_FAILED] #40 SERVER0 @ site 1 -> TEAM11 @ site 0
260221 211551.567|CONFIG|qtp1130478920-12|log|Now logging to /home/shahd/eclipse-workspace/wti1/logs directory.
260221 211551.567|INFO|qtp1130478920-12|log|
260221 211551.568|INFO|qtp1130478920-12|log|Version 9.10.0 () Java ver 11.0.30 build 7065 Linux 6.8.0-94-generic (amd64) 
260221 211551.573|INFO|qtp1130478920-12|log|Login: team11 (aka team11)
260221 211551.573|INFO|qtp1130478920-12|log|Working directory is /home/shahd/eclipse-workspace/wti1
260221 211551.574|INFO|qtp1130478920-12|log|Process id is 21339@shahoda
260221 211551.580|INFO|qtp1130478920-12|log|Contacting server at localhost:50002 as TEAM11 @ site 0
260221 211551.580|INFO|qtp1130478920-12|log|sendLoginRequest start - sending from TEAM11 @ site 0
260221 211551.581|INFO|qtp1130478920-12|log|Sending packet to server Packet[LOGIN_REQUEST] #2 TEAM11 @ site 0 -> SERVER0 @ site 0
260221 211551.582|INFO|Thread-17|log|send(Serializable)
260221 211551.586|INFO|qtp1130478920-12|log|Sent    packet to server Packet[LOGIN_REQUEST] #2 TEAM11 @ site 0 -> SERVER0 @ site 0
260221 211551.597|INFO|qtp1130478920-12|log|sendLoginRequest end - packet sent.
260221 211551.607|INFO|Thread-16|log|receiveUnencrypted Made a secret key for Socket[addr=localhost/127.0.0.1,port=50002,localport=39672]-8498775288394394911 key is com.sun.crypto.provider.DESKey@fffe782e
260221 211551.608|INFO|Thread-16|log|Generating Unencrypted Public Key Packet
260221 211551.611|INFO|Thread-16|log|checking key:= SunJCE Diffie-Hellman Public Key:
y:
    348f8aa9 9b284cfb d0fa6682 06160760 c2f76795 f92afca5 1acbc7f9 ec2d8318
    8e3fc621 df2b7c0f 7ec914e9 6448d7e6 9bb35cb8 4f1408ab 8a5d2da2 35a2360b
    1b97b83e 1e6029c7 d38366ea ccf69680 c30a019a 160080e9 ae825a52 fb5fb302
    e38841ba 2fcad21b bf10bdd6 468486cb 7e7f7903 2b840e69 305b9722 bbcc86d8
p:
    f488fd58 4e49dbcd 20b49de4 9107366b 336c380d 451d0f7c 88b31c7c 5b2d8ef6
    f3c923c0 43f0a55b 188d8ebb 558cb85d 38d334fd 7c175743 a31d186c de33212c
    b52aff3c e1b12940 18118d7c 84a70a72 d686c403 19c80729 7aca950c d9969fab
    d00a509b 0246d308 3d66a45d 419f9c7c bd894b22 1926baab a25ec355 e92f78c7
g:
    02
l:
    512
260221 211551.611|INFO|Thread-16|log|packet:= edu.csus.ecs.pc2.core.transport.TransportWrapper@3c1df5e3
260221 211551.695|INFO|Thread-16|log|public void receive(SealedObject TransportPacket, ConnectionHandlerID connectionHandlerID)
260221 211551.699|INFO|Thread-18|log| receiveObject(S) start got Packet[LOGIN_FAILED] #15 SERVER0 @ site 1 -> TEAM11 @ site 0
260221 211551.701|INFO|Thread-18|log|Packet LOGIN_FAILED (Seq #15, o#15 ) recieveObject
260221 211551.701|INFO|Thread-18|log|  From: SERVER0 @ site 1, oSERVER0 @ site 1 (shahoda @ 127.0.1.1) (Contest Id: Default--6159007321590187439)
260221 211551.705|INFO|Thread-18|log|    To: TEAM11 @ site 0
260221 211551.705|INFO|Thread-18|log|   key: MESSAGE_STRING is: java.lang.String No such account
260221 211551.706|INFO|Thread-18|log|handlePacket start Packet[LOGIN_FAILED] #15 SERVER0 @ site 1 -> TEAM11 @ site 0
260221 211551.706|INFO|Thread-18|log|Packet LOGIN_FAILED (Seq #15, o#15 ) handlePacket
260221 211551.706|INFO|Thread-18|log|  From: SERVER0 @ site 1, oSERVER0 @ site 1 (shahoda @ 127.0.1.1) (Contest Id: Default--6159007321590187439)
260221 211551.707|INFO|Thread-18|log|    To: TEAM11 @ site 0
260221 211551.707|INFO|Thread-18|log|   key: MESSAGE_STRING is: java.lang.String No such account
260221 211551.721|INFO|Thread-18|log| receiveObject(S) end   got Packet[LOGIN_FAILED] #15 SERVER0 @ site 1 -> TEAM11 @ site 0
260309 050116.879|CONFIG|qtp758529971-22|log|Now logging to /home/shahd/eclipse-workspace/wti1/logs directory.
260309 050116.882|INFO|qtp758529971-22|log|
260309 050116.883|INFO|qtp758529971-22|log|Version 9.10.0 () Java ver 11.0.30 build 7065 Linux 6.8.0-100-generic (amd64) 
260309 050116.883|INFO|qtp758529971-22|log|Login: team11 (aka team11)
260309 050116.884|INFO|qtp758529971-22|log|Working directory is /home/shahd/eclipse-workspace/wti1
260309 050116.884|INFO|qtp758529971-22|log|Process id is 26709@shahoda
260309 050116.886|INFO|qtp758529971-22|log|Contacting server at localhost:50002 as TEAM11 @ site 0
260309 050116.886|INFO|qtp758529971-22|log|sendLoginRequest start - sending from TEAM11 @ site 0
260309 050116.891|INFO|qtp758529971-22|log|Sending packet to server Packet[LOGIN_REQUEST] #1 TEAM11 @ site 0 -> SERVER0 @ site 0
260309 050116.893|INFO|Thread-12|log|send(Serializable)
260309 050116.894|INFO|qtp758529971-22|log|Sent    packet to server Packet[LOGIN_REQUEST] #1 TEAM11 @ site 0 -> SERVER0 @ site 0
260309 050116.895|INFO|qtp758529971-22|log|sendLoginRequest end - packet sent.
260309 050116.931|INFO|Thread-11|log|receiveUnencrypted(TransportWrapper, ConnectionHandlerID=Socket[addr=localhost/127.0.0.1,port=50002,localport=52868]-4099054588668170198)
260309 050116.948|INFO|Thread-11|log|receiveUnencrypted Made a secret key for Socket[addr=localhost/127.0.0.1,port=50002,localport=52868]-4099054588668170198 key is com.sun.crypto.provider.DESKey@fffe7871
260309 050116.948|INFO|Thread-11|log|Generating Unencrypted Public Key Packet
260309 050116.950|INFO|Thread-11|log|checking key:= SunJCE Diffie-Hellman Public Key:
y:
    efe03f4b feedd00f fe89bfc0 b8dbf669 3c7613c9 da0aacbc 3b5f30db c95cf065
    397f77fe 86f24517 3e8942f4 5201e5b1 1febfcb6 e1fdaeea 3e08fbf3 b1131c03
    d81d0e28 14d9e84c 940998d4 6d9132e3 1c06a8ae 2dd80f29 693be3e7 e8e97155
    c21121d7 53702b77 a06b7975 8c8a79c5 ec2091b4 e919f0a5 465989bb e8b36491
p:
    f488fd58 4e49dbcd 20b49de4 9107366b 336c380d 451d0f7c 88b31c7c 5b2d8ef6
    f3c923c0 43f0a55b 188d8ebb 558cb85d 38d334fd 7c175743 a31d186c de33212c
    b52aff3c e1b12940 18118d7c 84a70a72 d686c403 19c80729 7aca950c d9969fab
    d00a509b 0246d308 3d66a45d 419f9c7c bd894b22 1926baab a25ec355 e92f78c7
g:
    02
l:
    512
260309 050116.950|INFO|Thread-11|log|packet:= edu.csus.ecs.pc2.core.transport.TransportWrapper@4735fda5
260309 050117.042|INFO|Thread-11|log|public void receive(SealedObject TransportPacket, ConnectionHandlerID connectionHandlerID)
260309 050117.052|INFO|Thread-13|log| receiveObject(S) start got Packet[LOGIN_FAILED] #52 SERVER0 @ site 1 -> TEAM11 @ site 0
260309 050117.053|INFO|Thread-13|log|Packet LOGIN_FAILED (Seq #52, o#52 ) recieveObject
260309 050117.053|INFO|Thread-13|log|  From: SERVER0 @ site 1, oSERVER0 @ site 1 (shahoda @ 127.0.1.1) (Contest Id: Default--6159007321590187439)
260309 050117.053|INFO|Thread-13|log|    To: TEAM11 @ site 0
260309 050117.054|INFO|Thread-13|log|   key: MESSAGE_STRING is: java.lang.String No such account
260309 050117.054|INFO|Thread-13|log|handlePacket start Packet[LOGIN_FAILED] #52 SERVER0 @ site 1 -> TEAM11 @ site 0
260309 050117.054|INFO|Thread-13|log|Packet LOGIN_FAILED (Seq #52, o#52 ) handlePacket
260309 050117.055|INFO|Thread-13|log|  From: SERVER0 @ site 1, oSERVER0 @ site 1 (shahoda @ 127.0.1.1) (Contest Id: Default--6159007321590187439)
260309 050117.055|INFO|Thread-13|log|    To: TEAM11 @ site 0
260309 050117.055|INFO|Thread-13|log|   key: MESSAGE_STRING is: java.lang.String No such account
260309 050117.058|INFO|Thread-13|log| receiveObject(S) end   got Packet[LOGIN_FAILED] #52 SERVER0 @ site 1 -> TEAM11 @ site 0
