260319 152242.256|CONFIG|qtp1890627974-43|log|Now logging to C:\Users\Shahd\git\2shahds_WCF_2026\logs directory.
260319 152242.257|INFO|qtp1890627974-43|log|
260319 152242.257|INFO|qtp1890627974-43|log|Version 9.10.0 () Java ver 21.0.8 build 7065 Windows 11 10.0 (amd64) 
260319 152242.261|INFO|qtp1890627974-43|log|Login: team12 (aka team12)
260319 152242.262|INFO|qtp1890627974-43|log|Working directory is C:\Users\Shahd\git\2shahds_WCF_2026
260319 152242.263|INFO|qtp1890627974-43|log|Process id is 36860@DESKTOP-5EPLK95
260319 152242.266|INFO|qtp1890627974-43|log|Contacting server at localhost:50002 as TEAM12 @ site 0
260319 152242.267|INFO|qtp1890627974-43|log|sendLoginRequest start - sending from TEAM12 @ site 0
260319 152242.267|INFO|qtp1890627974-43|log|Sending packet to server Packet[LOGIN_REQUEST] #3 TEAM12 @ site 0 -> SERVER0 @ site 0
260319 152242.267|INFO|Thread-30|log|packet:= edu.csus.ecs.pc2.core.transport.TransportWrapper@4eb5bd24
260319 152242.268|INFO|qtp1890627974-43|log|Sent    packet to server Packet[LOGIN_REQUEST] #3 TEAM12 @ site 0 -> SERVER0 @ site 0
260319 152242.268|INFO|qtp1890627974-43|log|sendLoginRequest end - packet sent.
260319 152242.269|INFO|Thread-31|log|send(Serializable)
260319 152242.282|INFO|Thread-30|log|public void receive(SealedObject TransportPacket, ConnectionHandlerID connectionHandlerID)
260319 152242.285|INFO|Thread-32|log| receiveObject(S) start got Packet[LOGIN_FAILED] #20 SERVER0 @ site 1 -> TEAM12 @ site 0
260319 152242.286|INFO|Thread-32|log|Packet LOGIN_FAILED (Seq #20, o#20 ) recieveObject
260319 152242.286|INFO|Thread-32|log|  From: SERVER0 @ site 1, oSERVER0 @ site 1 (DESKTOP-5EPLK95 @ 192.168.0.1) (Contest Id: Default--8496739082754078555)
260319 152242.286|INFO|Thread-32|log|    To: TEAM12 @ site 0
260319 152242.286|INFO|Thread-32|log|   key: MESSAGE_STRING is: java.lang.String No such account
260319 152242.287|INFO|Thread-32|log|handlePacket start Packet[LOGIN_FAILED] #20 SERVER0 @ site 1 -> TEAM12 @ site 0
260319 152242.287|INFO|Thread-32|log|Packet LOGIN_FAILED (Seq #20, o#20 ) handlePacket
260319 152242.287|INFO|Thread-32|log|  From: SERVER0 @ site 1, oSERVER0 @ site 1 (DESKTOP-5EPLK95 @ 192.168.0.1) (Contest Id: Default--8496739082754078555)
260319 152242.287|INFO|Thread-32|log|    To: TEAM12 @ site 0
260319 152242.288|INFO|Thread-32|log|   key: MESSAGE_STRING is: java.lang.String No such account
260319 152242.288|INFO|Thread-32|log| receiveObject(S) end   got Packet[LOGIN_FAILED] #20 SERVER0 @ site 1 -> TEAM12 @ site 0
