260318 232725.075|CONFIG|qtp997608398-46|log|Now logging to C:\Users\Lenovo\git\WCF_New_Update\WCF_2026\2shahds_WCF_2026\logs directory.
260318 232725.076|INFO|qtp997608398-46|log|
260318 232725.076|INFO|qtp997608398-46|log|Version 9.10.0 () Java ver 1.8.0_51 build 7065 Windows 8.1 6.3 (amd64) 
260318 232725.076|INFO|qtp997608398-46|log|Login: team2 (aka team2)
260318 232725.076|INFO|qtp997608398-46|log|Working directory is C:\Users\Lenovo\git\WCF_New_Update\WCF_2026\2shahds_WCF_2026
260318 232725.076|INFO|qtp997608398-46|log|Process id is 12720@lilsaados
260318 232725.076|INFO|qtp997608398-46|log|Contacting server at localhost:50002 as TEAM2 @ site 0
260318 232725.077|INFO|qtp997608398-46|log|sendLoginRequest start - sending from TEAM2 @ site 0
260318 232725.077|INFO|qtp997608398-46|log|Sending packet to server Packet[LOGIN_REQUEST] #9 TEAM2 @ site 0 -> SERVER0 @ site 0
260318 232725.077|INFO|qtp997608398-46|log|Sent    packet to server Packet[LOGIN_REQUEST] #9 TEAM2 @ site 0 -> SERVER0 @ site 0
260318 232725.077|INFO|qtp997608398-46|log|sendLoginRequest end - packet sent.
260318 232725.077|INFO|Thread-56|log|send(Serializable)
260318 232725.079|INFO|Thread-55|log|receiveUnencrypted(TransportWrapper, ConnectionHandlerID=Socket[addr=localhost/127.0.0.1,port=50002,localport=60707]-782755389694573086)
260318 232725.081|INFO|Thread-55|log|receiveUnencrypted Made a secret key for Socket[addr=localhost/127.0.0.1,port=50002,localport=60707]-782755389694573086 key is com.sun.crypto.provider.DESKey@fffe7ffd
260318 232725.081|INFO|Thread-55|log|Generating Unencrypted Public Key Packet
260318 232725.081|INFO|Thread-55|log|checking key:= SunJCE Diffie-Hellman Public Key:
y:
    3e2a4125 d768d665 fe73891e 4a5f7a86 58575794 991735bf 6f6da47c fabf0096
    606128c5 4fb95946 03e0fb91 17e27882 ef59ca85 6d535e31 030cf0d9 8303378d
    37672ad3 cab82093 e8c4b7ef f163709d 37cee8af 2ef507e9 acb4ed95 d62c197c
    1ec3ca71 ccaf4428 8a859f85 199d9866 cb2fe78f 1cc34e6e 1cf8bbf0 5480742e
p:
    f488fd58 4e49dbcd 20b49de4 9107366b 336c380d 451d0f7c 88b31c7c 5b2d8ef6
    f3c923c0 43f0a55b 188d8ebb 558cb85d 38d334fd 7c175743 a31d186c de33212c
    b52aff3c e1b12940 18118d7c 84a70a72 d686c403 19c80729 7aca950c d9969fab
    d00a509b 0246d308 3d66a45d 419f9c7c bd894b22 1926baab a25ec355 e92f78c7
g:
    02
l:
    512
260318 232725.081|INFO|Thread-55|log|packet:= edu.csus.ecs.pc2.core.transport.TransportWrapper@2bb6b1fe
260318 232725.102|INFO|Thread-55|log|public void receive(SealedObject TransportPacket, ConnectionHandlerID connectionHandlerID)
260318 232725.106|INFO|Thread-57|log| receiveObject(S) start got Packet[LOGIN_SUCCESS] #14 SERVER0 @ site 1 -> TEAM2 @ site 1
260318 232725.107|INFO|Thread-57|log|Packet LOGIN_SUCCESS (Seq #14, o#14 ) recieveObject
260318 232725.107|INFO|Thread-57|log|  From: SERVER0 @ site 1, oSERVER0 @ site 1 (lilsaados @ 169.254.83.107) (Contest Id: Default--8030075252927918473)
260318 232725.107|INFO|Thread-57|log|    To: TEAM2 @ site 1
260318 232725.107|INFO|Thread-57|log|   key: ACCOUNT_ARRAY is: [Ledu.csus.ecs.pc2.core.model.Account; [Ledu.csus.ecs.pc2.core.model.Account;@103457fa
260318 232725.107|INFO|Thread-57|log|   key: GENERAL_PROBLEM is: edu.csus.ecs.pc2.core.model.Problem General
260318 232725.107|INFO|Thread-57|log|   key: SERVER_CLOCK_OFFSET is: java.util.GregorianCalendar java.util.GregorianCalendar[time=1773869245096,areFieldsSet=true,areAllFieldsSet=false,lenient=true,zone=sun.util.calendar.ZoneInfo[id="GMT",offset=0,dstSavings=0,useDaylight=false,transitions=0,lastRule=null],firstDayOfWeek=1,minimalDaysInFirstWeek=1,ERA=1,YEAR=2026,MONTH=2,WEEK_OF_YEAR=12,WEEK_OF_MONTH=3,DAY_OF_MONTH=18,DAY_OF_YEAR=77,DAY_OF_WEEK=4,DAY_OF_WEEK_IN_MONTH=3,AM_PM=1,HOUR=9,HOUR_OF_DAY=21,MINUTE=27,SECOND=25,MILLISECOND=96,ZONE_OFFSET=0,DST_OFFSET=0]
260318 232725.107|INFO|Thread-57|log|   key: JUDGEMENT_LIST is: [Ledu.csus.ecs.pc2.core.model.Judgement; [Ledu.csus.ecs.pc2.core.model.Judgement;@1ef3ab8c
260318 232725.107|INFO|Thread-57|log|   key: PROBLEM_DATA_FILES is: [Ledu.csus.ecs.pc2.core.model.ProblemDataFiles; [Ledu.csus.ecs.pc2.core.model.ProblemDataFiles;@1acc3c8a
260318 232725.107|INFO|Thread-57|log|   key: LANGUAGE_LIST is: [Ledu.csus.ecs.pc2.core.model.Language; [Ledu.csus.ecs.pc2.core.model.Language;@5fcea1b7
260318 232725.107|INFO|Thread-57|log|   key: PROFILE is: edu.csus.ecs.pc2.core.model.Profile Default-917756220166097124
260318 232725.107|INFO|Thread-57|log|   key: BALLOON_SETTINGS_LIST is: [Ledu.csus.ecs.pc2.core.model.BalloonSettings; [Ledu.csus.ecs.pc2.core.model.BalloonSettings;@6df7b633
260318 232725.107|INFO|Thread-57|log|   key: REMOTE_LOGGED_IN_USERS is: [Ledu.csus.ecs.pc2.core.model.ClientId; [Ledu.csus.ecs.pc2.core.model.ClientId;@6e5bdfca
260318 232725.107|INFO|Thread-57|log|   key: CLARIFICATION_LIST is: [Ledu.csus.ecs.pc2.core.model.Clarification; [Ledu.csus.ecs.pc2.core.model.Clarification;@158896e7
260318 232725.107|INFO|Thread-57|log|   key: CONTEST_IDENTIFIER is: java.lang.String Default--8030075252927918473
260318 232725.107|INFO|Thread-57|log|   key: PROBLEM_LIST is: [Ledu.csus.ecs.pc2.core.model.Problem; [Ledu.csus.ecs.pc2.core.model.Problem;@3fe15ef8
260318 232725.107|INFO|Thread-57|log|   key: SITE_NUMBER is: java.lang.Integer 1
260318 232725.107|INFO|Thread-57|log|   key: CATEGORY_LIST is: [Ledu.csus.ecs.pc2.core.model.Category; [Ledu.csus.ecs.pc2.core.model.Category;@6f773119
260318 232725.108|INFO|Thread-57|log|   key: CLIENT_SETTINGS_LIST is: [Ledu.csus.ecs.pc2.core.model.ClientSettings; [Ledu.csus.ecs.pc2.core.model.ClientSettings;@5f6206b2
260318 232725.108|INFO|Thread-57|log|   key: LOCAL_LOGGED_IN_USERS is: [Ledu.csus.ecs.pc2.core.model.ClientId; [Ledu.csus.ecs.pc2.core.model.ClientId;@e8c9c17
260318 232725.108|INFO|Thread-57|log|   key: CLIENT_ID is: edu.csus.ecs.pc2.core.model.ClientId TEAM2 @ site 1
260318 232725.108|INFO|Thread-57|log|   key: GROUP_LIST is: [Ledu.csus.ecs.pc2.core.model.Group; [Ledu.csus.ecs.pc2.core.model.Group;@3baf05a0
260318 232725.108|INFO|Thread-57|log|   key: CONNECTION_HANDLE_ID_LIST is: [Ledu.csus.ecs.pc2.core.transport.ConnectionHandlerID; [Ledu.csus.ecs.pc2.core.transport.ConnectionHandlerID;@6d061435
260318 232725.108|INFO|Thread-57|log|   key: CONTEST_TIME is: edu.csus.ecs.pc2.core.model.ContestTime edu.csus.ecs.pc2.core.model.ContestTime@221ec8b1
260318 232725.108|INFO|Thread-57|log|   key: PROFILE_LIST is: [Ledu.csus.ecs.pc2.core.model.Profile; [Ledu.csus.ecs.pc2.core.model.Profile;@489894c1
260318 232725.108|INFO|Thread-57|log|   key: CONTEST_TIME_LIST is: [Ledu.csus.ecs.pc2.core.model.ContestTime; [Ledu.csus.ecs.pc2.core.model.ContestTime;@bd91a77
260318 232725.108|INFO|Thread-57|log|   key: CONTEST_INFORMATION is: edu.csus.ecs.pc2.core.model.ContestInformation edu.csus.ecs.pc2.core.model.ContestInformation@56a31085
260318 232725.108|INFO|Thread-57|log|   key: SITE_LIST is: [Ledu.csus.ecs.pc2.core.model.Site; [Ledu.csus.ecs.pc2.core.model.Site;@2ac01a0
260318 232725.108|INFO|Thread-57|log|   key: RUN_LIST is: [Ledu.csus.ecs.pc2.core.model.Run; [Ledu.csus.ecs.pc2.core.model.Run;@e1ea3a8
260318 232725.108|INFO|Thread-57|log|handlePacket start Packet[LOGIN_SUCCESS] #14 SERVER0 @ site 1 -> TEAM2 @ site 1
260318 232725.108|INFO|Thread-57|log|Packet LOGIN_SUCCESS (Seq #14, o#14 ) handlePacket
260318 232725.108|INFO|Thread-57|log|  From: SERVER0 @ site 1, oSERVER0 @ site 1 (lilsaados @ 169.254.83.107) (Contest Id: Default--8030075252927918473)
260318 232725.108|INFO|Thread-57|log|    To: TEAM2 @ site 1
260318 232725.108|INFO|Thread-57|log|   key: ACCOUNT_ARRAY is: [Ledu.csus.ecs.pc2.core.model.Account; [Ledu.csus.ecs.pc2.core.model.Account;@103457fa
260318 232725.108|INFO|Thread-57|log|   key: GENERAL_PROBLEM is: edu.csus.ecs.pc2.core.model.Problem General
260318 232725.108|INFO|Thread-57|log|   key: SERVER_CLOCK_OFFSET is: java.util.GregorianCalendar java.util.GregorianCalendar[time=1773869245096,areFieldsSet=true,areAllFieldsSet=false,lenient=true,zone=sun.util.calendar.ZoneInfo[id="GMT",offset=0,dstSavings=0,useDaylight=false,transitions=0,lastRule=null],firstDayOfWeek=1,minimalDaysInFirstWeek=1,ERA=1,YEAR=2026,MONTH=2,WEEK_OF_YEAR=12,WEEK_OF_MONTH=3,DAY_OF_MONTH=18,DAY_OF_YEAR=77,DAY_OF_WEEK=4,DAY_OF_WEEK_IN_MONTH=3,AM_PM=1,HOUR=9,HOUR_OF_DAY=21,MINUTE=27,SECOND=25,MILLISECOND=96,ZONE_OFFSET=0,DST_OFFSET=0]
260318 232725.108|INFO|Thread-57|log|   key: JUDGEMENT_LIST is: [Ledu.csus.ecs.pc2.core.model.Judgement; [Ledu.csus.ecs.pc2.core.model.Judgement;@1ef3ab8c
260318 232725.108|INFO|Thread-57|log|   key: PROBLEM_DATA_FILES is: [Ledu.csus.ecs.pc2.core.model.ProblemDataFiles; [Ledu.csus.ecs.pc2.core.model.ProblemDataFiles;@1acc3c8a
260318 232725.108|INFO|Thread-57|log|   key: LANGUAGE_LIST is: [Ledu.csus.ecs.pc2.core.model.Language; [Ledu.csus.ecs.pc2.core.model.Language;@5fcea1b7
260318 232725.108|INFO|Thread-57|log|   key: PROFILE is: edu.csus.ecs.pc2.core.model.Profile Default-917756220166097124
260318 232725.108|INFO|Thread-57|log|   key: BALLOON_SETTINGS_LIST is: [Ledu.csus.ecs.pc2.core.model.BalloonSettings; [Ledu.csus.ecs.pc2.core.model.BalloonSettings;@6df7b633
260318 232725.108|INFO|Thread-57|log|   key: REMOTE_LOGGED_IN_USERS is: [Ledu.csus.ecs.pc2.core.model.ClientId; [Ledu.csus.ecs.pc2.core.model.ClientId;@6e5bdfca
260318 232725.108|INFO|Thread-57|log|   key: CLARIFICATION_LIST is: [Ledu.csus.ecs.pc2.core.model.Clarification; [Ledu.csus.ecs.pc2.core.model.Clarification;@158896e7
260318 232725.108|INFO|Thread-57|log|   key: CONTEST_IDENTIFIER is: java.lang.String Default--8030075252927918473
260318 232725.108|INFO|Thread-57|log|   key: PROBLEM_LIST is: [Ledu.csus.ecs.pc2.core.model.Problem; [Ledu.csus.ecs.pc2.core.model.Problem;@3fe15ef8
260318 232725.108|INFO|Thread-57|log|   key: SITE_NUMBER is: java.lang.Integer 1
260318 232725.109|INFO|Thread-57|log|   key: CATEGORY_LIST is: [Ledu.csus.ecs.pc2.core.model.Category; [Ledu.csus.ecs.pc2.core.model.Category;@6f773119
260318 232725.109|INFO|Thread-57|log|   key: CLIENT_SETTINGS_LIST is: [Ledu.csus.ecs.pc2.core.model.ClientSettings; [Ledu.csus.ecs.pc2.core.model.ClientSettings;@5f6206b2
260318 232725.109|INFO|Thread-57|log|   key: LOCAL_LOGGED_IN_USERS is: [Ledu.csus.ecs.pc2.core.model.ClientId; [Ledu.csus.ecs.pc2.core.model.ClientId;@e8c9c17
260318 232725.109|INFO|Thread-57|log|   key: CLIENT_ID is: edu.csus.ecs.pc2.core.model.ClientId TEAM2 @ site 1
260318 232725.109|INFO|Thread-57|log|   key: GROUP_LIST is: [Ledu.csus.ecs.pc2.core.model.Group; [Ledu.csus.ecs.pc2.core.model.Group;@3baf05a0
260318 232725.109|INFO|Thread-57|log|   key: CONNECTION_HANDLE_ID_LIST is: [Ledu.csus.ecs.pc2.core.transport.ConnectionHandlerID; [Ledu.csus.ecs.pc2.core.transport.ConnectionHandlerID;@6d061435
260318 232725.109|INFO|Thread-57|log|   key: CONTEST_TIME is: edu.csus.ecs.pc2.core.model.ContestTime edu.csus.ecs.pc2.core.model.ContestTime@221ec8b1
260318 232725.109|INFO|Thread-57|log|   key: PROFILE_LIST is: [Ledu.csus.ecs.pc2.core.model.Profile; [Ledu.csus.ecs.pc2.core.model.Profile;@489894c1
260318 232725.109|INFO|Thread-57|log|   key: CONTEST_TIME_LIST is: [Ledu.csus.ecs.pc2.core.model.ContestTime; [Ledu.csus.ecs.pc2.core.model.ContestTime;@bd91a77
260318 232725.109|INFO|Thread-57|log|   key: CONTEST_INFORMATION is: edu.csus.ecs.pc2.core.model.ContestInformation edu.csus.ecs.pc2.core.model.ContestInformation@56a31085
260318 232725.109|INFO|Thread-57|log|   key: SITE_LIST is: [Ledu.csus.ecs.pc2.core.model.Site; [Ledu.csus.ecs.pc2.core.model.Site;@2ac01a0
260318 232725.109|INFO|Thread-57|log|   key: RUN_LIST is: [Ledu.csus.ecs.pc2.core.model.Run; [Ledu.csus.ecs.pc2.core.model.Run;@e1ea3a8
260318 232916.534|INFO|Thread-55|log|connectionDropped(ConnectionHandlerID myConnectionID) 
