260224 212152.030|CONFIG|qtp38997010-11|log|Now logging to C:\Users\Lenovo\git\2shahds_WCF_2026\logs directory.
260224 212152.031|INFO|qtp38997010-11|log|
260224 212152.031|INFO|qtp38997010-11|log|Version 9.10.0 () Java ver 1.8.0_51 build 7065 Windows 8.1 6.3 (amd64) 
260224 212152.031|INFO|qtp38997010-11|log|Login: team1 (aka team1)
260224 212152.031|INFO|qtp38997010-11|log|Working directory is C:\Users\Lenovo\git\2shahds_WCF_2026
260224 212152.031|INFO|qtp38997010-11|log|Process id is 23624@lilsaados
260224 212152.032|INFO|qtp38997010-11|log|Contacting server at localhost:50002 as TEAM1 @ site 0
260224 212152.032|INFO|qtp38997010-11|log|sendLoginRequest start - sending from TEAM1 @ site 0
260224 212152.033|INFO|qtp38997010-11|log|Sending packet to server Packet[LOGIN_REQUEST] #8 TEAM1 @ site 0 -> SERVER0 @ site 0
260224 212152.033|INFO|Thread-42|log|receiveUnencrypted(TransportWrapper, ConnectionHandlerID=Socket[addr=localhost/127.0.0.1,port=50002,localport=49255]-735712908809833875)
260224 212152.034|INFO|qtp38997010-11|log|Sent    packet to server Packet[LOGIN_REQUEST] #8 TEAM1 @ site 0 -> SERVER0 @ site 0
260224 212152.034|INFO|Thread-43|log|send(Serializable)
260224 212152.034|INFO|qtp38997010-11|log|sendLoginRequest end - packet sent.
260224 212152.037|INFO|Thread-42|log|receiveUnencrypted Made a secret key for Socket[addr=localhost/127.0.0.1,port=50002,localport=49255]-735712908809833875 key is com.sun.crypto.provider.DESKey@18556
260224 212152.037|INFO|Thread-42|log|Generating Unencrypted Public Key Packet
260224 212152.038|INFO|Thread-42|log|checking key:= SunJCE Diffie-Hellman Public Key:
y:
    82e33c01 3ec6910e 47b6761b 46a4ee3a 1f55ddc2 9e0cc51b 61c39e6f 132218a5
    6f327554 c047730b 9629864f 0da88d58 6b1b4a9e ae7fe1aa 75263949 7ee40b7c
    8a12a5db 3c1eb090 88fe708f 25b45b4f aa0604b1 ab88f830 3c9adbc7 ac9a87cd
    aa4d5bd2 50c9815a 1eb98ff5 052342e1 32edb861 13142164 235bc13a f5203d69
p:
    f488fd58 4e49dbcd 20b49de4 9107366b 336c380d 451d0f7c 88b31c7c 5b2d8ef6
    f3c923c0 43f0a55b 188d8ebb 558cb85d 38d334fd 7c175743 a31d186c de33212c
    b52aff3c e1b12940 18118d7c 84a70a72 d686c403 19c80729 7aca950c d9969fab
    d00a509b 0246d308 3d66a45d 419f9c7c bd894b22 1926baab a25ec355 e92f78c7
g:
    02
l:
    512
260224 212152.038|INFO|Thread-42|log|packet:= edu.csus.ecs.pc2.core.transport.TransportWrapper@63dca83d
260224 212152.055|INFO|Thread-42|log|public void receive(SealedObject TransportPacket, ConnectionHandlerID connectionHandlerID)
260224 212152.059|INFO|Thread-44|log| receiveObject(S) start got Packet[LOGIN_SUCCESS] #41 SERVER0 @ site 1 -> TEAM1 @ site 1
260224 212152.059|INFO|Thread-44|log|Packet LOGIN_SUCCESS (Seq #41, o#41 ) recieveObject
260224 212152.059|INFO|Thread-44|log|  From: SERVER0 @ site 1, oSERVER0 @ site 1 (lilsaados @ 169.254.83.107) (Contest Id: Default--8030075252927918473)
260224 212152.059|INFO|Thread-44|log|    To: TEAM1 @ site 1
260224 212152.059|INFO|Thread-44|log|   key: ACCOUNT_ARRAY is: [Ledu.csus.ecs.pc2.core.model.Account; [Ledu.csus.ecs.pc2.core.model.Account;@af6fd1
260224 212152.059|INFO|Thread-44|log|   key: GENERAL_PROBLEM is: edu.csus.ecs.pc2.core.model.Problem General
260224 212152.059|INFO|Thread-44|log|   key: SERVER_CLOCK_OFFSET is: java.util.GregorianCalendar java.util.GregorianCalendar[time=1771960912049,areFieldsSet=true,areAllFieldsSet=false,lenient=true,zone=sun.util.calendar.ZoneInfo[id="GMT",offset=0,dstSavings=0,useDaylight=false,transitions=0,lastRule=null],firstDayOfWeek=1,minimalDaysInFirstWeek=1,ERA=1,YEAR=2026,MONTH=1,WEEK_OF_YEAR=9,WEEK_OF_MONTH=4,DAY_OF_MONTH=24,DAY_OF_YEAR=55,DAY_OF_WEEK=3,DAY_OF_WEEK_IN_MONTH=4,AM_PM=1,HOUR=7,HOUR_OF_DAY=19,MINUTE=21,SECOND=52,MILLISECOND=49,ZONE_OFFSET=0,DST_OFFSET=0]
260224 212152.059|INFO|Thread-44|log|   key: JUDGEMENT_LIST is: [Ledu.csus.ecs.pc2.core.model.Judgement; [Ledu.csus.ecs.pc2.core.model.Judgement;@e6881b4
260224 212152.059|INFO|Thread-44|log|   key: PROBLEM_DATA_FILES is: [Ledu.csus.ecs.pc2.core.model.ProblemDataFiles; [Ledu.csus.ecs.pc2.core.model.ProblemDataFiles;@a5704a1
260224 212152.061|INFO|Thread-44|log|   key: LANGUAGE_LIST is: [Ledu.csus.ecs.pc2.core.model.Language; [Ledu.csus.ecs.pc2.core.model.Language;@4f558b8f
260224 212152.061|INFO|Thread-44|log|   key: PROFILE is: edu.csus.ecs.pc2.core.model.Profile Default-917756220166097124
260224 212152.061|INFO|Thread-44|log|   key: BALLOON_SETTINGS_LIST is: [Ledu.csus.ecs.pc2.core.model.BalloonSettings; [Ledu.csus.ecs.pc2.core.model.BalloonSettings;@347fb453
260224 212152.061|INFO|Thread-44|log|   key: REMOTE_LOGGED_IN_USERS is: [Ledu.csus.ecs.pc2.core.model.ClientId; [Ledu.csus.ecs.pc2.core.model.ClientId;@7e50e649
260224 212152.061|INFO|Thread-44|log|   key: CLARIFICATION_LIST is: [Ledu.csus.ecs.pc2.core.model.Clarification; [Ledu.csus.ecs.pc2.core.model.Clarification;@4c90872e
260224 212152.061|INFO|Thread-44|log|   key: CONTEST_IDENTIFIER is: java.lang.String Default--8030075252927918473
260224 212152.061|INFO|Thread-44|log|   key: PROBLEM_LIST is: [Ledu.csus.ecs.pc2.core.model.Problem; [Ledu.csus.ecs.pc2.core.model.Problem;@2f7a74c0
260224 212152.061|INFO|Thread-44|log|   key: SITE_NUMBER is: java.lang.Integer 1
260224 212152.061|INFO|Thread-44|log|   key: CATEGORY_LIST is: [Ledu.csus.ecs.pc2.core.model.Category; [Ledu.csus.ecs.pc2.core.model.Category;@66ee9050
260224 212152.061|INFO|Thread-44|log|   key: CLIENT_SETTINGS_LIST is: [Ledu.csus.ecs.pc2.core.model.ClientSettings; [Ledu.csus.ecs.pc2.core.model.ClientSettings;@1ff5406a
260224 212152.061|INFO|Thread-44|log|   key: LOCAL_LOGGED_IN_USERS is: [Ledu.csus.ecs.pc2.core.model.ClientId; [Ledu.csus.ecs.pc2.core.model.ClientId;@57940d4d
260224 212152.061|INFO|Thread-44|log|   key: CLIENT_ID is: edu.csus.ecs.pc2.core.model.ClientId TEAM1 @ site 1
260224 212152.061|INFO|Thread-44|log|   key: GROUP_LIST is: [Ledu.csus.ecs.pc2.core.model.Group; [Ledu.csus.ecs.pc2.core.model.Group;@2b34af0b
260224 212152.061|INFO|Thread-44|log|   key: CONNECTION_HANDLE_ID_LIST is: [Ledu.csus.ecs.pc2.core.transport.ConnectionHandlerID; [Ledu.csus.ecs.pc2.core.transport.ConnectionHandlerID;@39cad62d
260224 212152.061|INFO|Thread-44|log|   key: CONTEST_TIME is: edu.csus.ecs.pc2.core.model.ContestTime edu.csus.ecs.pc2.core.model.ContestTime@c09276e
260224 212152.061|INFO|Thread-44|log|   key: PROFILE_LIST is: [Ledu.csus.ecs.pc2.core.model.Profile; [Ledu.csus.ecs.pc2.core.model.Profile;@7b00adc7
260224 212152.061|INFO|Thread-44|log|   key: CONTEST_TIME_LIST is: [Ledu.csus.ecs.pc2.core.model.ContestTime; [Ledu.csus.ecs.pc2.core.model.ContestTime;@75c2195b
260224 212152.061|INFO|Thread-44|log|   key: CONTEST_INFORMATION is: edu.csus.ecs.pc2.core.model.ContestInformation edu.csus.ecs.pc2.core.model.ContestInformation@1a56c270
260224 212152.061|INFO|Thread-44|log|   key: SITE_LIST is: [Ledu.csus.ecs.pc2.core.model.Site; [Ledu.csus.ecs.pc2.core.model.Site;@5fa1a403
260224 212152.061|INFO|Thread-44|log|   key: RUN_LIST is: [Ledu.csus.ecs.pc2.core.model.Run; [Ledu.csus.ecs.pc2.core.model.Run;@21b144a5
260224 212152.061|INFO|Thread-44|log|handlePacket start Packet[LOGIN_SUCCESS] #41 SERVER0 @ site 1 -> TEAM1 @ site 1
260224 212152.061|INFO|Thread-44|log|Packet LOGIN_SUCCESS (Seq #41, o#41 ) handlePacket
260224 212152.061|INFO|Thread-44|log|  From: SERVER0 @ site 1, oSERVER0 @ site 1 (lilsaados @ 169.254.83.107) (Contest Id: Default--8030075252927918473)
260224 212152.061|INFO|Thread-44|log|    To: TEAM1 @ site 1
260224 212152.061|INFO|Thread-44|log|   key: ACCOUNT_ARRAY is: [Ledu.csus.ecs.pc2.core.model.Account; [Ledu.csus.ecs.pc2.core.model.Account;@af6fd1
260224 212152.061|INFO|Thread-44|log|   key: GENERAL_PROBLEM is: edu.csus.ecs.pc2.core.model.Problem General
260224 212152.062|INFO|Thread-44|log|   key: SERVER_CLOCK_OFFSET is: java.util.GregorianCalendar java.util.GregorianCalendar[time=1771960912049,areFieldsSet=true,areAllFieldsSet=false,lenient=true,zone=sun.util.calendar.ZoneInfo[id="GMT",offset=0,dstSavings=0,useDaylight=false,transitions=0,lastRule=null],firstDayOfWeek=1,minimalDaysInFirstWeek=1,ERA=1,YEAR=2026,MONTH=1,WEEK_OF_YEAR=9,WEEK_OF_MONTH=4,DAY_OF_MONTH=24,DAY_OF_YEAR=55,DAY_OF_WEEK=3,DAY_OF_WEEK_IN_MONTH=4,AM_PM=1,HOUR=7,HOUR_OF_DAY=19,MINUTE=21,SECOND=52,MILLISECOND=49,ZONE_OFFSET=0,DST_OFFSET=0]
260224 212152.062|INFO|Thread-44|log|   key: JUDGEMENT_LIST is: [Ledu.csus.ecs.pc2.core.model.Judgement; [Ledu.csus.ecs.pc2.core.model.Judgement;@e6881b4
260224 212152.062|INFO|Thread-44|log|   key: PROBLEM_DATA_FILES is: [Ledu.csus.ecs.pc2.core.model.ProblemDataFiles; [Ledu.csus.ecs.pc2.core.model.ProblemDataFiles;@a5704a1
260224 212152.062|INFO|Thread-44|log|   key: LANGUAGE_LIST is: [Ledu.csus.ecs.pc2.core.model.Language; [Ledu.csus.ecs.pc2.core.model.Language;@4f558b8f
260224 212152.062|INFO|Thread-44|log|   key: PROFILE is: edu.csus.ecs.pc2.core.model.Profile Default-917756220166097124
260224 212152.062|INFO|Thread-44|log|   key: BALLOON_SETTINGS_LIST is: [Ledu.csus.ecs.pc2.core.model.BalloonSettings; [Ledu.csus.ecs.pc2.core.model.BalloonSettings;@347fb453
260224 212152.062|INFO|Thread-44|log|   key: REMOTE_LOGGED_IN_USERS is: [Ledu.csus.ecs.pc2.core.model.ClientId; [Ledu.csus.ecs.pc2.core.model.ClientId;@7e50e649
260224 212152.062|INFO|Thread-44|log|   key: CLARIFICATION_LIST is: [Ledu.csus.ecs.pc2.core.model.Clarification; [Ledu.csus.ecs.pc2.core.model.Clarification;@4c90872e
260224 212152.062|INFO|Thread-44|log|   key: CONTEST_IDENTIFIER is: java.lang.String Default--8030075252927918473
260224 212152.062|INFO|Thread-44|log|   key: PROBLEM_LIST is: [Ledu.csus.ecs.pc2.core.model.Problem; [Ledu.csus.ecs.pc2.core.model.Problem;@2f7a74c0
260224 212152.062|INFO|Thread-44|log|   key: SITE_NUMBER is: java.lang.Integer 1
260224 212152.062|INFO|Thread-44|log|   key: CATEGORY_LIST is: [Ledu.csus.ecs.pc2.core.model.Category; [Ledu.csus.ecs.pc2.core.model.Category;@66ee9050
260224 212152.062|INFO|Thread-44|log|   key: CLIENT_SETTINGS_LIST is: [Ledu.csus.ecs.pc2.core.model.ClientSettings; [Ledu.csus.ecs.pc2.core.model.ClientSettings;@1ff5406a
260224 212152.062|INFO|Thread-44|log|   key: LOCAL_LOGGED_IN_USERS is: [Ledu.csus.ecs.pc2.core.model.ClientId; [Ledu.csus.ecs.pc2.core.model.ClientId;@57940d4d
260224 212152.062|INFO|Thread-44|log|   key: CLIENT_ID is: edu.csus.ecs.pc2.core.model.ClientId TEAM1 @ site 1
260224 212152.062|INFO|Thread-44|log|   key: GROUP_LIST is: [Ledu.csus.ecs.pc2.core.model.Group; [Ledu.csus.ecs.pc2.core.model.Group;@2b34af0b
260224 212152.063|INFO|Thread-44|log|   key: CONNECTION_HANDLE_ID_LIST is: [Ledu.csus.ecs.pc2.core.transport.ConnectionHandlerID; [Ledu.csus.ecs.pc2.core.transport.ConnectionHandlerID;@39cad62d
260224 212152.063|INFO|Thread-44|log|   key: CONTEST_TIME is: edu.csus.ecs.pc2.core.model.ContestTime edu.csus.ecs.pc2.core.model.ContestTime@c09276e
260224 212152.063|INFO|Thread-44|log|   key: PROFILE_LIST is: [Ledu.csus.ecs.pc2.core.model.Profile; [Ledu.csus.ecs.pc2.core.model.Profile;@7b00adc7
260224 212152.063|INFO|Thread-44|log|   key: CONTEST_TIME_LIST is: [Ledu.csus.ecs.pc2.core.model.ContestTime; [Ledu.csus.ecs.pc2.core.model.ContestTime;@75c2195b
260224 212152.063|INFO|Thread-44|log|   key: CONTEST_INFORMATION is: edu.csus.ecs.pc2.core.model.ContestInformation edu.csus.ecs.pc2.core.model.ContestInformation@1a56c270
260224 212152.063|INFO|Thread-44|log|   key: SITE_LIST is: [Ledu.csus.ecs.pc2.core.model.Site; [Ledu.csus.ecs.pc2.core.model.Site;@5fa1a403
260224 212152.063|INFO|Thread-44|log|   key: RUN_LIST is: [Ledu.csus.ecs.pc2.core.model.Run; [Ledu.csus.ecs.pc2.core.model.Run;@21b144a5
260224 212216.411|INFO|Thread-42|log|connectionDropped(ConnectionHandlerID myConnectionID) 
260302 224418.056|CONFIG|qtp1130478920-12|log|Now logging to /home/shahd/eclipse-workspace/wti1/logs directory.
260302 224418.057|INFO|qtp1130478920-12|log|
260302 224418.058|INFO|qtp1130478920-12|log|Version 9.10.0 () Java ver 11.0.30 build 7065 Linux 6.8.0-100-generic (amd64) 
260302 224418.058|INFO|qtp1130478920-12|log|Login: team1 (aka team1)
260302 224418.058|INFO|qtp1130478920-12|log|Working directory is /home/shahd/eclipse-workspace/wti1
260302 224418.059|INFO|qtp1130478920-12|log|Process id is 17247@shahoda
260302 224418.060|INFO|qtp1130478920-12|log|Contacting server at localhost:50002 as TEAM1 @ site 0
260302 224418.060|INFO|qtp1130478920-12|log|sendLoginRequest start - sending from TEAM1 @ site 0
260302 224418.060|INFO|qtp1130478920-12|log|Sending packet to server Packet[LOGIN_REQUEST] #4 TEAM1 @ site 0 -> SERVER0 @ site 0
260302 224418.062|INFO|qtp1130478920-12|log|Sent    packet to server Packet[LOGIN_REQUEST] #4 TEAM1 @ site 0 -> SERVER0 @ site 0
260302 224418.064|INFO|qtp1130478920-12|log|sendLoginRequest end - packet sent.
260302 224418.063|INFO|Thread-24|log|send(Serializable)
260302 224418.102|INFO|Thread-23|log|receiveUnencrypted(TransportWrapper, ConnectionHandlerID=Socket[addr=localhost/127.0.0.1,port=50002,localport=54890]--1824200138892534406)
260302 224418.106|INFO|Thread-23|log|receiveUnencrypted Made a secret key for Socket[addr=localhost/127.0.0.1,port=50002,localport=54890]--1824200138892534406 key is com.sun.crypto.provider.DESKey@fffe7877
260302 224418.106|INFO|Thread-23|log|Generating Unencrypted Public Key Packet
260302 224418.107|INFO|Thread-23|log|checking key:= SunJCE Diffie-Hellman Public Key:
y:
    c6690ab8 585084d0 488b4aec 623e0bb8 af1196a7 580a468a de557eae 7a4305f1
    74e8f0af 7ff9a721 f59e11a4 d83bb545 14fb6dd6 6e000fa1 83178e01 530b83d9
    74770e75 147840ac 4c105812 e276fb4e aa38e1f2 7c40eb15 4a453240 974b6de1
    0f8a1842 9afc959f 59725711 e2820155 63b058b3 45364dcf 75b6289d 39ddc812
p:
    f488fd58 4e49dbcd 20b49de4 9107366b 336c380d 451d0f7c 88b31c7c 5b2d8ef6
    f3c923c0 43f0a55b 188d8ebb 558cb85d 38d334fd 7c175743 a31d186c de33212c
    b52aff3c e1b12940 18118d7c 84a70a72 d686c403 19c80729 7aca950c d9969fab
    d00a509b 0246d308 3d66a45d 419f9c7c bd894b22 1926baab a25ec355 e92f78c7
g:
    02
l:
    512
260302 224418.107|INFO|Thread-23|log|packet:= edu.csus.ecs.pc2.core.transport.TransportWrapper@1bf64ce9
260302 224418.216|INFO|Thread-23|log|public void receive(SealedObject TransportPacket, ConnectionHandlerID connectionHandlerID)
260302 224418.240|INFO|Thread-25|log| receiveObject(S) start got Packet[LOGIN_SUCCESS] #39 SERVER0 @ site 1 -> TEAM1 @ site 1
260302 224418.244|INFO|Thread-25|log|Packet LOGIN_SUCCESS (Seq #39, o#39 ) recieveObject
260302 224418.246|INFO|Thread-25|log|  From: SERVER0 @ site 1, oSERVER0 @ site 1 (shahoda @ 127.0.1.1) (Contest Id: Default--6159007321590187439)
260302 224418.246|INFO|Thread-25|log|    To: TEAM1 @ site 1
260302 224418.246|INFO|Thread-25|log|   key: PROFILE_LIST is: [Ledu.csus.ecs.pc2.core.model.Profile; [Ledu.csus.ecs.pc2.core.model.Profile;@13f849ff
260302 224418.246|INFO|Thread-25|log|   key: GENERAL_PROBLEM is: edu.csus.ecs.pc2.core.model.Problem General
260302 224418.246|INFO|Thread-25|log|   key: CLIENT_SETTINGS_LIST is: [Ledu.csus.ecs.pc2.core.model.ClientSettings; [Ledu.csus.ecs.pc2.core.model.ClientSettings;@1d3fb5f0
260302 224418.246|INFO|Thread-25|log|   key: CONTEST_TIME is: edu.csus.ecs.pc2.core.model.ContestTime edu.csus.ecs.pc2.core.model.ContestTime@1900228f
260302 224418.246|INFO|Thread-25|log|   key: CLARIFICATION_LIST is: [Ledu.csus.ecs.pc2.core.model.Clarification; [Ledu.csus.ecs.pc2.core.model.Clarification;@5c02bfcb
260302 224418.247|INFO|Thread-25|log|   key: CATEGORY_LIST is: [Ledu.csus.ecs.pc2.core.model.Category; [Ledu.csus.ecs.pc2.core.model.Category;@d64a205
260302 224418.247|INFO|Thread-25|log|   key: LANGUAGE_LIST is: [Ledu.csus.ecs.pc2.core.model.Language; [Ledu.csus.ecs.pc2.core.model.Language;@6d94066c
260302 224418.247|INFO|Thread-25|log|   key: REMOTE_LOGGED_IN_USERS is: [Ledu.csus.ecs.pc2.core.model.ClientId; [Ledu.csus.ecs.pc2.core.model.ClientId;@7518450b
260302 224418.247|INFO|Thread-25|log|   key: CONTEST_TIME_LIST is: [Ledu.csus.ecs.pc2.core.model.ContestTime; [Ledu.csus.ecs.pc2.core.model.ContestTime;@3c2d4084
260302 224418.247|INFO|Thread-25|log|   key: CONNECTION_HANDLE_ID_LIST is: [Ledu.csus.ecs.pc2.core.transport.ConnectionHandlerID; [Ledu.csus.ecs.pc2.core.transport.ConnectionHandlerID;@1471b98e
260302 224418.247|INFO|Thread-25|log|   key: PROFILE is: edu.csus.ecs.pc2.core.model.Profile Default--6159007321590187439
260302 224418.247|INFO|Thread-25|log|   key: CLIENT_ID is: edu.csus.ecs.pc2.core.model.ClientId TEAM1 @ site 1
260302 224418.248|INFO|Thread-25|log|   key: SITE_NUMBER is: java.lang.Integer 1
260302 224418.248|INFO|Thread-25|log|   key: CONTEST_INFORMATION is: edu.csus.ecs.pc2.core.model.ContestInformation edu.csus.ecs.pc2.core.model.ContestInformation@591b7a0a
260302 224418.248|INFO|Thread-25|log|   key: SITE_LIST is: [Ledu.csus.ecs.pc2.core.model.Site; [Ledu.csus.ecs.pc2.core.model.Site;@6e1c4c3f
260302 224418.248|INFO|Thread-25|log|   key: PROBLEM_DATA_FILES is: [Ledu.csus.ecs.pc2.core.model.ProblemDataFiles; [Ledu.csus.ecs.pc2.core.model.ProblemDataFiles;@38631818
260302 224418.248|INFO|Thread-25|log|   key: JUDGEMENT_LIST is: [Ledu.csus.ecs.pc2.core.model.Judgement; [Ledu.csus.ecs.pc2.core.model.Judgement;@21477b53
260302 224418.248|INFO|Thread-25|log|   key: PROBLEM_LIST is: [Ledu.csus.ecs.pc2.core.model.Problem; [Ledu.csus.ecs.pc2.core.model.Problem;@238e9e5b
260302 224418.248|INFO|Thread-25|log|   key: GROUP_LIST is: [Ledu.csus.ecs.pc2.core.model.Group; [Ledu.csus.ecs.pc2.core.model.Group;@2fff53a1
260302 224418.249|INFO|Thread-25|log|   key: LOCAL_LOGGED_IN_USERS is: [Ledu.csus.ecs.pc2.core.model.ClientId; [Ledu.csus.ecs.pc2.core.model.ClientId;@ffc2d9e
260302 224418.249|INFO|Thread-25|log|   key: SERVER_CLOCK_OFFSET is: java.util.GregorianCalendar java.util.GregorianCalendar[time=1772484258166,areFieldsSet=true,areAllFieldsSet=false,lenient=true,zone=sun.util.calendar.ZoneInfo[id="GMT",offset=0,dstSavings=0,useDaylight=false,transitions=0,lastRule=null],firstDayOfWeek=1,minimalDaysInFirstWeek=1,ERA=1,YEAR=2026,MONTH=2,WEEK_OF_YEAR=10,WEEK_OF_MONTH=1,DAY_OF_MONTH=2,DAY_OF_YEAR=61,DAY_OF_WEEK=2,DAY_OF_WEEK_IN_MONTH=1,AM_PM=1,HOUR=8,HOUR_OF_DAY=20,MINUTE=44,SECOND=18,MILLISECOND=166,ZONE_OFFSET=0,DST_OFFSET=0]
260302 224418.249|INFO|Thread-25|log|   key: CONTEST_IDENTIFIER is: java.lang.String Default--6159007321590187439
260302 224418.249|INFO|Thread-25|log|   key: BALLOON_SETTINGS_LIST is: [Ledu.csus.ecs.pc2.core.model.BalloonSettings; [Ledu.csus.ecs.pc2.core.model.BalloonSettings;@157b42d1
260302 224418.249|INFO|Thread-25|log|   key: RUN_LIST is: [Ledu.csus.ecs.pc2.core.model.Run; [Ledu.csus.ecs.pc2.core.model.Run;@42506a63
260302 224418.249|INFO|Thread-25|log|   key: ACCOUNT_ARRAY is: [Ledu.csus.ecs.pc2.core.model.Account; [Ledu.csus.ecs.pc2.core.model.Account;@17e74bd3
260302 224418.249|INFO|Thread-25|log|handlePacket start Packet[LOGIN_SUCCESS] #39 SERVER0 @ site 1 -> TEAM1 @ site 1
260302 224418.250|INFO|Thread-25|log|Packet LOGIN_SUCCESS (Seq #39, o#39 ) handlePacket
260302 224418.250|INFO|Thread-25|log|  From: SERVER0 @ site 1, oSERVER0 @ site 1 (shahoda @ 127.0.1.1) (Contest Id: Default--6159007321590187439)
260302 224418.250|INFO|Thread-25|log|    To: TEAM1 @ site 1
260302 224418.250|INFO|Thread-25|log|   key: PROFILE_LIST is: [Ledu.csus.ecs.pc2.core.model.Profile; [Ledu.csus.ecs.pc2.core.model.Profile;@13f849ff
260302 224418.250|INFO|Thread-25|log|   key: GENERAL_PROBLEM is: edu.csus.ecs.pc2.core.model.Problem General
260302 224418.250|INFO|Thread-25|log|   key: CLIENT_SETTINGS_LIST is: [Ledu.csus.ecs.pc2.core.model.ClientSettings; [Ledu.csus.ecs.pc2.core.model.ClientSettings;@1d3fb5f0
260302 224418.250|INFO|Thread-25|log|   key: CONTEST_TIME is: edu.csus.ecs.pc2.core.model.ContestTime edu.csus.ecs.pc2.core.model.ContestTime@1900228f
260302 224418.250|INFO|Thread-25|log|   key: CLARIFICATION_LIST is: [Ledu.csus.ecs.pc2.core.model.Clarification; [Ledu.csus.ecs.pc2.core.model.Clarification;@5c02bfcb
260302 224418.250|INFO|Thread-25|log|   key: CATEGORY_LIST is: [Ledu.csus.ecs.pc2.core.model.Category; [Ledu.csus.ecs.pc2.core.model.Category;@d64a205
260302 224418.250|INFO|Thread-25|log|   key: LANGUAGE_LIST is: [Ledu.csus.ecs.pc2.core.model.Language; [Ledu.csus.ecs.pc2.core.model.Language;@6d94066c
260302 224418.250|INFO|Thread-25|log|   key: REMOTE_LOGGED_IN_USERS is: [Ledu.csus.ecs.pc2.core.model.ClientId; [Ledu.csus.ecs.pc2.core.model.ClientId;@7518450b
260302 224418.250|INFO|Thread-25|log|   key: CONTEST_TIME_LIST is: [Ledu.csus.ecs.pc2.core.model.ContestTime; [Ledu.csus.ecs.pc2.core.model.ContestTime;@3c2d4084
260302 224418.251|INFO|Thread-25|log|   key: CONNECTION_HANDLE_ID_LIST is: [Ledu.csus.ecs.pc2.core.transport.ConnectionHandlerID; [Ledu.csus.ecs.pc2.core.transport.ConnectionHandlerID;@1471b98e
260302 224418.251|INFO|Thread-25|log|   key: PROFILE is: edu.csus.ecs.pc2.core.model.Profile Default--6159007321590187439
260302 224418.251|INFO|Thread-25|log|   key: CLIENT_ID is: edu.csus.ecs.pc2.core.model.ClientId TEAM1 @ site 1
260302 224418.251|INFO|Thread-25|log|   key: SITE_NUMBER is: java.lang.Integer 1
260302 224418.251|INFO|Thread-25|log|   key: CONTEST_INFORMATION is: edu.csus.ecs.pc2.core.model.ContestInformation edu.csus.ecs.pc2.core.model.ContestInformation@591b7a0a
260302 224418.251|INFO|Thread-25|log|   key: SITE_LIST is: [Ledu.csus.ecs.pc2.core.model.Site; [Ledu.csus.ecs.pc2.core.model.Site;@6e1c4c3f
260302 224418.252|INFO|Thread-25|log|   key: PROBLEM_DATA_FILES is: [Ledu.csus.ecs.pc2.core.model.ProblemDataFiles; [Ledu.csus.ecs.pc2.core.model.ProblemDataFiles;@38631818
260302 224418.252|INFO|Thread-25|log|   key: JUDGEMENT_LIST is: [Ledu.csus.ecs.pc2.core.model.Judgement; [Ledu.csus.ecs.pc2.core.model.Judgement;@21477b53
260302 224418.252|INFO|Thread-25|log|   key: PROBLEM_LIST is: [Ledu.csus.ecs.pc2.core.model.Problem; [Ledu.csus.ecs.pc2.core.model.Problem;@238e9e5b
260302 224418.252|INFO|Thread-25|log|   key: GROUP_LIST is: [Ledu.csus.ecs.pc2.core.model.Group; [Ledu.csus.ecs.pc2.core.model.Group;@2fff53a1
260302 224418.252|INFO|Thread-25|log|   key: LOCAL_LOGGED_IN_USERS is: [Ledu.csus.ecs.pc2.core.model.ClientId; [Ledu.csus.ecs.pc2.core.model.ClientId;@ffc2d9e
260302 224418.253|INFO|Thread-25|log|   key: SERVER_CLOCK_OFFSET is: java.util.GregorianCalendar java.util.GregorianCalendar[time=1772484258166,areFieldsSet=true,areAllFieldsSet=false,lenient=true,zone=sun.util.calendar.ZoneInfo[id="GMT",offset=0,dstSavings=0,useDaylight=false,transitions=0,lastRule=null],firstDayOfWeek=1,minimalDaysInFirstWeek=1,ERA=1,YEAR=2026,MONTH=2,WEEK_OF_YEAR=10,WEEK_OF_MONTH=1,DAY_OF_MONTH=2,DAY_OF_YEAR=61,DAY_OF_WEEK=2,DAY_OF_WEEK_IN_MONTH=1,AM_PM=1,HOUR=8,HOUR_OF_DAY=20,MINUTE=44,SECOND=18,MILLISECOND=166,ZONE_OFFSET=0,DST_OFFSET=0]
260302 224418.253|INFO|Thread-25|log|   key: CONTEST_IDENTIFIER is: java.lang.String Default--6159007321590187439
260302 224418.253|INFO|Thread-25|log|   key: BALLOON_SETTINGS_LIST is: [Ledu.csus.ecs.pc2.core.model.BalloonSettings; [Ledu.csus.ecs.pc2.core.model.BalloonSettings;@157b42d1
260302 224418.253|INFO|Thread-25|log|   key: RUN_LIST is: [Ledu.csus.ecs.pc2.core.model.Run; [Ledu.csus.ecs.pc2.core.model.Run;@42506a63
260302 224418.253|INFO|Thread-25|log|   key: ACCOUNT_ARRAY is: [Ledu.csus.ecs.pc2.core.model.Account; [Ledu.csus.ecs.pc2.core.model.Account;@17e74bd3
260302 224521.900|INFO|Thread-23|log|connectionDropped(ConnectionHandlerID myConnectionID) 
260319 060633.207|CONFIG|qtp1890627974-42|log|Now logging to C:\Users\Shahd\git\2shahds_WCF_2026\logs directory.
260319 060633.209|INFO|qtp1890627974-42|log|
260319 060633.209|INFO|qtp1890627974-42|log|Version 9.10.0 () Java ver 21.0.8 build 7065 Windows 11 10.0 (amd64) 
260319 060633.209|INFO|qtp1890627974-42|log|Login: team1 (aka team1)
260319 060633.209|INFO|qtp1890627974-42|log|Working directory is C:\Users\Shahd\git\2shahds_WCF_2026
260319 060633.210|INFO|qtp1890627974-42|log|Process id is 41688@DESKTOP-5EPLK95
260319 060633.210|INFO|qtp1890627974-42|log|Contacting server at localhost:50002 as TEAM1 @ site 0
260319 060633.210|INFO|qtp1890627974-42|log|sendLoginRequest start - sending from TEAM1 @ site 0
260319 060633.210|INFO|qtp1890627974-42|log|Sending packet to server Packet[LOGIN_REQUEST] #4 TEAM1 @ site 0 -> SERVER0 @ site 0
260319 060633.210|INFO|Thread-32|log|packet:= edu.csus.ecs.pc2.core.transport.TransportWrapper@5dd9b9ab
260319 060633.210|INFO|qtp1890627974-42|log|Sent    packet to server Packet[LOGIN_REQUEST] #4 TEAM1 @ site 0 -> SERVER0 @ site 0
260319 060633.211|INFO|qtp1890627974-42|log|sendLoginRequest end - packet sent.
260319 060633.211|INFO|Thread-33|log|send(Serializable)
260319 060633.233|INFO|Thread-32|log|public void receive(SealedObject TransportPacket, ConnectionHandlerID connectionHandlerID)
260319 060633.242|INFO|Thread-34|log| receiveObject(S) start got Packet[LOGIN_SUCCESS] #48 SERVER0 @ site 1 -> TEAM1 @ site 1
260319 060633.242|INFO|Thread-34|log|Packet LOGIN_SUCCESS (Seq #48, o#48 ) recieveObject
260319 060633.242|INFO|Thread-34|log|  From: SERVER0 @ site 1, oSERVER0 @ site 1 (DESKTOP-5EPLK95 @ 192.168.0.1) (Contest Id: Default--8496739082754078555)
260319 060633.242|INFO|Thread-34|log|    To: TEAM1 @ site 1
260319 060633.242|INFO|Thread-34|log|   key: PROFILE_LIST is: [Ledu.csus.ecs.pc2.core.model.Profile; [Ledu.csus.ecs.pc2.core.model.Profile;@34a6dc20
260319 060633.242|INFO|Thread-34|log|   key: GENERAL_PROBLEM is: edu.csus.ecs.pc2.core.model.Problem General
260319 060633.242|INFO|Thread-34|log|   key: CLIENT_SETTINGS_LIST is: [Ledu.csus.ecs.pc2.core.model.ClientSettings; [Ledu.csus.ecs.pc2.core.model.ClientSettings;@3a6134c4
260319 060633.243|INFO|Thread-34|log|   key: CONTEST_TIME is: edu.csus.ecs.pc2.core.model.ContestTime edu.csus.ecs.pc2.core.model.ContestTime@3e5eb750
260319 060633.243|INFO|Thread-34|log|   key: CLARIFICATION_LIST is: [Ledu.csus.ecs.pc2.core.model.Clarification; [Ledu.csus.ecs.pc2.core.model.Clarification;@7b5c3eff
260319 060633.243|INFO|Thread-34|log|   key: CATEGORY_LIST is: [Ledu.csus.ecs.pc2.core.model.Category; [Ledu.csus.ecs.pc2.core.model.Category;@7999aa68
260319 060633.243|INFO|Thread-34|log|   key: LANGUAGE_LIST is: [Ledu.csus.ecs.pc2.core.model.Language; [Ledu.csus.ecs.pc2.core.model.Language;@4a6d668b
260319 060633.244|INFO|Thread-34|log|   key: REMOTE_LOGGED_IN_USERS is: [Ledu.csus.ecs.pc2.core.model.ClientId; [Ledu.csus.ecs.pc2.core.model.ClientId;@142aca1
260319 060633.244|INFO|Thread-34|log|   key: CONTEST_TIME_LIST is: [Ledu.csus.ecs.pc2.core.model.ContestTime; [Ledu.csus.ecs.pc2.core.model.ContestTime;@1b73c1b0
260319 060633.244|INFO|Thread-34|log|   key: CONNECTION_HANDLE_ID_LIST is: [Ledu.csus.ecs.pc2.core.transport.ConnectionHandlerID; [Ledu.csus.ecs.pc2.core.transport.ConnectionHandlerID;@2f8df25c
260319 060633.244|INFO|Thread-34|log|   key: PROFILE is: edu.csus.ecs.pc2.core.model.Profile Default--2865323470823757023
260319 060633.244|INFO|Thread-34|log|   key: CLIENT_ID is: edu.csus.ecs.pc2.core.model.ClientId TEAM1 @ site 1
260319 060633.244|INFO|Thread-34|log|   key: SITE_NUMBER is: java.lang.Integer 1
260319 060633.244|INFO|Thread-34|log|   key: CONTEST_INFORMATION is: edu.csus.ecs.pc2.core.model.ContestInformation edu.csus.ecs.pc2.core.model.ContestInformation@e758018
260319 060633.244|INFO|Thread-34|log|   key: SITE_LIST is: [Ledu.csus.ecs.pc2.core.model.Site; [Ledu.csus.ecs.pc2.core.model.Site;@1a4602d3
260319 060633.244|INFO|Thread-34|log|   key: PROBLEM_DATA_FILES is: [Ledu.csus.ecs.pc2.core.model.ProblemDataFiles; [Ledu.csus.ecs.pc2.core.model.ProblemDataFiles;@1f3d3e6a
260319 060633.244|INFO|Thread-34|log|   key: JUDGEMENT_LIST is: [Ledu.csus.ecs.pc2.core.model.Judgement; [Ledu.csus.ecs.pc2.core.model.Judgement;@5fe230c3
260319 060633.244|INFO|Thread-34|log|   key: PROBLEM_LIST is: [Ledu.csus.ecs.pc2.core.model.Problem; [Ledu.csus.ecs.pc2.core.model.Problem;@7d351e67
260319 060633.244|INFO|Thread-34|log|   key: GROUP_LIST is: [Ledu.csus.ecs.pc2.core.model.Group; [Ledu.csus.ecs.pc2.core.model.Group;@574fdb88
260319 060633.244|INFO|Thread-34|log|   key: LOCAL_LOGGED_IN_USERS is: [Ledu.csus.ecs.pc2.core.model.ClientId; [Ledu.csus.ecs.pc2.core.model.ClientId;@21777165
260319 060633.245|INFO|Thread-34|log|   key: SERVER_CLOCK_OFFSET is: java.util.GregorianCalendar java.util.GregorianCalendar[time=1773893193226,areFieldsSet=true,areAllFieldsSet=false,lenient=true,zone=sun.util.calendar.ZoneInfo[id="GMT",offset=0,dstSavings=0,useDaylight=false,transitions=0,lastRule=null],firstDayOfWeek=1,minimalDaysInFirstWeek=1,ERA=1,YEAR=2026,MONTH=2,WEEK_OF_YEAR=12,WEEK_OF_MONTH=3,DAY_OF_MONTH=19,DAY_OF_YEAR=78,DAY_OF_WEEK=5,DAY_OF_WEEK_IN_MONTH=3,AM_PM=0,HOUR=4,HOUR_OF_DAY=4,MINUTE=6,SECOND=33,MILLISECOND=226,ZONE_OFFSET=0,DST_OFFSET=0]
260319 060633.245|INFO|Thread-34|log|   key: CONTEST_IDENTIFIER is: java.lang.String Default--8496739082754078555
260319 060633.245|INFO|Thread-34|log|   key: BALLOON_SETTINGS_LIST is: [Ledu.csus.ecs.pc2.core.model.BalloonSettings; [Ledu.csus.ecs.pc2.core.model.BalloonSettings;@6fdd29a0
260319 060633.245|INFO|Thread-34|log|   key: RUN_LIST is: [Ledu.csus.ecs.pc2.core.model.Run; [Ledu.csus.ecs.pc2.core.model.Run;@3acec41a
260319 060633.245|INFO|Thread-34|log|   key: ACCOUNT_ARRAY is: [Ledu.csus.ecs.pc2.core.model.Account; [Ledu.csus.ecs.pc2.core.model.Account;@1374db50
260319 060633.245|INFO|Thread-34|log|handlePacket start Packet[LOGIN_SUCCESS] #48 SERVER0 @ site 1 -> TEAM1 @ site 1
260319 060633.245|INFO|Thread-34|log|Packet LOGIN_SUCCESS (Seq #48, o#48 ) handlePacket
260319 060633.245|INFO|Thread-34|log|  From: SERVER0 @ site 1, oSERVER0 @ site 1 (DESKTOP-5EPLK95 @ 192.168.0.1) (Contest Id: Default--8496739082754078555)
260319 060633.245|INFO|Thread-34|log|    To: TEAM1 @ site 1
260319 060633.245|INFO|Thread-34|log|   key: PROFILE_LIST is: [Ledu.csus.ecs.pc2.core.model.Profile; [Ledu.csus.ecs.pc2.core.model.Profile;@34a6dc20
260319 060633.245|INFO|Thread-34|log|   key: GENERAL_PROBLEM is: edu.csus.ecs.pc2.core.model.Problem General
260319 060633.245|INFO|Thread-34|log|   key: CLIENT_SETTINGS_LIST is: [Ledu.csus.ecs.pc2.core.model.ClientSettings; [Ledu.csus.ecs.pc2.core.model.ClientSettings;@3a6134c4
260319 060633.245|INFO|Thread-34|log|   key: CONTEST_TIME is: edu.csus.ecs.pc2.core.model.ContestTime edu.csus.ecs.pc2.core.model.ContestTime@3e5eb750
260319 060633.245|INFO|Thread-34|log|   key: CLARIFICATION_LIST is: [Ledu.csus.ecs.pc2.core.model.Clarification; [Ledu.csus.ecs.pc2.core.model.Clarification;@7b5c3eff
260319 060633.245|INFO|Thread-34|log|   key: CATEGORY_LIST is: [Ledu.csus.ecs.pc2.core.model.Category; [Ledu.csus.ecs.pc2.core.model.Category;@7999aa68
260319 060633.245|INFO|Thread-34|log|   key: LANGUAGE_LIST is: [Ledu.csus.ecs.pc2.core.model.Language; [Ledu.csus.ecs.pc2.core.model.Language;@4a6d668b
260319 060633.246|INFO|Thread-34|log|   key: REMOTE_LOGGED_IN_USERS is: [Ledu.csus.ecs.pc2.core.model.ClientId; [Ledu.csus.ecs.pc2.core.model.ClientId;@142aca1
260319 060633.246|INFO|Thread-34|log|   key: CONTEST_TIME_LIST is: [Ledu.csus.ecs.pc2.core.model.ContestTime; [Ledu.csus.ecs.pc2.core.model.ContestTime;@1b73c1b0
260319 060633.246|INFO|Thread-34|log|   key: CONNECTION_HANDLE_ID_LIST is: [Ledu.csus.ecs.pc2.core.transport.ConnectionHandlerID; [Ledu.csus.ecs.pc2.core.transport.ConnectionHandlerID;@2f8df25c
260319 060633.246|INFO|Thread-34|log|   key: PROFILE is: edu.csus.ecs.pc2.core.model.Profile Default--2865323470823757023
260319 060633.246|INFO|Thread-34|log|   key: CLIENT_ID is: edu.csus.ecs.pc2.core.model.ClientId TEAM1 @ site 1
260319 060633.246|INFO|Thread-34|log|   key: SITE_NUMBER is: java.lang.Integer 1
260319 060633.246|INFO|Thread-34|log|   key: CONTEST_INFORMATION is: edu.csus.ecs.pc2.core.model.ContestInformation edu.csus.ecs.pc2.core.model.ContestInformation@e758018
260319 060633.246|INFO|Thread-34|log|   key: SITE_LIST is: [Ledu.csus.ecs.pc2.core.model.Site; [Ledu.csus.ecs.pc2.core.model.Site;@1a4602d3
260319 060633.246|INFO|Thread-34|log|   key: PROBLEM_DATA_FILES is: [Ledu.csus.ecs.pc2.core.model.ProblemDataFiles; [Ledu.csus.ecs.pc2.core.model.ProblemDataFiles;@1f3d3e6a
260319 060633.246|INFO|Thread-34|log|   key: JUDGEMENT_LIST is: [Ledu.csus.ecs.pc2.core.model.Judgement; [Ledu.csus.ecs.pc2.core.model.Judgement;@5fe230c3
260319 060633.246|INFO|Thread-34|log|   key: PROBLEM_LIST is: [Ledu.csus.ecs.pc2.core.model.Problem; [Ledu.csus.ecs.pc2.core.model.Problem;@7d351e67
260319 060633.246|INFO|Thread-34|log|   key: GROUP_LIST is: [Ledu.csus.ecs.pc2.core.model.Group; [Ledu.csus.ecs.pc2.core.model.Group;@574fdb88
260319 060633.246|INFO|Thread-34|log|   key: LOCAL_LOGGED_IN_USERS is: [Ledu.csus.ecs.pc2.core.model.ClientId; [Ledu.csus.ecs.pc2.core.model.ClientId;@21777165
260319 060633.247|INFO|Thread-34|log|   key: SERVER_CLOCK_OFFSET is: java.util.GregorianCalendar java.util.GregorianCalendar[time=1773893193226,areFieldsSet=true,areAllFieldsSet=false,lenient=true,zone=sun.util.calendar.ZoneInfo[id="GMT",offset=0,dstSavings=0,useDaylight=false,transitions=0,lastRule=null],firstDayOfWeek=1,minimalDaysInFirstWeek=1,ERA=1,YEAR=2026,MONTH=2,WEEK_OF_YEAR=12,WEEK_OF_MONTH=3,DAY_OF_MONTH=19,DAY_OF_YEAR=78,DAY_OF_WEEK=5,DAY_OF_WEEK_IN_MONTH=3,AM_PM=0,HOUR=4,HOUR_OF_DAY=4,MINUTE=6,SECOND=33,MILLISECOND=226,ZONE_OFFSET=0,DST_OFFSET=0]
260319 060633.247|INFO|Thread-34|log|   key: CONTEST_IDENTIFIER is: java.lang.String Default--8496739082754078555
260319 060633.247|INFO|Thread-34|log|   key: BALLOON_SETTINGS_LIST is: [Ledu.csus.ecs.pc2.core.model.BalloonSettings; [Ledu.csus.ecs.pc2.core.model.BalloonSettings;@6fdd29a0
260319 060633.247|INFO|Thread-34|log|   key: RUN_LIST is: [Ledu.csus.ecs.pc2.core.model.Run; [Ledu.csus.ecs.pc2.core.model.Run;@3acec41a
260319 060633.247|INFO|Thread-34|log|   key: ACCOUNT_ARRAY is: [Ledu.csus.ecs.pc2.core.model.Account; [Ledu.csus.ecs.pc2.core.model.Account;@1374db50
260410 173415.399|CONFIG|qtp1607460018-24|log|Now logging to C:\Users\Lenovo\git\2shahds_WCF_2026\logs directory.
260410 173415.399|INFO|qtp1607460018-24|log|
260410 173415.399|INFO|qtp1607460018-24|log|Version 9.10.0 () Java ver 1.8.0_51 build 7065 Windows 8.1 6.3 (amd64) 
260410 173415.399|INFO|qtp1607460018-24|log|Login: team1 (aka team1)
260410 173415.399|INFO|qtp1607460018-24|log|Working directory is C:\Users\Lenovo\git\2shahds_WCF_2026
260410 173415.399|INFO|qtp1607460018-24|log|Process id is 11828@lilsaados
260410 173415.400|INFO|qtp1607460018-24|log|Contacting server at localhost:50002 as TEAM1 @ site 0
260410 173415.400|INFO|qtp1607460018-24|log|sendLoginRequest start - sending from TEAM1 @ site 0
260410 173415.400|INFO|qtp1607460018-24|log|Sending packet to server Packet[LOGIN_REQUEST] #4 TEAM1 @ site 0 -> SERVER0 @ site 0
260410 173415.400|INFO|qtp1607460018-24|log|Sent    packet to server Packet[LOGIN_REQUEST] #4 TEAM1 @ site 0 -> SERVER0 @ site 0
260410 173415.400|INFO|qtp1607460018-24|log|sendLoginRequest end - packet sent.
260410 173415.400|INFO|Thread-26|log|send(Serializable)
260410 173415.400|INFO|Thread-25|log|receiveUnencrypted Made a secret key for Socket[addr=localhost/127.0.0.1,port=50002,localport=53179]--8309421139625680237 key is com.sun.crypto.provider.DESKey@fffe7b30
260410 173415.401|INFO|Thread-25|log|Generating Unencrypted Public Key Packet
260410 173415.401|INFO|Thread-25|log|checking key:= SunJCE Diffie-Hellman Public Key:
y:
    a42e2e1e a230b07b d1ed0a47 6e92d6fa 9f573def 4af51537 96649efb 3f28e0b8
    18d88a52 9ee610e2 992b421b 84e34c98 b68779dc 5718fdd4 e297f686 fe1ce10a
    f50126dc 35fc3af9 05072602 df21ea23 fe74daf9 c5de089f 9ce306ec b005d3b6
    32c8db8b c8752988 4f0cee58 2c28d271 e73751b9 a64ff7c7 2e782d08 97c64779
p:
    f488fd58 4e49dbcd 20b49de4 9107366b 336c380d 451d0f7c 88b31c7c 5b2d8ef6
    f3c923c0 43f0a55b 188d8ebb 558cb85d 38d334fd 7c175743 a31d186c de33212c
    b52aff3c e1b12940 18118d7c 84a70a72 d686c403 19c80729 7aca950c d9969fab
    d00a509b 0246d308 3d66a45d 419f9c7c bd894b22 1926baab a25ec355 e92f78c7
g:
    02
l:
    512
260410 173415.401|INFO|Thread-25|log|packet:= edu.csus.ecs.pc2.core.transport.TransportWrapper@43e44536
260410 173415.418|INFO|Thread-25|log|public void receive(SealedObject TransportPacket, ConnectionHandlerID connectionHandlerID)
260410 173415.426|INFO|Thread-27|log| receiveObject(S) start got Packet[LOGIN_SUCCESS] #88 SERVER0 @ site 1 -> TEAM1 @ site 1
260410 173415.427|INFO|Thread-27|log|Packet LOGIN_SUCCESS (Seq #88, o#88 ) recieveObject
260410 173415.427|INFO|Thread-27|log|  From: SERVER0 @ site 1, oSERVER0 @ site 1 (lilsaados @ 169.254.83.107) (Contest Id: Default--8030075252927918473)
260410 173415.427|INFO|Thread-27|log|    To: TEAM1 @ site 1
260410 173415.427|INFO|Thread-27|log|   key: ACCOUNT_ARRAY is: [Ledu.csus.ecs.pc2.core.model.Account; [Ledu.csus.ecs.pc2.core.model.Account;@316f4b7e
260410 173415.427|INFO|Thread-27|log|   key: GENERAL_PROBLEM is: edu.csus.ecs.pc2.core.model.Problem General
260410 173415.427|INFO|Thread-27|log|   key: SERVER_CLOCK_OFFSET is: java.util.GregorianCalendar java.util.GregorianCalendar[time=1775835255414,areFieldsSet=true,areAllFieldsSet=false,lenient=true,zone=sun.util.calendar.ZoneInfo[id="GMT",offset=0,dstSavings=0,useDaylight=false,transitions=0,lastRule=null],firstDayOfWeek=1,minimalDaysInFirstWeek=1,ERA=1,YEAR=2026,MONTH=3,WEEK_OF_YEAR=15,WEEK_OF_MONTH=2,DAY_OF_MONTH=10,DAY_OF_YEAR=100,DAY_OF_WEEK=6,DAY_OF_WEEK_IN_MONTH=2,AM_PM=1,HOUR=3,HOUR_OF_DAY=15,MINUTE=34,SECOND=15,MILLISECOND=414,ZONE_OFFSET=0,DST_OFFSET=0]
260410 173415.427|INFO|Thread-27|log|   key: JUDGEMENT_LIST is: [Ledu.csus.ecs.pc2.core.model.Judgement; [Ledu.csus.ecs.pc2.core.model.Judgement;@3fa8b323
260410 173415.427|INFO|Thread-27|log|   key: PROBLEM_DATA_FILES is: [Ledu.csus.ecs.pc2.core.model.ProblemDataFiles; [Ledu.csus.ecs.pc2.core.model.ProblemDataFiles;@3b97200e
260410 173415.428|INFO|Thread-27|log|   key: LANGUAGE_LIST is: [Ledu.csus.ecs.pc2.core.model.Language; [Ledu.csus.ecs.pc2.core.model.Language;@7e95b918
260410 173415.428|INFO|Thread-27|log|   key: PROFILE is: edu.csus.ecs.pc2.core.model.Profile Default-917756220166097124
260410 173415.428|INFO|Thread-27|log|   key: BALLOON_SETTINGS_LIST is: [Ledu.csus.ecs.pc2.core.model.BalloonSettings; [Ledu.csus.ecs.pc2.core.model.BalloonSettings;@35ea290f
260410 173415.428|INFO|Thread-27|log|   key: REMOTE_LOGGED_IN_USERS is: [Ledu.csus.ecs.pc2.core.model.ClientId; [Ledu.csus.ecs.pc2.core.model.ClientId;@4f21a53a
260410 173415.428|INFO|Thread-27|log|   key: CLARIFICATION_LIST is: [Ledu.csus.ecs.pc2.core.model.Clarification; [Ledu.csus.ecs.pc2.core.model.Clarification;@4db46b80
260410 173415.428|INFO|Thread-27|log|   key: CONTEST_IDENTIFIER is: java.lang.String Default--8030075252927918473
260410 173415.428|INFO|Thread-27|log|   key: PROBLEM_LIST is: [Ledu.csus.ecs.pc2.core.model.Problem; [Ledu.csus.ecs.pc2.core.model.Problem;@1eba4657
260410 173415.428|INFO|Thread-27|log|   key: SITE_NUMBER is: java.lang.Integer 1
260410 173415.428|INFO|Thread-27|log|   key: CATEGORY_LIST is: [Ledu.csus.ecs.pc2.core.model.Category; [Ledu.csus.ecs.pc2.core.model.Category;@7afcb6de
260410 173415.428|INFO|Thread-27|log|   key: CLIENT_SETTINGS_LIST is: [Ledu.csus.ecs.pc2.core.model.ClientSettings; [Ledu.csus.ecs.pc2.core.model.ClientSettings;@38b6d4ce
260410 173415.428|INFO|Thread-27|log|   key: LOCAL_LOGGED_IN_USERS is: [Ledu.csus.ecs.pc2.core.model.ClientId; [Ledu.csus.ecs.pc2.core.model.ClientId;@56b04033
260410 173415.428|INFO|Thread-27|log|   key: CLIENT_ID is: edu.csus.ecs.pc2.core.model.ClientId TEAM1 @ site 1
260410 173415.428|INFO|Thread-27|log|   key: GROUP_LIST is: [Ledu.csus.ecs.pc2.core.model.Group; [Ledu.csus.ecs.pc2.core.model.Group;@1af43c4c
260410 173415.428|INFO|Thread-27|log|   key: CONNECTION_HANDLE_ID_LIST is: [Ledu.csus.ecs.pc2.core.transport.ConnectionHandlerID; [Ledu.csus.ecs.pc2.core.transport.ConnectionHandlerID;@5a1238a
260410 173415.428|INFO|Thread-27|log|   key: CONTEST_TIME is: edu.csus.ecs.pc2.core.model.ContestTime edu.csus.ecs.pc2.core.model.ContestTime@bbf8754
260410 173415.428|INFO|Thread-27|log|   key: PROFILE_LIST is: [Ledu.csus.ecs.pc2.core.model.Profile; [Ledu.csus.ecs.pc2.core.model.Profile;@5fdaffc8
260410 173415.428|INFO|Thread-27|log|   key: CONTEST_TIME_LIST is: [Ledu.csus.ecs.pc2.core.model.ContestTime; [Ledu.csus.ecs.pc2.core.model.ContestTime;@64f7be23
260410 173415.428|INFO|Thread-27|log|   key: CONTEST_INFORMATION is: edu.csus.ecs.pc2.core.model.ContestInformation edu.csus.ecs.pc2.core.model.ContestInformation@68c67c44
260410 173415.429|INFO|Thread-27|log|   key: SITE_LIST is: [Ledu.csus.ecs.pc2.core.model.Site; [Ledu.csus.ecs.pc2.core.model.Site;@1f34c32f
260410 173415.429|INFO|Thread-27|log|   key: RUN_LIST is: [Ledu.csus.ecs.pc2.core.model.Run; [Ledu.csus.ecs.pc2.core.model.Run;@17984bbe
260410 173415.429|INFO|Thread-27|log|handlePacket start Packet[LOGIN_SUCCESS] #88 SERVER0 @ site 1 -> TEAM1 @ site 1
260410 173415.429|INFO|Thread-27|log|Packet LOGIN_SUCCESS (Seq #88, o#88 ) handlePacket
260410 173415.429|INFO|Thread-27|log|  From: SERVER0 @ site 1, oSERVER0 @ site 1 (lilsaados @ 169.254.83.107) (Contest Id: Default--8030075252927918473)
260410 173415.429|INFO|Thread-27|log|    To: TEAM1 @ site 1
260410 173415.429|INFO|Thread-27|log|   key: ACCOUNT_ARRAY is: [Ledu.csus.ecs.pc2.core.model.Account; [Ledu.csus.ecs.pc2.core.model.Account;@316f4b7e
260410 173415.429|INFO|Thread-27|log|   key: GENERAL_PROBLEM is: edu.csus.ecs.pc2.core.model.Problem General
260410 173415.429|INFO|Thread-27|log|   key: SERVER_CLOCK_OFFSET is: java.util.GregorianCalendar java.util.GregorianCalendar[time=1775835255414,areFieldsSet=true,areAllFieldsSet=false,lenient=true,zone=sun.util.calendar.ZoneInfo[id="GMT",offset=0,dstSavings=0,useDaylight=false,transitions=0,lastRule=null],firstDayOfWeek=1,minimalDaysInFirstWeek=1,ERA=1,YEAR=2026,MONTH=3,WEEK_OF_YEAR=15,WEEK_OF_MONTH=2,DAY_OF_MONTH=10,DAY_OF_YEAR=100,DAY_OF_WEEK=6,DAY_OF_WEEK_IN_MONTH=2,AM_PM=1,HOUR=3,HOUR_OF_DAY=15,MINUTE=34,SECOND=15,MILLISECOND=414,ZONE_OFFSET=0,DST_OFFSET=0]
260410 173415.429|INFO|Thread-27|log|   key: JUDGEMENT_LIST is: [Ledu.csus.ecs.pc2.core.model.Judgement; [Ledu.csus.ecs.pc2.core.model.Judgement;@3fa8b323
260410 173415.429|INFO|Thread-27|log|   key: PROBLEM_DATA_FILES is: [Ledu.csus.ecs.pc2.core.model.ProblemDataFiles; [Ledu.csus.ecs.pc2.core.model.ProblemDataFiles;@3b97200e
260410 173415.429|INFO|Thread-27|log|   key: LANGUAGE_LIST is: [Ledu.csus.ecs.pc2.core.model.Language; [Ledu.csus.ecs.pc2.core.model.Language;@7e95b918
260410 173415.429|INFO|Thread-27|log|   key: PROFILE is: edu.csus.ecs.pc2.core.model.Profile Default-917756220166097124
260410 173415.430|INFO|Thread-27|log|   key: BALLOON_SETTINGS_LIST is: [Ledu.csus.ecs.pc2.core.model.BalloonSettings; [Ledu.csus.ecs.pc2.core.model.BalloonSettings;@35ea290f
260410 173415.430|INFO|Thread-27|log|   key: REMOTE_LOGGED_IN_USERS is: [Ledu.csus.ecs.pc2.core.model.ClientId; [Ledu.csus.ecs.pc2.core.model.ClientId;@4f21a53a
260410 173415.430|INFO|Thread-27|log|   key: CLARIFICATION_LIST is: [Ledu.csus.ecs.pc2.core.model.Clarification; [Ledu.csus.ecs.pc2.core.model.Clarification;@4db46b80
260410 173415.430|INFO|Thread-27|log|   key: CONTEST_IDENTIFIER is: java.lang.String Default--8030075252927918473
260410 173415.430|INFO|Thread-27|log|   key: PROBLEM_LIST is: [Ledu.csus.ecs.pc2.core.model.Problem; [Ledu.csus.ecs.pc2.core.model.Problem;@1eba4657
260410 173415.430|INFO|Thread-27|log|   key: SITE_NUMBER is: java.lang.Integer 1
260410 173415.430|INFO|Thread-27|log|   key: CATEGORY_LIST is: [Ledu.csus.ecs.pc2.core.model.Category; [Ledu.csus.ecs.pc2.core.model.Category;@7afcb6de
260410 173415.430|INFO|Thread-27|log|   key: CLIENT_SETTINGS_LIST is: [Ledu.csus.ecs.pc2.core.model.ClientSettings; [Ledu.csus.ecs.pc2.core.model.ClientSettings;@38b6d4ce
260410 173415.430|INFO|Thread-27|log|   key: LOCAL_LOGGED_IN_USERS is: [Ledu.csus.ecs.pc2.core.model.ClientId; [Ledu.csus.ecs.pc2.core.model.ClientId;@56b04033
260410 173415.430|INFO|Thread-27|log|   key: CLIENT_ID is: edu.csus.ecs.pc2.core.model.ClientId TEAM1 @ site 1
260410 173415.430|INFO|Thread-27|log|   key: GROUP_LIST is: [Ledu.csus.ecs.pc2.core.model.Group; [Ledu.csus.ecs.pc2.core.model.Group;@1af43c4c
260410 173415.431|INFO|Thread-27|log|   key: CONNECTION_HANDLE_ID_LIST is: [Ledu.csus.ecs.pc2.core.transport.ConnectionHandlerID; [Ledu.csus.ecs.pc2.core.transport.ConnectionHandlerID;@5a1238a
260410 173415.431|INFO|Thread-27|log|   key: CONTEST_TIME is: edu.csus.ecs.pc2.core.model.ContestTime edu.csus.ecs.pc2.core.model.ContestTime@bbf8754
260410 173415.431|INFO|Thread-27|log|   key: PROFILE_LIST is: [Ledu.csus.ecs.pc2.core.model.Profile; [Ledu.csus.ecs.pc2.core.model.Profile;@5fdaffc8
260410 173415.431|INFO|Thread-27|log|   key: CONTEST_TIME_LIST is: [Ledu.csus.ecs.pc2.core.model.ContestTime; [Ledu.csus.ecs.pc2.core.model.ContestTime;@64f7be23
260410 173415.431|INFO|Thread-27|log|   key: CONTEST_INFORMATION is: edu.csus.ecs.pc2.core.model.ContestInformation edu.csus.ecs.pc2.core.model.ContestInformation@68c67c44
260410 173415.431|INFO|Thread-27|log|   key: SITE_LIST is: [Ledu.csus.ecs.pc2.core.model.Site; [Ledu.csus.ecs.pc2.core.model.Site;@1f34c32f
260410 173415.431|INFO|Thread-27|log|   key: RUN_LIST is: [Ledu.csus.ecs.pc2.core.model.Run; [Ledu.csus.ecs.pc2.core.model.Run;@17984bbe
260410 173445.510|INFO|Thread-25|log|connectionDropped(ConnectionHandlerID myConnectionID) 
260410 222921.129|CONFIG|qtp1607460018-21|log|Now logging to C:\Users\Lenovo\git\2shahds_WCF_2026\logs directory.
260410 222921.129|INFO|qtp1607460018-21|log|
260410 222921.130|INFO|qtp1607460018-21|log|Version 9.10.0 () Java ver 1.8.0_51 build 7065 Windows 8.1 6.3 (amd64) 
260410 222921.130|INFO|qtp1607460018-21|log|Login: team1 (aka team1)
260410 222921.130|INFO|qtp1607460018-21|log|Working directory is C:\Users\Lenovo\git\2shahds_WCF_2026
260410 222921.133|INFO|qtp1607460018-21|log|Process id is 23628@lilsaados
260410 222921.133|INFO|qtp1607460018-21|log|Contacting server at localhost:50002 as TEAM1 @ site 0
260410 222921.134|INFO|qtp1607460018-21|log|sendLoginRequest start - sending from TEAM1 @ site 0
260410 222921.134|INFO|qtp1607460018-21|log|Sending packet to server Packet[LOGIN_REQUEST] #4 TEAM1 @ site 0 -> SERVER0 @ site 0
260410 222921.135|INFO|Thread-25|log|receiveUnencrypted Made a secret key for Socket[addr=localhost/127.0.0.1,port=50002,localport=62282]-2312671746682960761 key is com.sun.crypto.provider.DESKey@fffe7d7b
260410 222921.136|INFO|Thread-26|log|send(Serializable)
260410 222921.136|INFO|qtp1607460018-21|log|Sent    packet to server Packet[LOGIN_REQUEST] #4 TEAM1 @ site 0 -> SERVER0 @ site 0
260410 222921.136|INFO|Thread-25|log|Generating Unencrypted Public Key Packet
260410 222921.137|INFO|qtp1607460018-21|log|sendLoginRequest end - packet sent.
260410 222921.138|INFO|Thread-25|log|checking key:= SunJCE Diffie-Hellman Public Key:
y:
    a33e5c58 08bd86e8 d86be23a fb9a2531 ed3f4113 c820442e f249bbca d210dfe1
    ad942df0 9112b461 55fa7896 25d62596 8db93da2 ee0c30fb 286d45fb 4d7302a8
    69b2b8fa 6fb9c37d 0ab7aa08 f3868070 f3c9adba 80728f7e 9b5645e0 5ac61008
    56c75748 e6b35019 0b43f2fe 481e2b06 4b1802af becba431 d2b32f4e f2c68c2f
p:
    f488fd58 4e49dbcd 20b49de4 9107366b 336c380d 451d0f7c 88b31c7c 5b2d8ef6
    f3c923c0 43f0a55b 188d8ebb 558cb85d 38d334fd 7c175743 a31d186c de33212c
    b52aff3c e1b12940 18118d7c 84a70a72 d686c403 19c80729 7aca950c d9969fab
    d00a509b 0246d308 3d66a45d 419f9c7c bd894b22 1926baab a25ec355 e92f78c7
g:
    02
l:
    512
260410 222921.138|INFO|Thread-25|log|packet:= edu.csus.ecs.pc2.core.transport.TransportWrapper@3b0b8982
260410 222921.151|INFO|Thread-25|log|public void receive(SealedObject TransportPacket, ConnectionHandlerID connectionHandlerID)
260410 222921.153|INFO|Thread-27|log| receiveObject(S) start got Packet[LOGIN_FAILED] #66 SERVER0 @ site 1 -> TEAM1 @ site 0
260410 222921.153|INFO|Thread-27|log|Packet LOGIN_FAILED (Seq #66, o#66 ) recieveObject
260410 222921.153|INFO|Thread-27|log|  From: SERVER0 @ site 1, oSERVER0 @ site 1 (lilsaados @ 169.254.83.107) (Contest Id: Default--8030075252927918473)
260410 222921.153|INFO|Thread-27|log|    To: TEAM1 @ site 0
260410 222921.153|INFO|Thread-27|log|   key: MESSAGE_STRING is: java.lang.String Invalid password
260410 222921.153|INFO|Thread-27|log|handlePacket start Packet[LOGIN_FAILED] #66 SERVER0 @ site 1 -> TEAM1 @ site 0
260410 222921.153|INFO|Thread-27|log|Packet LOGIN_FAILED (Seq #66, o#66 ) handlePacket
260410 222921.154|INFO|Thread-27|log|  From: SERVER0 @ site 1, oSERVER0 @ site 1 (lilsaados @ 169.254.83.107) (Contest Id: Default--8030075252927918473)
260410 222921.154|INFO|Thread-27|log|    To: TEAM1 @ site 0
260410 222921.154|INFO|Thread-27|log|   key: MESSAGE_STRING is: java.lang.String Invalid password
260410 222921.154|INFO|Thread-27|log| receiveObject(S) end   got Packet[LOGIN_FAILED] #66 SERVER0 @ site 1 -> TEAM1 @ site 0
