260410 173526.627|CONFIG|qtp1607460018-24|log|Now logging to C:\Users\Lenovo\git\2shahds_WCF_2026\logs directory.
260410 173526.628|INFO|qtp1607460018-24|log|
260410 173526.628|INFO|qtp1607460018-24|log|Version 9.10.0 () Java ver 1.8.0_51 build 7065 Windows 8.1 6.3 (amd64) 
260410 173526.628|INFO|qtp1607460018-24|log|Login: team1 (aka team1)
260410 173526.628|INFO|qtp1607460018-24|log|Working directory is C:\Users\Lenovo\git\2shahds_WCF_2026
260410 173526.628|INFO|qtp1607460018-24|log|Process id is 11828@lilsaados
260410 173526.628|INFO|qtp1607460018-24|log|Contacting server at localhost:50002 as TEAM1 @ site 0
260410 173526.628|INFO|qtp1607460018-24|log|sendLoginRequest start - sending from TEAM1 @ site 0
260410 173526.629|INFO|qtp1607460018-24|log|Sending packet to server Packet[LOGIN_REQUEST] #8 TEAM1 @ site 0 -> SERVER0 @ site 0
260410 173526.629|INFO|qtp1607460018-24|log|Sent    packet to server Packet[LOGIN_REQUEST] #8 TEAM1 @ site 0 -> SERVER0 @ site 0
260410 173526.629|INFO|qtp1607460018-24|log|sendLoginRequest end - packet sent.
260410 173526.629|INFO|Thread-42|log|send(Serializable)
260410 173526.630|INFO|Thread-41|log|receiveUnencrypted(TransportWrapper, ConnectionHandlerID=Socket[addr=localhost/127.0.0.1,port=50002,localport=53188]-4802135507629600861)
260410 173526.632|INFO|Thread-41|log|receiveUnencrypted Made a secret key for Socket[addr=localhost/127.0.0.1,port=50002,localport=53188]-4802135507629600861 key is com.sun.crypto.provider.DESKey@183bc
260410 173526.632|INFO|Thread-41|log|Generating Unencrypted Public Key Packet
260410 173526.633|INFO|Thread-41|log|checking key:= SunJCE Diffie-Hellman Public Key:
y:
    4e70df35 101eb0cc 94c63b59 fff0e48c c18defa9 4734701b b382212c e262b8f5
    9253d284 f7fcbb7c 74395868 ba177247 540bb230 4272a4eb d0042534 41380654
    4eb9dc59 cff9bb20 a75fd91b 31c49f98 00c28f34 1bb48928 1d101494 5311d305
    d1cf3c90 74effb14 0d01cd5f a7e6fac5 aa4421a0 02189b90 983f5f63 f8dd21ad
p:
    f488fd58 4e49dbcd 20b49de4 9107366b 336c380d 451d0f7c 88b31c7c 5b2d8ef6
    f3c923c0 43f0a55b 188d8ebb 558cb85d 38d334fd 7c175743 a31d186c de33212c
    b52aff3c e1b12940 18118d7c 84a70a72 d686c403 19c80729 7aca950c d9969fab
    d00a509b 0246d308 3d66a45d 419f9c7c bd894b22 1926baab a25ec355 e92f78c7
g:
    02
l:
    512
260410 173526.633|INFO|Thread-41|log|packet:= edu.csus.ecs.pc2.core.transport.TransportWrapper@ce4cbd3
260410 173526.668|INFO|Thread-41|log|public void receive(SealedObject TransportPacket, ConnectionHandlerID connectionHandlerID)
260410 173526.674|INFO|Thread-43|log| receiveObject(S) start got Packet[LOGIN_SUCCESS] #104 SERVER0 @ site 1 -> TEAM1 @ site 1
260410 173526.674|INFO|Thread-43|log|Packet LOGIN_SUCCESS (Seq #104, o#104 ) recieveObject
260410 173526.674|INFO|Thread-43|log|  From: SERVER0 @ site 1, oSERVER0 @ site 1 (lilsaados @ 169.254.83.107) (Contest Id: Default--8030075252927918473)
260410 173526.674|INFO|Thread-43|log|    To: TEAM1 @ site 1
260410 173526.674|INFO|Thread-43|log|   key: ACCOUNT_ARRAY is: [Ledu.csus.ecs.pc2.core.model.Account; [Ledu.csus.ecs.pc2.core.model.Account;@304e2072
260410 173526.674|INFO|Thread-43|log|   key: GENERAL_PROBLEM is: edu.csus.ecs.pc2.core.model.Problem General
260410 173526.674|INFO|Thread-43|log|   key: SERVER_CLOCK_OFFSET is: java.util.GregorianCalendar java.util.GregorianCalendar[time=1775835326651,areFieldsSet=true,areAllFieldsSet=false,lenient=true,zone=sun.util.calendar.ZoneInfo[id="GMT",offset=0,dstSavings=0,useDaylight=false,transitions=0,lastRule=null],firstDayOfWeek=1,minimalDaysInFirstWeek=1,ERA=1,YEAR=2026,MONTH=3,WEEK_OF_YEAR=15,WEEK_OF_MONTH=2,DAY_OF_MONTH=10,DAY_OF_YEAR=100,DAY_OF_WEEK=6,DAY_OF_WEEK_IN_MONTH=2,AM_PM=1,HOUR=3,HOUR_OF_DAY=15,MINUTE=35,SECOND=26,MILLISECOND=651,ZONE_OFFSET=0,DST_OFFSET=0]
260410 173526.674|INFO|Thread-43|log|   key: JUDGEMENT_LIST is: [Ledu.csus.ecs.pc2.core.model.Judgement; [Ledu.csus.ecs.pc2.core.model.Judgement;@3e89c80b
260410 173526.674|INFO|Thread-43|log|   key: PROBLEM_DATA_FILES is: [Ledu.csus.ecs.pc2.core.model.ProblemDataFiles; [Ledu.csus.ecs.pc2.core.model.ProblemDataFiles;@3ab64b02
260410 173526.676|INFO|Thread-43|log|   key: LANGUAGE_LIST is: [Ledu.csus.ecs.pc2.core.model.Language; [Ledu.csus.ecs.pc2.core.model.Language;@7fb4c230
260410 173526.676|INFO|Thread-43|log|   key: PROFILE is: edu.csus.ecs.pc2.core.model.Profile Default-917756220166097124
260410 173526.676|INFO|Thread-43|log|   key: BALLOON_SETTINGS_LIST is: [Ledu.csus.ecs.pc2.core.model.BalloonSettings; [Ledu.csus.ecs.pc2.core.model.BalloonSettings;@3e383004
260410 173526.676|INFO|Thread-43|log|   key: REMOTE_LOGGED_IN_USERS is: [Ledu.csus.ecs.pc2.core.model.ClientId; [Ledu.csus.ecs.pc2.core.model.ClientId;@4e817e58
260410 173526.676|INFO|Thread-43|log|   key: CLARIFICATION_LIST is: [Ledu.csus.ecs.pc2.core.model.Clarification; [Ledu.csus.ecs.pc2.core.model.Clarification;@46e7d2d1
260410 173526.676|INFO|Thread-43|log|   key: CONTEST_IDENTIFIER is: java.lang.String Default--8030075252927918473
260410 173526.676|INFO|Thread-43|log|   key: PROBLEM_LIST is: [Ledu.csus.ecs.pc2.core.model.Problem; [Ledu.csus.ecs.pc2.core.model.Problem;@1f9b3d7f
260410 173526.676|INFO|Thread-43|log|   key: SITE_NUMBER is: java.lang.Integer 1
260410 173526.676|INFO|Thread-43|log|   key: CATEGORY_LIST is: [Ledu.csus.ecs.pc2.core.model.Category; [Ledu.csus.ecs.pc2.core.model.Category;@605c8698
260410 173526.676|INFO|Thread-43|log|   key: CLIENT_SETTINGS_LIST is: [Ledu.csus.ecs.pc2.core.model.ClientSettings; [Ledu.csus.ecs.pc2.core.model.ClientSettings;@25ea5775
260410 173526.676|INFO|Thread-43|log|   key: LOCAL_LOGGED_IN_USERS is: [Ledu.csus.ecs.pc2.core.model.ClientId; [Ledu.csus.ecs.pc2.core.model.ClientId;@5de37843
260410 173526.676|INFO|Thread-43|log|   key: CLIENT_ID is: edu.csus.ecs.pc2.core.model.ClientId TEAM1 @ site 1
260410 173526.676|INFO|Thread-43|log|   key: GROUP_LIST is: [Ledu.csus.ecs.pc2.core.model.Group; [Ledu.csus.ecs.pc2.core.model.Group;@1bd5c645
260410 173526.676|INFO|Thread-43|log|   key: CONNECTION_HANDLE_ID_LIST is: [Ledu.csus.ecs.pc2.core.transport.ConnectionHandlerID; [Ledu.csus.ecs.pc2.core.transport.ConnectionHandlerID;@1fb9ebe1
260410 173526.676|INFO|Thread-43|log|   key: CONTEST_TIME is: edu.csus.ecs.pc2.core.model.ContestTime edu.csus.ecs.pc2.core.model.ContestTime@689f469c
260410 173526.676|INFO|Thread-43|log|   key: PROFILE_LIST is: [Ledu.csus.ecs.pc2.core.model.Profile; [Ledu.csus.ecs.pc2.core.model.Profile;@2ef80aac
260410 173526.676|INFO|Thread-43|log|   key: CONTEST_TIME_LIST is: [Ledu.csus.ecs.pc2.core.model.ContestTime; [Ledu.csus.ecs.pc2.core.model.ContestTime;@1baa06d8
260410 173526.676|INFO|Thread-43|log|   key: CONTEST_INFORMATION is: edu.csus.ecs.pc2.core.model.ContestInformation edu.csus.ecs.pc2.core.model.ContestInformation@4b9c10af
260410 173526.676|INFO|Thread-43|log|   key: SITE_LIST is: [Ledu.csus.ecs.pc2.core.model.Site; [Ledu.csus.ecs.pc2.core.model.Site;@59a514e6
260410 173526.676|INFO|Thread-43|log|   key: RUN_LIST is: [Ledu.csus.ecs.pc2.core.model.Run; [Ledu.csus.ecs.pc2.core.model.Run;@37e6c814
260410 173526.676|INFO|Thread-43|log|handlePacket start Packet[LOGIN_SUCCESS] #104 SERVER0 @ site 1 -> TEAM1 @ site 1
260410 173526.676|INFO|Thread-43|log|Packet LOGIN_SUCCESS (Seq #104, o#104 ) handlePacket
260410 173526.677|INFO|Thread-43|log|  From: SERVER0 @ site 1, oSERVER0 @ site 1 (lilsaados @ 169.254.83.107) (Contest Id: Default--8030075252927918473)
260410 173526.677|INFO|Thread-43|log|    To: TEAM1 @ site 1
260410 173526.677|INFO|Thread-43|log|   key: ACCOUNT_ARRAY is: [Ledu.csus.ecs.pc2.core.model.Account; [Ledu.csus.ecs.pc2.core.model.Account;@304e2072
260410 173526.677|INFO|Thread-43|log|   key: GENERAL_PROBLEM is: edu.csus.ecs.pc2.core.model.Problem General
260410 173526.677|INFO|Thread-43|log|   key: SERVER_CLOCK_OFFSET is: java.util.GregorianCalendar java.util.GregorianCalendar[time=1775835326651,areFieldsSet=true,areAllFieldsSet=false,lenient=true,zone=sun.util.calendar.ZoneInfo[id="GMT",offset=0,dstSavings=0,useDaylight=false,transitions=0,lastRule=null],firstDayOfWeek=1,minimalDaysInFirstWeek=1,ERA=1,YEAR=2026,MONTH=3,WEEK_OF_YEAR=15,WEEK_OF_MONTH=2,DAY_OF_MONTH=10,DAY_OF_YEAR=100,DAY_OF_WEEK=6,DAY_OF_WEEK_IN_MONTH=2,AM_PM=1,HOUR=3,HOUR_OF_DAY=15,MINUTE=35,SECOND=26,MILLISECOND=651,ZONE_OFFSET=0,DST_OFFSET=0]
260410 173526.677|INFO|Thread-43|log|   key: JUDGEMENT_LIST is: [Ledu.csus.ecs.pc2.core.model.Judgement; [Ledu.csus.ecs.pc2.core.model.Judgement;@3e89c80b
260410 173526.677|INFO|Thread-43|log|   key: PROBLEM_DATA_FILES is: [Ledu.csus.ecs.pc2.core.model.ProblemDataFiles; [Ledu.csus.ecs.pc2.core.model.ProblemDataFiles;@3ab64b02
260410 173526.677|INFO|Thread-43|log|   key: LANGUAGE_LIST is: [Ledu.csus.ecs.pc2.core.model.Language; [Ledu.csus.ecs.pc2.core.model.Language;@7fb4c230
260410 173526.677|INFO|Thread-43|log|   key: PROFILE is: edu.csus.ecs.pc2.core.model.Profile Default-917756220166097124
260410 173526.677|INFO|Thread-43|log|   key: BALLOON_SETTINGS_LIST is: [Ledu.csus.ecs.pc2.core.model.BalloonSettings; [Ledu.csus.ecs.pc2.core.model.BalloonSettings;@3e383004
260410 173526.677|INFO|Thread-43|log|   key: REMOTE_LOGGED_IN_USERS is: [Ledu.csus.ecs.pc2.core.model.ClientId; [Ledu.csus.ecs.pc2.core.model.ClientId;@4e817e58
260410 173526.677|INFO|Thread-43|log|   key: CLARIFICATION_LIST is: [Ledu.csus.ecs.pc2.core.model.Clarification; [Ledu.csus.ecs.pc2.core.model.Clarification;@46e7d2d1
260410 173526.677|INFO|Thread-43|log|   key: CONTEST_IDENTIFIER is: java.lang.String Default--8030075252927918473
260410 173526.677|INFO|Thread-43|log|   key: PROBLEM_LIST is: [Ledu.csus.ecs.pc2.core.model.Problem; [Ledu.csus.ecs.pc2.core.model.Problem;@1f9b3d7f
260410 173526.677|INFO|Thread-43|log|   key: SITE_NUMBER is: java.lang.Integer 1
260410 173526.677|INFO|Thread-43|log|   key: CATEGORY_LIST is: [Ledu.csus.ecs.pc2.core.model.Category; [Ledu.csus.ecs.pc2.core.model.Category;@605c8698
260410 173526.677|INFO|Thread-43|log|   key: CLIENT_SETTINGS_LIST is: [Ledu.csus.ecs.pc2.core.model.ClientSettings; [Ledu.csus.ecs.pc2.core.model.ClientSettings;@25ea5775
260410 173526.677|INFO|Thread-43|log|   key: LOCAL_LOGGED_IN_USERS is: [Ledu.csus.ecs.pc2.core.model.ClientId; [Ledu.csus.ecs.pc2.core.model.ClientId;@5de37843
260410 173526.677|INFO|Thread-43|log|   key: CLIENT_ID is: edu.csus.ecs.pc2.core.model.ClientId TEAM1 @ site 1
260410 173526.677|INFO|Thread-43|log|   key: GROUP_LIST is: [Ledu.csus.ecs.pc2.core.model.Group; [Ledu.csus.ecs.pc2.core.model.Group;@1bd5c645
260410 173526.677|INFO|Thread-43|log|   key: CONNECTION_HANDLE_ID_LIST is: [Ledu.csus.ecs.pc2.core.transport.ConnectionHandlerID; [Ledu.csus.ecs.pc2.core.transport.ConnectionHandlerID;@1fb9ebe1
260410 173526.677|INFO|Thread-43|log|   key: CONTEST_TIME is: edu.csus.ecs.pc2.core.model.ContestTime edu.csus.ecs.pc2.core.model.ContestTime@689f469c
260410 173526.677|INFO|Thread-43|log|   key: PROFILE_LIST is: [Ledu.csus.ecs.pc2.core.model.Profile; [Ledu.csus.ecs.pc2.core.model.Profile;@2ef80aac
260410 173526.677|INFO|Thread-43|log|   key: CONTEST_TIME_LIST is: [Ledu.csus.ecs.pc2.core.model.ContestTime; [Ledu.csus.ecs.pc2.core.model.ContestTime;@1baa06d8
260410 173526.677|INFO|Thread-43|log|   key: CONTEST_INFORMATION is: edu.csus.ecs.pc2.core.model.ContestInformation edu.csus.ecs.pc2.core.model.ContestInformation@4b9c10af
260410 173526.677|INFO|Thread-43|log|   key: SITE_LIST is: [Ledu.csus.ecs.pc2.core.model.Site; [Ledu.csus.ecs.pc2.core.model.Site;@59a514e6
260410 173526.677|INFO|Thread-43|log|   key: RUN_LIST is: [Ledu.csus.ecs.pc2.core.model.Run; [Ledu.csus.ecs.pc2.core.model.Run;@37e6c814
