260319 004653.367|CONFIG|qtp997608398-11|log|Now logging to C:\Users\Lenovo\git\WCF_New_Update\WCF_2026\2shahds_WCF_2026\logs directory.
260319 004653.368|INFO|qtp997608398-11|log|
260319 004653.368|INFO|qtp997608398-11|log|Version 9.10.0 () Java ver 1.8.0_51 build 7065 Windows 8.1 6.3 (amd64) 
260319 004653.368|INFO|qtp997608398-11|log|Login: team1 (aka team1)
260319 004653.368|INFO|qtp997608398-11|log|Working directory is C:\Users\Lenovo\git\WCF_New_Update\WCF_2026\2shahds_WCF_2026
260319 004653.368|INFO|qtp997608398-11|log|Process id is 27160@lilsaados
260319 004653.368|INFO|qtp997608398-11|log|Contacting server at localhost:50002 as TEAM1 @ site 0
260319 004653.369|INFO|qtp997608398-11|log|sendLoginRequest start - sending from TEAM1 @ site 0
260319 004653.369|INFO|qtp997608398-11|log|Sending packet to server Packet[LOGIN_REQUEST] #15 TEAM1 @ site 0 -> SERVER0 @ site 0
260319 004653.369|INFO|qtp997608398-11|log|Sent    packet to server Packet[LOGIN_REQUEST] #15 TEAM1 @ site 0 -> SERVER0 @ site 0
260319 004653.369|INFO|Thread-84|log|send(Serializable)
260319 004653.369|INFO|Thread-83|log|receiveUnencrypted(TransportWrapper, ConnectionHandlerID=Socket[addr=localhost/127.0.0.1,port=50002,localport=55508]-8609598055186023790)
260319 004653.369|INFO|qtp997608398-11|log|sendLoginRequest end - packet sent.
260319 004653.372|INFO|Thread-83|log|receiveUnencrypted Made a secret key for Socket[addr=localhost/127.0.0.1,port=50002,localport=55508]-8609598055186023790 key is com.sun.crypto.provider.DESKey@185cd
260319 004653.372|INFO|Thread-83|log|Generating Unencrypted Public Key Packet
260319 004653.372|INFO|Thread-83|log|checking key:= SunJCE Diffie-Hellman Public Key:
y:
    2bfaa8fc 9c49e8ce ca662fc5 6347d293 d25c057b becc0775 cd127d38 b1b20d16
    613f12c2 7fd8de7a 7b909abd fcba162f d993548e 795bacad 51e28cf1 8eceb05d
    23ebdced 9fef5de8 433a550d 23cd3973 7968224e 8ae98118 781504a4 96e02347
    e0130e43 813ac139 3d7ca89b 7fae2b17 49de7133 1e6ad07a 7248e43c 6d8e388c
p:
    f488fd58 4e49dbcd 20b49de4 9107366b 336c380d 451d0f7c 88b31c7c 5b2d8ef6
    f3c923c0 43f0a55b 188d8ebb 558cb85d 38d334fd 7c175743 a31d186c de33212c
    b52aff3c e1b12940 18118d7c 84a70a72 d686c403 19c80729 7aca950c d9969fab
    d00a509b 0246d308 3d66a45d 419f9c7c bd894b22 1926baab a25ec355 e92f78c7
g:
    02
l:
    512
260319 004653.372|INFO|Thread-83|log|packet:= edu.csus.ecs.pc2.core.transport.TransportWrapper@28a6c80b
260319 004653.385|INFO|Thread-83|log|public void receive(SealedObject TransportPacket, ConnectionHandlerID connectionHandlerID)
260319 004653.389|INFO|Thread-85|log| receiveObject(S) start got Packet[LOGIN_SUCCESS] #112 SERVER0 @ site 1 -> TEAM1 @ site 1
260319 004653.389|INFO|Thread-85|log|Packet LOGIN_SUCCESS (Seq #112, o#112 ) recieveObject
260319 004653.389|INFO|Thread-85|log|  From: SERVER0 @ site 1, oSERVER0 @ site 1 (lilsaados @ 169.254.83.107) (Contest Id: Default--8030075252927918473)
260319 004653.389|INFO|Thread-85|log|    To: TEAM1 @ site 1
260319 004653.390|INFO|Thread-85|log|   key: ACCOUNT_ARRAY is: [Ledu.csus.ecs.pc2.core.model.Account; [Ledu.csus.ecs.pc2.core.model.Account;@40729a70
260319 004653.390|INFO|Thread-85|log|   key: GENERAL_PROBLEM is: edu.csus.ecs.pc2.core.model.Problem General
260319 004653.390|INFO|Thread-85|log|   key: SERVER_CLOCK_OFFSET is: java.util.GregorianCalendar java.util.GregorianCalendar[time=1773874013383,areFieldsSet=true,areAllFieldsSet=false,lenient=true,zone=sun.util.calendar.ZoneInfo[id="GMT",offset=0,dstSavings=0,useDaylight=false,transitions=0,lastRule=null],firstDayOfWeek=1,minimalDaysInFirstWeek=1,ERA=1,YEAR=2026,MONTH=2,WEEK_OF_YEAR=12,WEEK_OF_MONTH=3,DAY_OF_MONTH=18,DAY_OF_YEAR=77,DAY_OF_WEEK=4,DAY_OF_WEEK_IN_MONTH=3,AM_PM=1,HOUR=10,HOUR_OF_DAY=22,MINUTE=46,SECOND=53,MILLISECOND=383,ZONE_OFFSET=0,DST_OFFSET=0]
260319 004653.390|INFO|Thread-85|log|   key: JUDGEMENT_LIST is: [Ledu.csus.ecs.pc2.core.model.Judgement; [Ledu.csus.ecs.pc2.core.model.Judgement;@4eb56c0e
260319 004653.390|INFO|Thread-85|log|   key: PROBLEM_DATA_FILES is: [Ledu.csus.ecs.pc2.core.model.ProblemDataFiles; [Ledu.csus.ecs.pc2.core.model.ProblemDataFiles;@4a8af100
260319 004653.390|INFO|Thread-85|log|   key: LANGUAGE_LIST is: [Ledu.csus.ecs.pc2.core.model.Language; [Ledu.csus.ecs.pc2.core.model.Language;@f886635
260319 004653.390|INFO|Thread-85|log|   key: PROFILE is: edu.csus.ecs.pc2.core.model.Profile Default-917756220166097124
260319 004653.390|INFO|Thread-85|log|   key: BALLOON_SETTINGS_LIST is: [Ledu.csus.ecs.pc2.core.model.BalloonSettings; [Ledu.csus.ecs.pc2.core.model.BalloonSettings;@5bfdccae
260319 004653.390|INFO|Thread-85|log|   key: REMOTE_LOGGED_IN_USERS is: [Ledu.csus.ecs.pc2.core.model.ClientId; [Ledu.csus.ecs.pc2.core.model.ClientId;@3e4d0ec3
260319 004653.390|INFO|Thread-85|log|   key: CLARIFICATION_LIST is: [Ledu.csus.ecs.pc2.core.model.Clarification; [Ledu.csus.ecs.pc2.core.model.Clarification;@23d2fafb
260319 004653.390|INFO|Thread-85|log|   key: CONTEST_IDENTIFIER is: java.lang.String Default--8030075252927918473
260319 004653.390|INFO|Thread-85|log|   key: PROBLEM_LIST is: [Ledu.csus.ecs.pc2.core.model.Problem; [Ledu.csus.ecs.pc2.core.model.Problem;@6fa7997a
260319 004653.390|INFO|Thread-85|log|   key: SITE_NUMBER is: java.lang.Integer 1
260319 004653.390|INFO|Thread-85|log|   key: CATEGORY_LIST is: [Ledu.csus.ecs.pc2.core.model.Category; [Ledu.csus.ecs.pc2.core.model.Category;@5a8ab09c
260319 004653.390|INFO|Thread-85|log|   key: CLIENT_SETTINGS_LIST is: [Ledu.csus.ecs.pc2.core.model.ClientSettings; [Ledu.csus.ecs.pc2.core.model.ClientSettings;@ce78618
260319 004653.390|INFO|Thread-85|log|   key: LOCAL_LOGGED_IN_USERS is: [Ledu.csus.ecs.pc2.core.model.ClientId; [Ledu.csus.ecs.pc2.core.model.ClientId;@38d6b05d
260319 004653.390|INFO|Thread-85|log|   key: CLIENT_ID is: edu.csus.ecs.pc2.core.model.ClientId TEAM1 @ site 1
260319 004653.390|INFO|Thread-85|log|   key: GROUP_LIST is: [Ledu.csus.ecs.pc2.core.model.Group; [Ledu.csus.ecs.pc2.core.model.Group;@6be98274
260319 004653.390|INFO|Thread-85|log|   key: CONNECTION_HANDLE_ID_LIST is: [Ledu.csus.ecs.pc2.core.transport.ConnectionHandlerID; [Ledu.csus.ecs.pc2.core.transport.ConnectionHandlerID;@6468c1c5
260319 004653.390|INFO|Thread-85|log|   key: CONTEST_TIME is: edu.csus.ecs.pc2.core.model.ContestTime edu.csus.ecs.pc2.core.model.ContestTime@540f5c16
260319 004653.391|INFO|Thread-85|log|   key: PROFILE_LIST is: [Ledu.csus.ecs.pc2.core.model.Profile; [Ledu.csus.ecs.pc2.core.model.Profile;@59564a92
260319 004653.391|INFO|Thread-85|log|   key: CONTEST_TIME_LIST is: [Ledu.csus.ecs.pc2.core.model.ContestTime; [Ledu.csus.ecs.pc2.core.model.ContestTime;@7e0b89ee
260319 004653.391|INFO|Thread-85|log|   key: CONTEST_INFORMATION is: edu.csus.ecs.pc2.core.model.ContestInformation edu.csus.ecs.pc2.core.model.ContestInformation@5c4f0903
260319 004653.391|INFO|Thread-85|log|   key: SITE_LIST is: [Ledu.csus.ecs.pc2.core.model.Site; [Ledu.csus.ecs.pc2.core.model.Site;@720e0170
260319 004653.391|INFO|Thread-85|log|   key: RUN_LIST is: [Ledu.csus.ecs.pc2.core.model.Run; [Ledu.csus.ecs.pc2.core.model.Run;@1967c779
260319 004653.391|INFO|Thread-85|log|handlePacket start Packet[LOGIN_SUCCESS] #112 SERVER0 @ site 1 -> TEAM1 @ site 1
260319 004653.391|INFO|Thread-85|log|Packet LOGIN_SUCCESS (Seq #112, o#112 ) handlePacket
260319 004653.391|INFO|Thread-85|log|  From: SERVER0 @ site 1, oSERVER0 @ site 1 (lilsaados @ 169.254.83.107) (Contest Id: Default--8030075252927918473)
260319 004653.391|INFO|Thread-85|log|    To: TEAM1 @ site 1
260319 004653.391|INFO|Thread-85|log|   key: ACCOUNT_ARRAY is: [Ledu.csus.ecs.pc2.core.model.Account; [Ledu.csus.ecs.pc2.core.model.Account;@40729a70
260319 004653.391|INFO|Thread-85|log|   key: GENERAL_PROBLEM is: edu.csus.ecs.pc2.core.model.Problem General
260319 004653.391|INFO|Thread-85|log|   key: SERVER_CLOCK_OFFSET is: java.util.GregorianCalendar java.util.GregorianCalendar[time=1773874013383,areFieldsSet=true,areAllFieldsSet=false,lenient=true,zone=sun.util.calendar.ZoneInfo[id="GMT",offset=0,dstSavings=0,useDaylight=false,transitions=0,lastRule=null],firstDayOfWeek=1,minimalDaysInFirstWeek=1,ERA=1,YEAR=2026,MONTH=2,WEEK_OF_YEAR=12,WEEK_OF_MONTH=3,DAY_OF_MONTH=18,DAY_OF_YEAR=77,DAY_OF_WEEK=4,DAY_OF_WEEK_IN_MONTH=3,AM_PM=1,HOUR=10,HOUR_OF_DAY=22,MINUTE=46,SECOND=53,MILLISECOND=383,ZONE_OFFSET=0,DST_OFFSET=0]
260319 004653.391|INFO|Thread-85|log|   key: JUDGEMENT_LIST is: [Ledu.csus.ecs.pc2.core.model.Judgement; [Ledu.csus.ecs.pc2.core.model.Judgement;@4eb56c0e
260319 004653.391|INFO|Thread-85|log|   key: PROBLEM_DATA_FILES is: [Ledu.csus.ecs.pc2.core.model.ProblemDataFiles; [Ledu.csus.ecs.pc2.core.model.ProblemDataFiles;@4a8af100
260319 004653.391|INFO|Thread-85|log|   key: LANGUAGE_LIST is: [Ledu.csus.ecs.pc2.core.model.Language; [Ledu.csus.ecs.pc2.core.model.Language;@f886635
260319 004653.391|INFO|Thread-85|log|   key: PROFILE is: edu.csus.ecs.pc2.core.model.Profile Default-917756220166097124
260319 004653.391|INFO|Thread-85|log|   key: BALLOON_SETTINGS_LIST is: [Ledu.csus.ecs.pc2.core.model.BalloonSettings; [Ledu.csus.ecs.pc2.core.model.BalloonSettings;@5bfdccae
260319 004653.391|INFO|Thread-85|log|   key: REMOTE_LOGGED_IN_USERS is: [Ledu.csus.ecs.pc2.core.model.ClientId; [Ledu.csus.ecs.pc2.core.model.ClientId;@3e4d0ec3
260319 004653.391|INFO|Thread-85|log|   key: CLARIFICATION_LIST is: [Ledu.csus.ecs.pc2.core.model.Clarification; [Ledu.csus.ecs.pc2.core.model.Clarification;@23d2fafb
260319 004653.391|INFO|Thread-85|log|   key: CONTEST_IDENTIFIER is: java.lang.String Default--8030075252927918473
260319 004653.391|INFO|Thread-85|log|   key: PROBLEM_LIST is: [Ledu.csus.ecs.pc2.core.model.Problem; [Ledu.csus.ecs.pc2.core.model.Problem;@6fa7997a
260319 004653.391|INFO|Thread-85|log|   key: SITE_NUMBER is: java.lang.Integer 1
260319 004653.391|INFO|Thread-85|log|   key: CATEGORY_LIST is: [Ledu.csus.ecs.pc2.core.model.Category; [Ledu.csus.ecs.pc2.core.model.Category;@5a8ab09c
260319 004653.391|INFO|Thread-85|log|   key: CLIENT_SETTINGS_LIST is: [Ledu.csus.ecs.pc2.core.model.ClientSettings; [Ledu.csus.ecs.pc2.core.model.ClientSettings;@ce78618
260319 004653.391|INFO|Thread-85|log|   key: LOCAL_LOGGED_IN_USERS is: [Ledu.csus.ecs.pc2.core.model.ClientId; [Ledu.csus.ecs.pc2.core.model.ClientId;@38d6b05d
260319 004653.391|INFO|Thread-85|log|   key: CLIENT_ID is: edu.csus.ecs.pc2.core.model.ClientId TEAM1 @ site 1
260319 004653.391|INFO|Thread-85|log|   key: GROUP_LIST is: [Ledu.csus.ecs.pc2.core.model.Group; [Ledu.csus.ecs.pc2.core.model.Group;@6be98274
260319 004653.391|INFO|Thread-85|log|   key: CONNECTION_HANDLE_ID_LIST is: [Ledu.csus.ecs.pc2.core.transport.ConnectionHandlerID; [Ledu.csus.ecs.pc2.core.transport.ConnectionHandlerID;@6468c1c5
260319 004653.391|INFO|Thread-85|log|   key: CONTEST_TIME is: edu.csus.ecs.pc2.core.model.ContestTime edu.csus.ecs.pc2.core.model.ContestTime@540f5c16
260319 004653.391|INFO|Thread-85|log|   key: PROFILE_LIST is: [Ledu.csus.ecs.pc2.core.model.Profile; [Ledu.csus.ecs.pc2.core.model.Profile;@59564a92
260319 004653.391|INFO|Thread-85|log|   key: CONTEST_TIME_LIST is: [Ledu.csus.ecs.pc2.core.model.ContestTime; [Ledu.csus.ecs.pc2.core.model.ContestTime;@7e0b89ee
260319 004653.391|INFO|Thread-85|log|   key: CONTEST_INFORMATION is: edu.csus.ecs.pc2.core.model.ContestInformation edu.csus.ecs.pc2.core.model.ContestInformation@5c4f0903
260319 004653.391|INFO|Thread-85|log|   key: SITE_LIST is: [Ledu.csus.ecs.pc2.core.model.Site; [Ledu.csus.ecs.pc2.core.model.Site;@720e0170
260319 004653.391|INFO|Thread-85|log|   key: RUN_LIST is: [Ledu.csus.ecs.pc2.core.model.Run; [Ledu.csus.ecs.pc2.core.model.Run;@1967c779
260319 005028.473|INFO|Thread-83|log|connectionDropped(ConnectionHandlerID myConnectionID) 
